global {'parameters': [-0.22410332816188985, 0.3456399675440698, 0.2913897245567083], 'scores': {'train': {'n': 89, 'RMSE_kms': 19.77102768645607, 'log_RMSE_dex': 0.10618931822680244}, 'validation': {'n': 29, 'RMSE_kms': 26.880884381636175, 'log_RMSE_dex': 0.09420397669789041}, 'test': {'n': 31, 'RMSE_kms': 16.562358030833508, 'log_RMSE_dex': 0.07486964847744061}}, 'cluster_ratios': [np.float64(1.104285038101823), np.float64(1.1987266453677525), np.float64(1.1402581457004461), np.float64(1.1318586828742643), np.float64(1.1448689988401737), np.float64(1.0919003134623722), np.float64(0.9807092973790709), np.float64(1.0906757590459168), np.float64(1.25926253909935), np.float64(1.1445348435082265), np.float64(1.4083392757313005)], 'cluster_median': 1.1402581457004461, 'bootstrap_parameter_and_cluster_median_95': [[-0.3431222369201291, 0.22673959706732466, 0.029808832541896795, 0.8245231317444585], [-0.13393918838154564, 0.4372393320145433, 0.5402230886279679, 1.722669723556311]], 'cluster_fstar_sensitivity': {'0.01': 1.1921889053809795, '0.02': 1.1402581457004461, '0.03': 1.091249468249727}}
pointwise {'parameters': [-0.1555587616198613, 0.31313148810367053, 0.2651402677380598], 'scores': {'train': {'n': 89, 'RMSE_kms': 19.908488278024976, 'log_RMSE_dex': 0.10647966112451855}, 'validation': {'n': 29, 'RMSE_kms': 26.47369199895039, 'log_RMSE_dex': 0.09349543669984296}, 'test': {'n': 31, 'RMSE_kms': 16.94616684578188, 'log_RMSE_dex': 0.07375786038537373}}, 'cluster_ratios': [np.float64(0.9041564905351092), np.float64(0.9768711351216232), np.float64(0.918740552754005), np.float64(0.9204806710960516), np.float64(0.9486661243263216), np.float64(0.8940536182323603), np.float64(0.8146668365696372), np.float64(0.8869441856592134), np.float64(1.034824886837373), np.float64(0.9268852733111704), np.float64(1.1448369139814958)], 'cluster_median': 0.9204806710960516, 'bootstrap_parameter_and_cluster_median_95': [[-0.24582168962166132, 0.19492198983929054, 0.03199753011358719, 0.6053507822597359], [-0.04831677370735783, 0.43174777304387024, 0.4729027221549972, 1.5772823010938781]], 'cluster_fstar_sensitivity': {'0.01': 0.9589636479924316, '0.02': 0.9204806710960516, '0.03': 0.8851426193444146}}
{
  "controls": {
    "external_constant": {
      "cv_scores": {
        "n": 26,
        "RMSE_kms": 33.132979727778896,
        "log_RMSE_dex": 0.09585493111676192
      },
      "parameters_by_fold": [
        [
          9.791644612867163
        ],
        [
          9.831315612118674
        ],
        [
          9.822893435192084
        ],
        [
          9.837126533579408
        ],
        [
          9.835928748575961
        ]
      ]
    },
    "mix_constant": {
      "cv_scores": {
        "n": 26,
        "RMSE_kms": 28.37194945368281,
        "log_RMSE_dex": 0.08544867670560032
      },
      "parameters_by_fold": [
        [
          8.769274282643904,
          9.531729976967265
        ],
        [
          8.693221939486769,
          9.653925454248483
        ],
        [
          8.744638135032657,
          9.656513976011828
        ],
        [
          8.68362047596182,
          9.673227386462639
        ],
        [
          8.708089297343994,
          9.670727224740162
        ]
      ]
    },
    "external_boundary_0.1": {
      "cv_scores": {
        "n": 26,
        "RMSE_kms": 48.02071804497419,
        "log_RMSE_dex": 0.17209975505754915
      },
      "parameters_by_fold": [
        [
          10.07891761340153
        ],
        [
          10.074241198710324
        ],
        [
          10.054040828159055
        ],
        [
          10.100878718527493
        ],
        [
          10.095402875830352
        ]
      ]
    },
    "external_boundary_0.3": {
      "cv_scores": {
        "n": 26,
        "RMSE_kms": 37.59464327053701,
        "log_RMSE_dex": 0.11168653406605307
      },
      "parameters_by_fold": [
        [
          9.993876041239126
        ],
        [
          9.99885846862022
        ],
        [
          10.012551120347183
        ],
        [
          10.018743003542605
        ],
        [
          10.010183591397494
        ]
      ]
    },
    "external_boundary_1.0": {
      "cv_scores": {
        "n": 26,
        "RMSE_kms": 32.955740096539785,
        "log_RMSE_dex": 0.09825789978644763
      },
      "parameters_by_fold": [
        [
          9.845057337726058
        ],
        [
          9.871414714257014
        ],
        [
          9.870161372101192
        ],
        [
          9.892483323023203
        ],
        [
          9.86751231659333
        ]
      ]
    }
  },
  "response": {
    "global": {
      "parameters": [
        -0.22410332816188985,
        0.3456399675440698,
        0.2913897245567083
      ],
      "scores": {
        "train": {
          "n": 89,
          "RMSE_kms": 19.77102768645607,
          "log_RMSE_dex": 0.10618931822680244
        },
        "validation": {
          "n": 29,
          "RMSE_kms": 26.880884381636175,
          "log_RMSE_dex": 0.09420397669789041
        },
        "test": {
          "n": 31,
          "RMSE_kms": 16.562358030833508,
          "log_RMSE_dex": 0.07486964847744061
        }
      },
      "cluster_ratios": [
        1.104285038101823,
        1.1987266453677525,
        1.1402581457004461,
        1.1318586828742643,
        1.1448689988401737,
        1.0919003134623722,
        0.9807092973790709,
        1.0906757590459168,
        1.25926253909935,
        1.1445348435082265,
        1.4083392757313005
      ],
      "cluster_median": 1.1402581457004461,
      "bootstrap_parameter_and_cluster_median_95": [
        [
          -0.3431222369201291,
          0.22673959706732466,
          0.029808832541896795,
          0.8245231317444585
        ],
        [
          -0.13393918838154564,
          0.4372393320145433,
          0.5402230886279679,
          1.722669723556311
        ]
      ],
      "cluster_fstar_sensitivity": {
        "0.01": 1.1921889053809795,
        "0.02": 1.1402581457004461,
        "0.03": 1.091249468249727
      }
    },
    "pointwise": {
      "parameters": [
        -0.1555587616198613,
        0.31313148810367053,
        0.2651402677380598
      ],
      "scores": {
        "train": {
          "n": 89,
          "RMSE_kms": 19.908488278024976,
          "log_RMSE_dex": 0.10647966112451855
        },
        "validation": {
          "n": 29,
          "RMSE_kms": 26.47369199895039,
          "log_RMSE_dex": 0.09349543669984296
        },
        "test": {
          "n": 31,
          "RMSE_kms": 16.94616684578188,
          "log_RMSE_dex": 0.07375786038537373
        }
      },
      "cluster_ratios": [
        0.9041564905351092,
        0.9768711351216232,
        0.918740552754005,
        0.9204806710960516,
        0.9486661243263216,
        0.8940536182323603,
        0.8146668365696372,
        0.8869441856592134,
        1.034824886837373,
        0.9268852733111704,
        1.1448369139814958
      ],
      "cluster_median": 0.9204806710960516,
      "bootstrap_parameter_and_cluster_median_95": [
        [
          -0.24582168962166132,
          0.19492198983929054,
          0.03199753011358719,
          0.6053507822597359
        ],
        [
          -0.04831677370735783,
          0.43174777304387024,
          0.4729027221549972,
          1.5772823010938781
        ]
      ],
      "cluster_fstar_sensitivity": {
        "0.01": 0.9589636479924316,
        "0.02": 0.9204806710960516,
        "0.03": 0.8851426193444146
      }
    }
  },
  "illumination_distance_sensitivity": {
    "assumption": "independent 20% log-distance perturbations; illustrative, not published distance errors",
    "median_across_galaxies_of_each_individual_95_interval": [
      0.9029202523534798,
      1.0791319471403797
    ]
  }
}
