{
  "max_absolute_force_energy_derivative_error": 6.393076172617196e-13,
  "max_net_force": 1.2643861424099487e-18,
  "max_one_point_coherence": 0.0,
  "energy_function_derivative_error": 4.367506356572903e-12,
  "min_positive_mixture_exponent": 2.011173939714253
}
0 0.0 0.0 0.0 0.0
1 -0.0036453562371227444 1.0 0.2226616540084861 0.2771025191151733
2 -0.006284179345913378 1.7172797791430208 0.39652112704792164 0.4555967735642589
3 -0.007879582835704144 2.148829747125921 0.49899751046947266 0.5655594108825358
4 -0.008414982310481947 2.2930277032760076 0.5274931859329817 0.6089346740039556
5 -0.007879582835704144 2.1488297471259203 0.49899751046947244 0.5655594108825357
6 -0.006284179345913378 1.7172797791430212 0.3965211270479219 0.4555967735642581
7 -0.003645356237122742 1.0000000000000004 0.22266165400848598 0.2771025191151737
8 0.0 0.0 0.0 0.0
[
  {
    "local_energy": "linear",
    "mass_exponent": 1.0,
    "distance_exponent": 3.0
  },
  {
    "local_energy": "root",
    "mass_exponent": 0.5,
    "distance_exponent": 2.0
  },
  {
    "local_energy": "log",
    "mass_exponent": 0.0,
    "distance_exponent": 1.0
  }
]
