[    2 s]     two-way kappa  0.0 seed 1 k   8: spread 6.2e-03, keeping step 0.17, 0.29, 0.16, 0.13, two-way share 1.00
[    2 s]     two-way kappa  0.0 seed 2 k   0: spread 3.1e-04, keeping step 0.73, 0.04, 0.57, 0.04, two-way share 1.00
[    2 s]     two-way kappa  0.0 seed 2 k   8: spread 3.9e-03, keeping step 0.11, 0.16, 0.06, 0.04, two-way share 1.00
[    2 s]     two-way kappa  0.0 seed 1 k   0: spread 2.9e-04, keeping step 0.48, 0.67, 0.20, 0.65, two-way share 1.00
[    3 s]     two-way kappa  0.0 seed 3 k   0: spread 3.3e-04, keeping step 0.35, 0.15, 0.06, 0.76, two-way share 1.00
[    3 s] radius mask kappa  0.0 seed 1 k   8: spread 1.6e-04, keeping step 0.93, 0.94, 0.64, 0.91, two-way share 0.00
[    3 s] radius mask kappa  0.0 seed 1 k   0: spread 1.4e-04, keeping step 0.97, 0.97, 0.59, 0.84, two-way share 0.00
[    3 s]     two-way kappa  0.0 seed 3 k   8: spread 3.6e-03, keeping step 0.29, 0.23, 0.07, 0.10, two-way share 1.00
[    5 s] radius mask kappa  0.0 seed 2 k   0: spread 2.3e-04, keeping step 0.68, 0.65, 0.32, 0.79, two-way share 0.00
[    5 s] radius mask kappa  0.0 seed 3 k   8: spread 1.8e-05, keeping step 1.00, 1.00, 0.95, 0.58, two-way share 0.00
[    5 s] radius mask kappa  0.0 seed 2 k   8: spread 1.6e-05, keeping step 1.00, 0.93, 0.97, 0.95, two-way share 0.00
[    5 s] radius mask kappa  0.0 seed 3 k   0: spread 8.4e-05, keeping step 0.99, 0.75, 0.86, 0.66, two-way share 0.00
[    7 s]      inward kappa  2.3 seed 1 k   0: spread 3.4e-04, keeping step 0.67, 0.28, 0.33, 0.03, two-way share 0.34
[    7 s]      inward kappa  2.3 seed 1 k   8: spread 2.8e-03, keeping step 0.59, 0.65, 0.51, 0.43, two-way share 0.34
[    7 s]      inward kappa  2.3 seed 2 k   8: spread 5.8e-03, keeping step 0.65, 0.72, 0.59, 0.61, two-way share 0.38
[    7 s]      inward kappa  2.3 seed 2 k   0: spread 3.8e-04, keeping step 0.46, 0.19, 0.15, 0.22, two-way share 0.38
[    8 s]      inward kappa  2.3 seed 3 k   0: spread 2.8e-04, keeping step 0.26, 0.87, 0.34, 0.50, two-way share 0.36
[    8 s]      inward kappa  2.3 seed 3 k   8: spread 3.7e-03, keeping step 0.28, 0.22, 0.16, 0.13, two-way share 0.36
[    8 s]      inward kappa  5.0 seed 1 k   8: spread 2.8e-03, keeping step 0.90, 0.42, 0.73, 0.50, two-way share 0.15
[    8 s]      inward kappa  5.0 seed 1 k   0: spread 1.8e-04, keeping step 0.87, 0.83, 0.54, 0.60, two-way share 0.15
[   10 s]      inward kappa  5.0 seed 2 k   0: spread 3.1e-04, keeping step 0.85, 0.75, 0.30, 0.68, two-way share 0.20
[   10 s]      inward kappa  5.0 seed 2 k   8: spread 5.6e-03, keeping step 0.78, 0.86, 0.72, 0.81, two-way share 0.20
[   10 s]      inward kappa  5.0 seed 3 k   8: spread 2.3e-03, keeping step 0.55, 0.59, 0.37, 0.29, two-way share 0.16
[   10 s]      inward kappa  5.0 seed 3 k   0: spread 2.8e-04, keeping step 0.53, 0.18, 0.44, -0.00, two-way share 0.16
[   11 s]      inward kappa 10.0 seed 1 k   0: spread 6.3e-05, keeping step 0.96, 0.76, 0.88, 0.41, two-way share 0.06
[   12 s]      inward kappa 10.0 seed 1 k   8: spread 2.1e-03, keeping step 0.85, 0.86, 0.95, 0.45, two-way share 0.06
[   12 s]      inward kappa 10.0 seed 2 k   0: spread 1.8e-04, keeping step 0.86, 0.56, 0.27, 0.25, two-way share 0.11
[   12 s]      inward kappa 10.0 seed 2 k   8: spread 4.6e-03, keeping step 0.95, 0.65, 0.78, 0.53, two-way share 0.11
[   13 s]      inward kappa 10.0 seed 3 k   0: spread 1.9e-04, keeping step 0.62, 0.46, 0.26, 0.43, two-way share 0.06
[   13 s]      inward kappa 10.0 seed 3 k   8: spread 2.3e-03, keeping step 0.65, 0.60, 0.71, 0.38, two-way share 0.06
[   13 s]      inward kappa 20.0 seed 1 k   0: spread 4.6e-05, keeping step 1.00, 0.97, 0.90, 0.32, two-way share 0.01
[   13 s]      inward kappa 20.0 seed 1 k   8: spread 1.8e-03, keeping step 0.85, 0.90, 0.65, 0.14, two-way share 0.01
[   15 s]      inward kappa 20.0 seed 2 k   0: spread 1.8e-04, keeping step 0.80, 0.86, 0.36, 0.72, two-way share 0.05
[   15 s]      inward kappa 20.0 seed 3 k   0: spread 1.1e-04, keeping step 0.96, 0.64, 0.54, 0.51, two-way share 0.02
[   15 s]      inward kappa 20.0 seed 2 k   8: spread 3.5e-03, keeping step 0.88, 0.86, 0.85, 0.77, two-way share 0.05
[   15 s]      inward kappa 20.0 seed 3 k   8: spread 1.5e-03, keeping step 0.99, 0.87, 0.99, 0.91, two-way share 0.02
[   16 s]     kinetic kappa  1.0 seed 1 k   0: spread 4.3e-04, keeping step 0.68, 0.65, 0.28, 0.12, two-way share 0.56
[   17 s]     kinetic kappa  1.0 seed 1 k   8: spread 5.1e-03, keeping step 0.06, 0.01, 0.08, 0.04, two-way share 0.56
[   17 s]     kinetic kappa  1.0 seed 2 k   0: spread 3.9e-04, keeping step 0.48, 0.35, 0.26, 0.62, two-way share 0.60
[   17 s]     kinetic kappa  1.0 seed 2 k   8: spread 4.9e-03, keeping step 0.14, 0.01, -0.13, 0.07, two-way share 0.60
[   18 s]     kinetic kappa  1.0 seed 3 k   0: spread 3.1e-04, keeping step 0.30, 0.41, 0.45, 0.74, two-way share 0.60
[   18 s]     kinetic kappa  1.0 seed 3 k   8: spread 2.8e-03, keeping step 0.45, 0.36, 0.27, 0.01, two-way share 0.60
[   18 s]     kinetic kappa  2.3 seed 1 k   0: spread 2.7e-04, keeping step 0.56, 0.52, 0.67, -0.09, two-way share 0.30
[   18 s]     kinetic kappa  2.3 seed 1 k   8: spread 4.0e-03, keeping step 0.12, 0.20, 0.12, -0.06, two-way share 0.30
[   20 s]     kinetic kappa  2.3 seed 2 k   0: spread 2.6e-04, keeping step 0.47, 0.69, 0.54, 0.58, two-way share 0.36
[   20 s]     kinetic kappa  2.3 seed 2 k   8: spread 3.9e-03, keeping step 0.29, 0.24, 0.13, 0.03, two-way share 0.36
[   20 s]     kinetic kappa  2.3 seed 3 k   0: spread 3.1e-04, keeping step 0.31, 0.11, 0.41, 0.71, two-way share 0.33
[   20 s]     kinetic kappa  2.3 seed 3 k   8: spread 2.1e-03, keeping step 0.61, 0.69, 0.58, 0.33, two-way share 0.33
[   21 s]     kinetic kappa  5.0 seed 1 k   0: spread 1.2e-04, keeping step 0.75, 0.40, 0.22, -0.24, two-way share 0.14
[   21 s]     kinetic kappa  5.0 seed 1 k   8: spread 1.6e-03, keeping step 0.42, 0.28, 0.69, -0.38, two-way share 0.14
[   21 s]     kinetic kappa  5.0 seed 2 k   0: spread 1.6e-04, keeping step 0.67, -0.12, 0.75, -0.23, two-way share 0.18
[   22 s]     kinetic kappa  5.0 seed 2 k   8: spread 2.3e-03, keeping step 0.70, 0.20, 0.47, 0.64, two-way share 0.18
[   23 s]     kinetic kappa  5.0 seed 3 k   0: spread 1.3e-04, keeping step 0.79, 0.24, 0.39, 0.40, two-way share 0.13
[   23 s]     kinetic kappa  5.0 seed 3 k   8: spread 7.0e-04, keeping step 0.67, 0.50, 0.50, 0.36, two-way share 0.13
[   23 s]     kinetic kappa 10.0 seed 1 k   0: spread 6.2e-05, keeping step 0.46, 0.67, -0.14, -0.12, two-way share 0.06
[   23 s]     kinetic kappa 10.0 seed 1 k   8: spread 1.2e-03, keeping step 0.49, 0.30, -0.14, -0.27, two-way share 0.06
[   24 s]     kinetic kappa 10.0 seed 2 k   0: spread 8.9e-05, keeping step 0.05, 0.31, 0.83, -0.05, two-way share 0.09
[   24 s]     kinetic kappa 10.0 seed 2 k   8: spread 1.1e-03, keeping step 0.62, 0.61, 0.22, 0.55, two-way share 0.09
[   24 s]     kinetic kappa 10.0 seed 3 k   0: spread 3.8e-05, keeping step 0.84, -0.02, 0.69, 0.64, two-way share 0.03
[   25 s]     kinetic kappa 10.0 seed 3 k   8: spread 1.6e-04, keeping step 0.65, 0.48, 0.54, 0.16, two-way share 0.03
    two-way kappa  0.0: spread cold 3.1e-04 warm 4.5e-03; keeping step warm 0.19, 0.23, 0.10, 0.09 (cold 0.52, 0.29, 0.28, 0.48); two-way share 1.00
radius mask kappa  0.0: spread cold 1.5e-04 warm 6.3e-05; keeping step warm 0.98, 0.96, 0.85, 0.81 (cold 0.88, 0.79, 0.59, 0.76); two-way share 0.00
     inward kappa  2.3: spread cold 3.4e-04 warm 4.1e-03; keeping step warm 0.51, 0.53, 0.42, 0.39 (cold 0.46, 0.45, 0.27, 0.25); two-way share 0.36
     inward kappa  5.0: spread cold 2.6e-04 warm 3.6e-03; keeping step warm 0.74, 0.63, 0.60, 0.53 (cold 0.75, 0.59, 0.43, 0.42); two-way share 0.17
     inward kappa 10.0: spread cold 1.4e-04 warm 3.0e-03; keeping step warm 0.81, 0.70, 0.81, 0.45 (cold 0.82, 0.59, 0.47, 0.36); two-way share 0.08
     inward kappa 20.0: spread cold 1.1e-04 warm 2.3e-03; keeping step warm 0.91, 0.88, 0.83, 0.61 (cold 0.92, 0.82, 0.60, 0.52); two-way share 0.03
    kinetic kappa  1.0: spread cold 3.8e-04 warm 4.3e-03; keeping step warm 0.22, 0.13, 0.07, 0.04 (cold 0.49, 0.47, 0.33, 0.49); two-way share 0.59
    kinetic kappa  2.3: spread cold 2.8e-04 warm 3.3e-03; keeping step warm 0.34, 0.38, 0.28, 0.10 (cold 0.45, 0.44, 0.54, 0.40); two-way share 0.33
    kinetic kappa  5.0: spread cold 1.4e-04 warm 1.5e-03; keeping step warm 0.59, 0.33, 0.55, 0.21 (cold 0.74, 0.17, 0.45, -0.02); two-way share 0.15
    kinetic kappa 10.0: spread cold 6.3e-05 warm 8.2e-04; keeping step warm 0.58, 0.46, 0.21, 0.15 (cold 0.45, 0.32, 0.46, 0.16); two-way share 0.06
