validation: {"monopole": {"flux": 0.6000000000000001, "mode_loss": 0.6}, "dipole_x": {"flux": 2.0000003238061326, "mode_loss": 2.0}, "dipoles_xyz": {"flux": 2.679997845626317, "mode_loss": 2.68}, "pll_quarter_ahead": {"pull": 0.0308296550001183, "fed_over_c": 0.030835707749929647, "ratio": 0.999803709716656}}
[   50 s] free_bulk             q 0.00200 nu   0.0 seed 1: pull pll 1.4674e-03 (lead 1.000) bloch 4.6590e-04 (lead 0.933) amp 8.8040e-07; radiated 2.267e-03, bright 0.914
[   62 s] free_fastlock         q 0.00200 nu   0.0 seed 1: pull pll 1.3669e-03 (lead 1.000) bloch 4.4798e-04 (lead 0.987) amp 7.6974e-07; radiated 2.267e-03, bright 0.914
[   66 s] collisional_fastlock  q 0.00200 nu   1.0 seed 1: pull pll 1.0816e-03 (lead 0.987) bloch 1.3810e-04 (lead 0.299) amp 4.8364e-07; radiated 1.367e-03, bright 0.855
[   67 s] collisional_fastlock  q 0.00200 nu  10.0 seed 1: pull pll 5.9622e-04 (lead 0.959) bloch 1.3516e-04 (lead 0.555) amp 1.5207e-07; radiated 4.150e-04, bright 0.519
[  123 s] free_bulk             q 0.00200 nu   0.0 seed 2: pull pll 1.4971e-03 (lead 0.999) bloch 4.6750e-04 (lead 0.891) amp 8.7472e-07; radiated 2.815e-03, bright 0.931
[  127 s] collisional_fastlock  q 0.00200 nu   1.0 seed 2: pull pll 1.0568e-03 (lead 0.987) bloch 9.9826e-05 (lead 0.221) amp 4.5849e-07; radiated 1.388e-03, bright 0.857
[  136 s] free_fastlock         q 0.00200 nu   0.0 seed 2: pull pll 1.5860e-03 (lead 1.000) bloch 5.2023e-04 (lead 0.996) amp 9.9066e-07; radiated 2.815e-03, bright 0.931
[  142 s] collisional_fastlock  q 0.00200 nu  10.0 seed 2: pull pll 5.3019e-04 (lead 0.952) bloch 9.4669e-05 (lead 0.433) amp 1.1880e-07; radiated 4.172e-04, bright 0.522
[  197 s] collisional_fastlock  q 0.00200 nu   1.0 seed 3: pull pll 1.1049e-03 (lead 0.988) bloch 1.3867e-04 (lead 0.298) amp 5.0085e-07; radiated 1.389e-03, bright 0.857
[  201 s] free_bulk             q 0.00200 nu   0.0 seed 3: pull pll 1.6709e-03 (lead 0.999) bloch 5.2265e-04 (lead 0.896) amp 1.1247e-06; radiated 2.538e-03, bright 0.923
[  202 s] collisional_fastlock  q 0.00200 nu  10.0 seed 3: pull pll 6.1838e-04 (lead 0.961) bloch 1.3743e-04 (lead 0.539) amp 1.6254e-07; radiated 4.179e-04, bright 0.522
[  208 s] free_fastlock         q 0.00200 nu   0.0 seed 3: pull pll 1.5569e-03 (lead 1.000) bloch 5.1009e-04 (lead 0.991) amp 1.0140e-06; radiated 2.538e-03, bright 0.923
[  249 s] free_bulk             q 0.00200 nu   0.0 seed 4: pull pll 1.4637e-03 (lead 0.999) bloch 4.5744e-04 (lead 0.883) amp 8.6800e-07; radiated 2.601e-03, bright 0.925
[  251 s] collisional_fastlock  q 0.00200 nu   1.0 seed 4: pull pll 1.0718e-03 (lead 0.987) bloch 1.1461e-04 (lead 0.250) amp 4.7205e-07; radiated 1.376e-03, bright 0.856
[  253 s] free_fastlock         q 0.00200 nu   0.0 seed 4: pull pll 1.6145e-03 (lead 1.000) bloch 5.2242e-04 (lead 0.936) amp 1.0396e-06; radiated 2.601e-03, bright 0.925
[  255 s] collisional_fastlock  q 0.00200 nu  10.0 seed 4: pull pll 5.6406e-04 (lead 0.956) bloch 1.0940e-04 (lead 0.461) amp 1.3582e-07; radiated 4.164e-04, bright 0.521
[  295 s] free_bulk             q 0.00200 nu   0.0 seed 5: pull pll 1.7840e-03 (lead 0.999) bloch 5.7147e-04 (lead 0.942) amp 1.3121e-06; radiated 2.664e-03, bright 0.927
[  300 s] collisional_fastlock  q 0.00200 nu   1.0 seed 5: pull pll 1.0839e-03 (lead 0.988) bloch 1.1574e-04 (lead 0.250) amp 4.8447e-07; radiated 1.375e-03, bright 0.856
[  302 s] collisional_fastlock  q 0.00200 nu  10.0 seed 5: pull pll 5.8337e-04 (lead 0.957) bloch 1.1361e-04 (lead 0.459) amp 1.4603e-07; radiated 4.157e-04, bright 0.520
[  302 s] free_fastlock         q 0.00200 nu   0.0 seed 5: pull pll 1.7017e-03 (lead 1.000) bloch 5.5614e-04 (lead 0.979) amp 1.1935e-06; radiated 2.664e-03, bright 0.927
[  304 s] rest                  q 0.00000 nu   0.0 seed 1: pull pll 4.2081e-04 (lead 1.000) bloch 1.2229e-04 (lead 0.767) amp 7.6630e-08; radiated 1.996e-04, bright 0.000
[  310 s] free                  q 0.00025 nu   0.0 seed 1: pull pll 4.4221e-04 (lead 1.000) bloch 1.3923e-04 (lead 0.852) amp 8.5613e-08; radiated 2.330e-04, bright 0.143
[  311 s] free                  q 0.00100 nu   0.0 seed 1: pull pll 7.8444e-04 (lead 1.000) bloch 2.5245e-04 (lead 0.907) amp 2.4917e-07; radiated 7.288e-04, bright 0.727
[  311 s] free                  q 0.00050 nu   0.0 seed 1: pull pll 5.2720e-04 (lead 1.000) bloch 1.6453e-04 (lead 0.814) amp 1.1752e-07; radiated 3.327e-04, bright 0.401
[  314 s] free                  q 0.00200 nu   0.0 seed 1: pull pll 1.3669e-03 (lead 1.000) bloch 4.4798e-04 (lead 0.987) amp 7.6974e-07; radiated 2.267e-03, bright 0.914
[  319 s] free                  q 0.00400 nu   0.0 seed 1: pull pll 2.5209e-03 (lead 1.000) bloch 8.1860e-04 (lead 0.999) amp 2.6322e-06; radiated 7.752e-03, bright 0.976
[  321 s] free                  q 0.00800 nu   0.0 seed 1: pull pll 4.2153e-03 (lead 1.000) bloch 1.3400e-03 (lead 1.000) amp 7.3549e-06; radiated 2.195e-02, bright 0.993
[  321 s] free                  q 0.01600 nu   0.0 seed 1: pull pll 4.9520e-03 (lead 1.000) bloch 1.5544e-03 (lead 0.990) amp 1.0376e-05; radiated 3.205e-02, bright 0.997
[  324 s] collisional           q 0.00200 nu   0.3 seed 1: pull pll 5.8386e-04 (lead 0.360) bloch 1.5029e-04 (lead 0.269) amp 7.3440e-07; radiated 2.021e-03, bright 0.902
[  332 s] collisional           q 0.00200 nu   1.0 seed 1: pull pll 4.7628e-04 (lead 0.352) bloch 1.4245e-04 (lead 0.307) amp 5.0280e-07; radiated 1.391e-03, bright 0.857
[  334 s] collisional           q 0.00200 nu   3.0 seed 1: pull pll 4.5026e-04 (lead 0.438) bloch 1.3839e-04 (lead 0.396) amp 2.9144e-07; radiated 7.998e-04, bright 0.751
[  334 s] collisional           q 0.00200 nu  10.0 seed 1: pull pll 4.3503e-04 (lead 0.595) bloch 1.3626e-04 (lead 0.550) amp 1.5710e-07; radiated 4.233e-04, bright 0.528
[  336 s] collisional           q 0.00200 nu  30.0 seed 1: pull pll 4.2850e-04 (lead 0.734) bloch 1.3542e-04 (lead 0.681) amp 1.1018e-07; radiated 2.920e-04, bright 0.317
[  338 s] stop                  q 0.00400 nu   0.0 seed 1: pull pll 4.0268e-04 (lead 1.000) bloch 6.1128e-05 (lead 0.308) amp 7.0239e-08; radiated 1.851e-04, bright 0.000
[  343 s] rest                  q 0.00000 nu   0.0 seed 2: pull pll 3.2849e-04 (lead 1.000) bloch 9.7514e-05 (lead 0.804) amp 4.2385e-08; radiated 1.996e-04, bright 0.000
[  344 s] free                  q 0.00025 nu   0.0 seed 2: pull pll 3.8035e-04 (lead 1.000) bloch 1.1416e-04 (lead 0.825) amp 5.7847e-08; radiated 2.421e-04, bright 0.176
[  345 s] free                  q 0.00050 nu   0.0 seed 2: pull pll 5.0496e-04 (lead 1.000) bloch 1.5756e-04 (lead 0.927) amp 1.0402e-07; radiated 3.692e-04, bright 0.460
[  348 s] free                  q 0.00100 nu   0.0 seed 2: pull pll 8.5238e-04 (lead 1.000) bloch 2.8079e-04 (lead 0.990) amp 2.8686e-07; radiated 8.730e-04, bright 0.773
[  353 s] free                  q 0.00200 nu   0.0 seed 2: pull pll 1.5860e-03 (lead 1.000) bloch 5.2023e-04 (lead 0.996) amp 9.9066e-07; radiated 2.815e-03, bright 0.931
[  353 s] free                  q 0.00400 nu   0.0 seed 2: pull pll 2.9293e-03 (lead 1.000) bloch 9.4814e-04 (lead 1.000) amp 3.4123e-06; radiated 9.528e-03, bright 0.981
[  355 s] free                  q 0.00800 nu   0.0 seed 2: pull pll 4.6792e-03 (lead 1.000) bloch 1.4809e-03 (lead 1.000) amp 8.8153e-06; radiated 2.481e-02, bright 0.994
[  358 s] free                  q 0.01600 nu   0.0 seed 2: pull pll 5.0048e-03 (lead 1.000) bloch 1.5741e-03 (lead 0.998) amp 1.0290e-05; radiated 3.009e-02, bright 0.998
[  362 s] collisional           q 0.00200 nu   0.3 seed 2: pull pll 4.4990e-04 (lead 0.293) bloch 1.1400e-04 (lead 0.209) amp 6.7297e-07; radiated 2.023e-03, bright 0.902
[  363 s] collisional           q 0.00200 nu   1.0 seed 2: pull pll 3.7943e-04 (lead 0.294) bloch 1.0206e-04 (lead 0.228) amp 4.5188e-07; radiated 1.388e-03, bright 0.857
[  364 s] collisional           q 0.00200 nu   3.0 seed 2: pull pll 3.5492e-04 (lead 0.372) bloch 9.8672e-05 (lead 0.304) amp 2.4922e-07; radiated 7.979e-04, bright 0.750
[  367 s] collisional           q 0.00200 nu  10.0 seed 2: pull pll 3.4197e-04 (lead 0.529) bloch 9.6869e-05 (lead 0.444) amp 1.1985e-07; radiated 4.225e-04, bright 0.528
[  369 s] stop                  q 0.00400 nu   0.0 seed 2: pull pll 3.1332e-04 (lead 1.000) bloch 4.3181e-05 (lead 0.447) amp 3.8646e-08; radiated 1.814e-04, bright 0.000
[  372 s] collisional           q 0.00200 nu  30.0 seed 2: pull pll 3.3622e-04 (lead 0.683) bloch 9.5675e-05 (lead 0.569) amp 7.4553e-08; radiated 2.918e-04, bright 0.316
[  374 s] rest                  q 0.00000 nu   0.0 seed 3: pull pll 4.4860e-04 (lead 1.000) bloch 1.4420e-04 (lead 0.927) amp 8.6337e-08; radiated 1.996e-04, bright 0.000
[  377 s] free                  q 0.00025 nu   0.0 seed 3: pull pll 5.0028e-04 (lead 1.000) bloch 1.5611e-04 (lead 0.856) amp 1.0848e-07; radiated 2.374e-04, bright 0.159
[  379 s] free                  q 0.00050 nu   0.0 seed 3: pull pll 6.0511e-04 (lead 1.000) bloch 1.9245e-04 (lead 0.885) amp 1.5842e-07; radiated 3.504e-04, bright 0.431
[  381 s] free                  q 0.00100 nu   0.0 seed 3: pull pll 8.9071e-04 (lead 1.000) bloch 2.9305e-04 (lead 0.960) amp 3.4036e-07; radiated 7.990e-04, bright 0.751
[  383 s] free                  q 0.00200 nu   0.0 seed 3: pull pll 1.5569e-03 (lead 1.000) bloch 5.1009e-04 (lead 0.991) amp 1.0140e-06; radiated 2.538e-03, bright 0.923
[  386 s] free                  q 0.00400 nu   0.0 seed 3: pull pll 2.8432e-03 (lead 1.000) bloch 9.1991e-04 (lead 1.000) amp 3.3367e-06; radiated 8.680e-03, bright 0.979
[  388 s] free                  q 0.00800 nu   0.0 seed 3: pull pll 4.6828e-03 (lead 1.000) bloch 1.4802e-03 (lead 1.000) amp 8.9797e-06; radiated 2.383e-02, bright 0.994
[  391 s] free                  q 0.01600 nu   0.0 seed 3: pull pll 5.3364e-03 (lead 1.000) bloch 1.6701e-03 (lead 0.997) amp 1.1723e-05; radiated 3.167e-02, bright 0.998
[  394 s] collisional           q 0.00200 nu   0.3 seed 3: pull pll 5.7580e-04 (lead 0.358) bloch 1.5450e-04 (lead 0.280) amp 7.2335e-07; radiated 2.004e-03, bright 0.901
[  397 s] collisional           q 0.00200 nu   1.0 seed 3: pull pll 4.9699e-04 (lead 0.365) bloch 1.4589e-04 (lead 0.313) amp 5.0491e-07; radiated 1.379e-03, bright 0.856
[  398 s] collisional           q 0.00200 nu   3.0 seed 3: pull pll 4.7348e-04 (lead 0.454) bloch 1.4184e-04 (lead 0.399) amp 2.9843e-07; radiated 7.946e-04, bright 0.749
[  401 s] collisional           q 0.00200 nu  10.0 seed 3: pull pll 4.6120e-04 (lead 0.614) bloch 1.3966e-04 (lead 0.545) amp 1.6611e-07; radiated 4.216e-04, bright 0.527
[  403 s] stop                  q 0.00400 nu   0.0 seed 3: pull pll 4.2756e-04 (lead 1.000) bloch 7.6640e-05 (lead 0.462) amp 7.8177e-08; radiated 1.833e-04, bright 0.000
[  404 s] collisional           q 0.00200 nu  30.0 seed 3: pull pll 4.5567e-04 (lead 0.751) bloch 1.3868e-04 (lead 0.660) amp 1.1971e-07; radiated 2.914e-04, bright 0.315
[  408 s] rest                  q 0.00000 nu   0.0 seed 4: pull pll 3.6677e-04 (lead 1.000) bloch 1.1180e-04 (lead 0.840) amp 5.9598e-08; radiated 1.996e-04, bright 0.000
[  411 s] free                  q 0.00025 nu   0.0 seed 4: pull pll 4.2744e-04 (lead 1.000) bloch 1.3413e-04 (lead 0.919) amp 7.3721e-08; radiated 2.387e-04, bright 0.164
[  413 s] free                  q 0.00050 nu   0.0 seed 4: pull pll 5.5907e-04 (lead 1.000) bloch 1.8197e-04 (lead 0.952) amp 1.1984e-07; radiated 3.556e-04, bright 0.439
[  414 s] free                  q 0.00100 nu   0.0 seed 4: pull pll 8.9090e-04 (lead 1.000) bloch 2.8961e-04 (lead 0.935) amp 3.0673e-07; radiated 8.187e-04, bright 0.758
[  418 s] free                  q 0.00200 nu   0.0 seed 4: pull pll 1.6145e-03 (lead 1.000) bloch 5.2244e-04 (lead 0.936) amp 1.0396e-06; radiated 2.601e-03, bright 0.925
[  421 s] free                  q 0.00400 nu   0.0 seed 4: pull pll 2.9921e-03 (lead 1.000) bloch 9.6655e-04 (lead 0.991) amp 3.6625e-06; radiated 8.742e-03, bright 0.979
[  423 s] free                  q 0.00800 nu   0.0 seed 4: pull pll 5.0387e-03 (lead 1.000) bloch 1.5837e-03 (lead 0.999) amp 1.0523e-05; radiated 2.305e-02, bright 0.994
[  424 s] free                  q 0.01600 nu   0.0 seed 4: pull pll 6.1281e-03 (lead 1.000) bloch 1.8931e-03 (lead 0.996) amp 1.5757e-05; radiated 3.138e-02, bright 0.998
[  428 s] collisional           q 0.00200 nu   0.3 seed 4: pull pll 5.0888e-04 (lead 0.319) bloch 1.2978e-04 (lead 0.230) amp 7.1363e-07; radiated 2.018e-03, bright 0.902
[  431 s] collisional           q 0.00200 nu   1.0 seed 4: pull pll 4.1417e-04 (lead 0.307) bloch 1.1968e-04 (lead 0.256) amp 4.8391e-07; radiated 1.385e-03, bright 0.857
[  434 s] collisional           q 0.00200 nu   3.0 seed 4: pull pll 3.9063e-04 (lead 0.387) bloch 1.1248e-04 (lead 0.325) amp 2.7324e-07; radiated 7.972e-04, bright 0.750
[  434 s] collisional           q 0.00200 nu  10.0 seed 4: pull pll 3.7963e-04 (lead 0.538) bloch 1.0720e-04 (lead 0.444) amp 1.3950e-07; radiated 4.223e-04, bright 0.527
[  438 s] stop                  q 0.00400 nu   0.0 seed 4: pull pll 3.4903e-04 (lead 1.000) bloch 5.2354e-05 (lead 0.348) amp 5.4092e-08; radiated 1.829e-04, bright 0.000
[  439 s] collisional           q 0.00200 nu  30.0 seed 4: pull pll 3.7415e-04 (lead 0.678) bloch 1.0922e-04 (lead 0.570) amp 9.2860e-08; radiated 2.917e-04, bright 0.316
[  443 s] rest                  q 0.00000 nu   0.0 seed 5: pull pll 3.9708e-04 (lead 1.000) bloch 1.2476e-04 (lead 0.877) amp 6.9466e-08; radiated 1.996e-04, bright 0.000
[  444 s] free                  q 0.00025 nu   0.0 seed 5: pull pll 4.5929e-04 (lead 1.000) bloch 1.4431e-04 (lead 0.857) amp 9.4785e-08; radiated 2.396e-04, bright 0.167
[  448 s] free                  q 0.00050 nu   0.0 seed 5: pull pll 5.9565e-04 (lead 1.000) bloch 1.9338e-04 (lead 0.912) amp 1.5443e-07; radiated 3.592e-04, bright 0.445
[  449 s] free                  q 0.00100 nu   0.0 seed 5: pull pll 9.4399e-04 (lead 1.000) bloch 3.0721e-04 (lead 0.912) amp 3.7480e-07; radiated 8.333e-04, bright 0.762
[  453 s] free                  q 0.00200 nu   0.0 seed 5: pull pll 1.7017e-03 (lead 1.000) bloch 5.5614e-04 (lead 0.979) amp 1.1935e-06; radiated 2.664e-03, bright 0.927
[  454 s] free                  q 0.00400 nu   0.0 seed 5: pull pll 3.1006e-03 (lead 1.000) bloch 9.9999e-04 (lead 0.999) amp 3.9693e-06; radiated 9.034e-03, bright 0.980
[  458 s] free                  q 0.00800 nu   0.0 seed 5: pull pll 4.9296e-03 (lead 1.000) bloch 1.5508e-03 (lead 0.999) amp 1.0147e-05; radiated 2.393e-02, bright 0.994
[  459 s] free                  q 0.01600 nu   0.0 seed 5: pull pll 5.2315e-03 (lead 1.000) bloch 1.6396e-03 (lead 0.999) amp 1.1308e-05; radiated 3.040e-02, bright 0.998
[  463 s] collisional           q 0.00200 nu   0.3 seed 5: pull pll 4.7713e-04 (lead 0.304) bloch 1.1262e-04 (lead 0.204) amp 6.9103e-07; radiated 2.008e-03, bright 0.902
[  464 s] collisional           q 0.00200 nu   1.0 seed 5: pull pll 4.1654e-04 (lead 0.316) bloch 1.1612e-04 (lead 0.252) amp 4.7892e-07; radiated 1.382e-03, bright 0.857
[  469 s] collisional           q 0.00200 nu   3.0 seed 5: pull pll 4.0726e-04 (lead 0.405) bloch 1.1510e-04 (lead 0.333) amp 2.7620e-07; radiated 7.960e-04, bright 0.750
[  469 s] collisional           q 0.00200 nu  10.0 seed 5: pull pll 4.0249e-04 (lead 0.565) bloch 1.1383e-04 (lead 0.461) amp 1.4622e-07; radiated 4.220e-04, bright 0.527
[  471 s] stop                  q 0.00400 nu   0.0 seed 5: pull pll 3.7991e-04 (lead 1.000) bloch 6.8673e-05 (lead 0.293) amp 6.3531e-08; radiated 1.824e-04, bright 0.000
[  474 s] collisional           q 0.00200 nu  30.0 seed 5: pull pll 3.9998e-04 (lead 0.709) bloch 1.1359e-04 (lead 0.571) amp 1.0094e-07; radiated 2.916e-04, bright 0.315
wrote run-reservoir-force-v15/reservoir_force_v15.json (474 s)
