[    6 s] window full        seed 1 rest        q 0.000 nu   0.0: radiated 2.3312e-01
[    6 s] window full        seed 1 free        q 0.002 nu   0.0: radiated 4.6660e-01
[    6 s] window full        seed 1 free        q 0.001 nu   0.0: radiated 3.4572e-01
[    8 s] window full        seed 1 free        q 0.008 nu   0.0: radiated 7.3587e-01
[    8 s] window full        seed 1 free        q 0.004 nu   0.0: radiated 5.8604e-01
[    8 s] window full        seed 1 free        q 0.016 nu   0.0: radiated 8.7860e-01
[    9 s] window full        seed 1 free        q 0.064 nu   0.0: radiated 9.9562e-01
[    9 s] window full        seed 1 free        q 0.128 nu   0.0: radiated 1.0007e+00
[    9 s] window full        seed 1 free        q 0.032 nu   0.0: radiated 9.4595e-01
[   11 s] window full        seed 1 collisional q 0.016 nu  10.0: radiated 5.1112e-01
[   11 s] window full        seed 1 collisional q 0.016 nu   1.0: radiated 6.9072e-01
[   11 s] window full        seed 1 rotation    q 0.016 nu   0.0: radiated 2.3312e-01
[   13 s] window full        seed 2 rest        q 0.000 nu   0.0: radiated 3.7423e-01
[   13 s] window full        seed 1 boost       q 0.016 nu   0.0: radiated 2.3312e-01
[   13 s] window full        seed 2 free        q 0.001 nu   0.0: radiated 5.7221e-01
[   14 s] window full        seed 2 free        q 0.004 nu   0.0: radiated 5.9626e-01
[   14 s] window full        seed 2 free        q 0.002 nu   0.0: radiated 4.6588e-01
[   15 s] window full        seed 2 free        q 0.008 nu   0.0: radiated 7.0096e-01
[   16 s] window full        seed 2 free        q 0.016 nu   0.0: radiated 8.5233e-01
[   16 s] window full        seed 2 free        q 0.032 nu   0.0: radiated 9.5927e-01
[   16 s] window full        seed 2 free        q 0.064 nu   0.0: radiated 9.9521e-01
[   18 s] window full        seed 2 free        q 0.128 nu   0.0: radiated 1.0002e+00
[   18 s] window full        seed 2 collisional q 0.016 nu   1.0: radiated 7.6669e-01
[   18 s] window full        seed 2 collisional q 0.016 nu  10.0: radiated 5.1784e-01
[   19 s] window full        seed 2 rotation    q 0.016 nu   0.0: radiated 3.7423e-01
[   19 s] window full        seed 2 boost       q 0.016 nu   0.0: radiated 3.7423e-01
[   19 s] window full        seed 3 rest        q 0.000 nu   0.0: radiated 3.9099e-01
[   21 s] window full        seed 3 free        q 0.001 nu   0.0: radiated 5.4774e-01
[   21 s] window full        seed 3 free        q 0.002 nu   0.0: radiated 5.8910e-01
[   21 s] window full        seed 3 free        q 0.004 nu   0.0: radiated 6.9197e-01
[   23 s] window full        seed 3 free        q 0.008 nu   0.0: radiated 6.6108e-01
[   23 s] window full        seed 3 free        q 0.016 nu   0.0: radiated 9.1863e-01
[   23 s] window full        seed 3 free        q 0.032 nu   0.0: radiated 9.6351e-01
[   24 s] window full        seed 3 free        q 0.064 nu   0.0: radiated 9.9727e-01
[   25 s] window full        seed 3 free        q 0.128 nu   0.0: radiated 1.0003e+00
[   25 s] window full        seed 3 collisional q 0.016 nu   1.0: radiated 8.5715e-01
[   26 s] window full        seed 3 collisional q 0.016 nu  10.0: radiated 5.5033e-01
[   26 s] window full        seed 3 rotation    q 0.016 nu   0.0: radiated 3.9099e-01
[   26 s] window full        seed 3 boost       q 0.016 nu   0.0: radiated 3.9099e-01
[   28 s] window full        seed 4 rest        q 0.000 nu   0.0: radiated 3.2701e-01
[   28 s] window full        seed 4 free        q 0.001 nu   0.0: radiated 5.2498e-01
[   28 s] window full        seed 4 free        q 0.002 nu   0.0: radiated 4.7905e-01
[   29 s] window full        seed 4 free        q 0.004 nu   0.0: radiated 5.8854e-01
[   29 s] window full        seed 4 free        q 0.008 nu   0.0: radiated 6.4453e-01
[   29 s] window full        seed 4 free        q 0.016 nu   0.0: radiated 8.3303e-01
[   31 s] window full        seed 4 free        q 0.032 nu   0.0: radiated 9.6698e-01
[   31 s] window full        seed 4 free        q 0.064 nu   0.0: radiated 9.9510e-01
[   31 s] window full        seed 4 free        q 0.128 nu   0.0: radiated 1.0002e+00
[   32 s] window full        seed 4 collisional q 0.016 nu   1.0: radiated 6.9362e-01
[   33 s] window full        seed 4 rotation    q 0.016 nu   0.0: radiated 3.2701e-01
[   33 s] window full        seed 4 collisional q 0.016 nu  10.0: radiated 6.2255e-01
[   34 s] window full        seed 4 boost       q 0.016 nu   0.0: radiated 3.2701e-01
[   41 s] steady full        seed 1 rest        q 0.000 nu   0.0: leak 3.1665e-04
[   41 s] steady full        seed 1 free        q 0.002 nu   0.0: leak 3.8261e-03
[   43 s] steady full        seed 1 free        q 0.004 nu   0.0: leak 5.5369e-03
[   50 s] steady full        seed 1 free        q 0.008 nu   0.0: leak 6.5309e-03
[   51 s] steady full        seed 1 free        q 0.016 nu   0.0: leak 1.0434e-02
[   52 s] steady full        seed 1 free        q 0.032 nu   0.0: leak 1.6503e-02
[   59 s] steady full        seed 1 free        q 0.064 nu   0.0: leak 2.5848e-02
[   59 s] steady full        seed 1 free        q 0.128 nu   0.0: leak 4.0738e-02
[   60 s] steady full        seed 1 collisional q 0.032 nu   1.0: leak 1.2690e-02
[   68 s] steady full        seed 1 collisional q 0.032 nu  10.0: leak 5.0245e-03
[   70 s] steady full        seed 1 rotation    q 0.032 nu   0.0: leak 3.1665e-04
[   70 s] steady full        seed 1 collisional q 0.032 nu 100.0: leak 2.9355e-04
[   78 s] steady full        seed 2 rest        q 0.000 nu   0.0: leak 3.7732e-04
[   79 s] steady full        seed 2 free        q 0.002 nu   0.0: leak 4.5296e-03
[   80 s] steady full        seed 2 free        q 0.004 nu   0.0: leak 5.6073e-03
[   87 s] steady full        seed 2 free        q 0.008 nu   0.0: leak 7.2028e-03
[   89 s] steady full        seed 2 free        q 0.016 nu   0.0: leak 1.0815e-02
[   89 s] steady full        seed 2 free        q 0.032 nu   0.0: leak 1.6156e-02
[   96 s] steady full        seed 2 free        q 0.064 nu   0.0: leak 2.4755e-02
[   97 s] steady full        seed 2 free        q 0.128 nu   0.0: leak 3.9520e-02
[   98 s] steady full        seed 2 collisional q 0.032 nu   1.0: leak 1.2780e-02
[  105 s] steady full        seed 2 collisional q 0.032 nu  10.0: leak 6.2605e-03
[  107 s] steady full        seed 2 rotation    q 0.032 nu   0.0: leak 3.7732e-04
[  108 s] steady full        seed 2 collisional q 0.032 nu 100.0: leak 3.9293e-03
[  114 s] steady full        seed 3 rest        q 0.000 nu   0.0: leak 1.5513e-03
[  116 s] steady full        seed 3 free        q 0.002 nu   0.0: leak 3.3372e-03
[  117 s] steady full        seed 3 free        q 0.004 nu   0.0: leak 4.6807e-03
[  123 s] steady full        seed 3 free        q 0.008 nu   0.0: leak 6.7145e-03
[  125 s] steady full        seed 3 free        q 0.016 nu   0.0: leak 1.0807e-02
[  126 s] steady full        seed 3 free        q 0.032 nu   0.0: leak 1.6595e-02
[  132 s] steady full        seed 3 free        q 0.064 nu   0.0: leak 2.7850e-02
[  133 s] steady full        seed 3 free        q 0.128 nu   0.0: leak 4.1299e-02
[  134 s] steady full        seed 3 collisional q 0.032 nu   1.0: leak 1.2622e-02
[  141 s] steady full        seed 3 collisional q 0.032 nu  10.0: leak 5.3575e-03
[  143 s] window dissipative seed 1 rest        q 0.000 nu   0.0: radiated 1.5537e-02
[  144 s] steady full        seed 3 rotation    q 0.032 nu   0.0: leak 1.5513e-03
[  144 s] window dissipative seed 1 free        q 0.001 nu   0.0: radiated 5.4949e-02
[  144 s] steady full        seed 3 collisional q 0.032 nu 100.0: leak 1.7095e-03
[  145 s] window dissipative seed 1 free        q 0.002 nu   0.0: radiated 1.4008e-01
[  145 s] window dissipative seed 1 free        q 0.004 nu   0.0: radiated 2.3223e-01
[  146 s] window dissipative seed 1 free        q 0.008 nu   0.0: radiated 3.4683e-01
[  146 s] window dissipative seed 1 free        q 0.032 nu   0.0: radiated 7.5133e-01
[  146 s] window dissipative seed 1 free        q 0.016 nu   0.0: radiated 5.3766e-01
[  147 s] window dissipative seed 1 free        q 0.064 nu   0.0: radiated 9.2379e-01
[  147 s] window dissipative seed 1 free        q 0.128 nu   0.0: radiated 9.8227e-01
[  147 s] window dissipative seed 1 collisional q 0.016 nu   1.0: radiated 1.5029e-01
[  148 s] window dissipative seed 1 collisional q 0.016 nu  10.0: radiated 4.0652e-02
[  148 s] window dissipative seed 1 rotation    q 0.016 nu   0.0: radiated 1.5537e-02
[  148 s] window dissipative seed 1 boost       q 0.016 nu   0.0: radiated 1.5537e-02
[  149 s] window dissipative seed 2 rest        q 0.000 nu   0.0: radiated 3.2315e-02
[  149 s] window dissipative seed 2 free        q 0.001 nu   0.0: radiated 4.4829e-02
[  149 s] window dissipative seed 2 free        q 0.002 nu   0.0: radiated 8.9637e-02
[  150 s] window dissipative seed 2 free        q 0.004 nu   0.0: radiated 1.5392e-01
[  150 s] window dissipative seed 2 free        q 0.008 nu   0.0: radiated 2.8195e-01
[  151 s] window dissipative seed 2 free        q 0.016 nu   0.0: radiated 5.1590e-01
[  151 s] window dissipative seed 2 free        q 0.032 nu   0.0: radiated 7.9137e-01
[  151 s] window dissipative seed 2 free        q 0.064 nu   0.0: radiated 9.3762e-01
[  152 s] window dissipative seed 2 free        q 0.128 nu   0.0: radiated 9.8659e-01
[  152 s] window dissipative seed 2 collisional q 0.016 nu   1.0: radiated 1.2804e-01
[  153 s] window dissipative seed 2 collisional q 0.016 nu  10.0: radiated 4.3987e-02
[  153 s] window dissipative seed 2 rotation    q 0.016 nu   0.0: radiated 3.2315e-02
[  154 s] window dissipative seed 2 boost       q 0.016 nu   0.0: radiated 3.2315e-02
[  154 s] window dissipative seed 3 rest        q 0.000 nu   0.0: radiated 3.1994e-02
[  154 s] window dissipative seed 3 free        q 0.001 nu   0.0: radiated 4.1263e-02
[  155 s] window dissipative seed 3 free        q 0.002 nu   0.0: radiated 7.1694e-02
[  155 s] window dissipative seed 3 free        q 0.004 nu   0.0: radiated 2.3656e-01
[  155 s] window dissipative seed 3 free        q 0.008 nu   0.0: radiated 3.8810e-01
[  156 s] window dissipative seed 3 free        q 0.016 nu   0.0: radiated 6.3221e-01
[  156 s] window dissipative seed 3 free        q 0.032 nu   0.0: radiated 8.0433e-01
[  156 s] window dissipative seed 3 free        q 0.064 nu   0.0: radiated 9.4983e-01
[  157 s] window dissipative seed 3 free        q 0.128 nu   0.0: radiated 9.8689e-01
[  157 s] window dissipative seed 3 collisional q 0.016 nu   1.0: radiated 1.8353e-01
[  157 s] window dissipative seed 3 collisional q 0.016 nu  10.0: radiated 5.5565e-02
[  158 s] window dissipative seed 3 rotation    q 0.016 nu   0.0: radiated 3.1994e-02
[  158 s] window dissipative seed 3 boost       q 0.016 nu   0.0: radiated 3.1994e-02
[  158 s] window dissipative seed 4 rest        q 0.000 nu   0.0: radiated 2.4189e-02
[  159 s] window dissipative seed 4 free        q 0.001 nu   0.0: radiated 4.0210e-02
[  159 s] window dissipative seed 4 free        q 0.002 nu   0.0: radiated 9.2699e-02
[  160 s] window dissipative seed 4 free        q 0.004 nu   0.0: radiated 1.8871e-01
[  160 s] window dissipative seed 4 free        q 0.008 nu   0.0: radiated 3.5317e-01
[  160 s] window dissipative seed 4 free        q 0.016 nu   0.0: radiated 6.1594e-01
[  161 s] window dissipative seed 4 free        q 0.032 nu   0.0: radiated 8.0036e-01
[  161 s] window dissipative seed 4 free        q 0.064 nu   0.0: radiated 9.2271e-01
[  162 s] window dissipative seed 4 free        q 0.128 nu   0.0: radiated 9.8001e-01
[  162 s] window dissipative seed 4 collisional q 0.016 nu   1.0: radiated 1.3905e-01
[  163 s] window dissipative seed 4 collisional q 0.016 nu  10.0: radiated 4.8678e-02
[  163 s] window dissipative seed 4 rotation    q 0.016 nu   0.0: radiated 2.4189e-02
[  163 s] window dissipative seed 4 boost       q 0.016 nu   0.0: radiated 2.4189e-02
[  168 s] steady dissipative seed 1 rest        q 0.000 nu   0.0: leak 3.6412e-05
[  168 s] steady dissipative seed 1 free        q 0.002 nu   0.0: leak 9.1089e-04
[  169 s] steady dissipative seed 1 free        q 0.004 nu   0.0: leak 1.1752e-03
[  174 s] steady dissipative seed 1 free        q 0.016 nu   0.0: leak 3.9236e-03
[  174 s] steady dissipative seed 1 free        q 0.008 nu   0.0: leak 2.2317e-03
[  174 s] steady dissipative seed 1 free        q 0.032 nu   0.0: leak 6.8971e-03
[  180 s] steady dissipative seed 1 free        q 0.064 nu   0.0: leak 1.1028e-02
[  180 s] steady dissipative seed 1 free        q 0.128 nu   0.0: leak 1.8898e-02
[  180 s] steady dissipative seed 1 collisional q 0.032 nu   1.0: leak 2.7713e-03
[  186 s] steady dissipative seed 1 collisional q 0.032 nu  10.0: leak 5.5883e-04
[  186 s] steady dissipative seed 1 rotation    q 0.032 nu   0.0: leak 3.6412e-05
[  187 s] steady dissipative seed 1 collisional q 0.032 nu 100.0: leak 6.7831e-05
[  191 s] steady dissipative seed 2 rest        q 0.000 nu   0.0: leak 5.9975e-05
[  192 s] steady dissipative seed 2 free        q 0.002 nu   0.0: leak 8.3653e-04
[  193 s] steady dissipative seed 2 free        q 0.004 nu   0.0: leak 1.3281e-03
[  197 s] steady dissipative seed 2 free        q 0.008 nu   0.0: leak 2.3309e-03
[  198 s] steady dissipative seed 2 free        q 0.016 nu   0.0: leak 3.3245e-03
[  200 s] steady dissipative seed 2 free        q 0.032 nu   0.0: leak 7.5967e-03
[  204 s] steady dissipative seed 2 free        q 0.064 nu   0.0: leak 1.3339e-02
[  205 s] steady dissipative seed 2 free        q 0.128 nu   0.0: leak 1.9432e-02
[  206 s] steady dissipative seed 2 collisional q 0.032 nu   1.0: leak 2.5300e-03
[  210 s] steady dissipative seed 2 collisional q 0.032 nu  10.0: leak 5.9465e-04
[  212 s] steady dissipative seed 2 rotation    q 0.032 nu   0.0: leak 5.9975e-05
[  212 s] steady dissipative seed 2 collisional q 0.032 nu 100.0: leak 7.0074e-05
[  216 s] steady dissipative seed 3 rest        q 0.000 nu   0.0: leak 3.8124e-05
[  217 s] steady dissipative seed 3 free        q 0.002 nu   0.0: leak 7.3747e-04
[  218 s] steady dissipative seed 3 free        q 0.004 nu   0.0: leak 1.3030e-03
[  221 s] steady dissipative seed 3 free        q 0.008 nu   0.0: leak 2.1528e-03
[  223 s] steady dissipative seed 3 free        q 0.016 nu   0.0: leak 4.2399e-03
[  224 s] steady dissipative seed 3 free        q 0.032 nu   0.0: leak 6.4087e-03
[  227 s] steady dissipative seed 3 free        q 0.064 nu   0.0: leak 8.5013e-03
[  230 s] steady dissipative seed 3 free        q 0.128 nu   0.0: leak 1.9114e-02
[  230 s] steady dissipative seed 3 collisional q 0.032 nu   1.0: leak 2.6893e-03
[  235 s] steady dissipative seed 3 collisional q 0.032 nu  10.0: leak 5.0694e-04
[  236 s] steady dissipative seed 3 rotation    q 0.032 nu   0.0: leak 3.8124e-05
[  238 s] steady dissipative seed 3 collisional q 0.032 nu 100.0: leak 7.9543e-05
wrote run-reservoir-force-v15/wave_dark_v15.json (238 s)
