law: eft_r12_refit -- a = 6.2979e-11 m/s^2; g_d = 2.0273e-10 m/s^2 (lambda 3.219); u = 169.4 km/s; reach 2.25 Mpc; gradual release over 3e+04 AU; refit: a, u; distance scale alpha x0.9500 (H0-like 70.9); SPARC distances static; hot matter heard one way vector; collision maps: eft (code/eft_field_v24.py)
refitting a, u on the home data...
  refitted: a = 5.9828e-11 m/s^2; g_d = 2.0273e-10 m/s^2 (lambda 3.389); u = 98.6 km/s; reach 1.31 Mpc; gradual release over 3e+04 AU; refit: a, u; distance scale alpha x0.9500 (H0-like 70.9); SPARC distances static; hot matter heard one way vector; collision maps: eft (code/eft_field_v24.py)
== machinery
  [     1 s] guard: point mass, temperature, SPARC local-function test
== galaxies
  [     2 s] SPARC scores
== clusters
  [     2 s] X-COP masses
  [     2 s] X-COP cross-validation (924 half splits)
== lensing
  [     5 s] KiDS lensing
  [     7 s] Mistele circular speeds
  [     7 s] SLACS lenses
== milky_way
  [    10 s] Milky Way: our law with McMillan (2017) matter
/home/user/photon-graviton/research_work/results/hot-companion/code/mw_model.py:45: RuntimeWarning: overflow encountered in cosh
  return 1.0 / np.cosh(z / (2 * self.zd)) ** 2 / (4 * self.zd)
/home/user/photon-graviton/research_work/results/hot-companion/code/mw_model.py:45: RuntimeWarning: overflow encountered in square
  return 1.0 / np.cosh(z / (2 * self.zd)) ** 2 / (4 * self.zd)
  [    23 s] Milky Way: Newton (for the inner share) and the local census (vertical pull)
== dwarfs
  [    44 s] dwarfs (external hold x1)
== precision
  [    52 s] Cassini Q2 (g_e 1.650e-10, hold x1, release length 30000 AU)
== collisions
  [    73 s] Bullet: outer stars, then the lensing map (static distances)
/home/user/photon-graviton/research_work/results/hot-companion/code/bullet_v3.py:108: RuntimeWarning: divide by zero encountered in divide
  cosang = (R ** 2 + offset ** 2 - rap ** 2) / (2 * R * offset)
  [   263 s] collision stack: lag 0 kpc, subcluster x1
  [   275 s] collision stack: lag 0 kpc, subcluster x3
  [   284 s] collision stack: lag 40 kpc, subcluster x1
  [   293 s] collision stack: lag 40 kpc, subcluster x3
  [   302 s] collision stack: lag 80 kpc, subcluster x1
  [   314 s] collision stack: lag 80 kpc, subcluster x3
  [   325 s] collision stack: lag 150 kpc, subcluster x1
  [   334 s] collision stack: lag 150 kpc, subcluster x3
  [   344 s] collision stack: lag 209 kpc, subcluster x1
  [   354 s] collision stack: lag 209 kpc, subcluster x3
  [   363 s] collision stack: lag 300 kpc, subcluster x1
  [   371 s] collision stack: lag 300 kpc, subcluster x3
  [   380 s] MACS J0025.4-1222: lensing map (t = 0.3 Gyr, the dynamical clocks; static distances)
  [   400 s] Abell 520: lensing map (t = 0.3 Gyr, static distances)
  [   427 s] El Gordo: lensing map (t = 0.46 Gyr, the outgoing phase, static distances)

[machinery]
  info  deep-regime strength a                                                           5.983e-11 m/s^2     | constant of the law under test                               changed   was 6.298e-11 info
  info  release scale g_d                                                                2.027e-10 m/s^2     | constant of the law under test                                         was 2.027e-10 info
  info  companion speed u                                                                     98.6 km/s      | constant of the law under test                               changed   was 169.4 info
  info  reach u x 13 Gyr                                                                    1310.9 kpc       | constant of the law under test                               changed   was 2252.8 info
  info  companion emission per kg of matter, l = a u / 2                                 2.949e-06 W/kg      | energy budget (round 3: 6.48e-6)                             changed   was 5.336e-06 info
  PASS  standing rule: not MOND, not Newton, not dark matter                                 1.233 dex       | no forbidden class in the guard verdict; value = spread of t changed   was 0.9994 pass
  PASS  SPARC pull is not a function of g_N alone                                           0.0551 dex       | >= 0.005 dex beyond a local function of g_N                  changed   was 0.02749 pass
  PASS  extra pull at 100 g_d, relative to Newton                                                0           | < 1e-12                                                                was 0 pass

[galaxies]
  close SPARC typical speed miss (all galaxies)                                              16.67 km/s      | no worse than MOND (16.13); within 5% is close               REGRESSED was 15.87 pass
  info  SPARC mean squared log residual (the fitted statistic)                              0.2151           |                                                              changed   was 0.2111 info
  close SPARC typical speed miss (test galaxies)                                             13.56 km/s      | no worse than MOND (13.52); within 5% is close               REGRESSED was 12.35 pass
  PASS  SPARC typical speed miss (validation galaxies)                                       19.11 km/s      | no worse than MOND (19.80); within 5% is close               changed   was 19.01 pass
  PASS  SPARC median residual log10(observed/predicted pull)                               0.02107 dex       | 0 +- 0.02 dex (stellar mass-to-light zero point)             better    was 0.02713 pass
  PASS  SPARC median residual where the release switches (g_N 10^-10.25 to 10^-9.5)       0.009904 dex       | 0 +- 0.02 dex                                                better    was 0.02706 pass
  FAIL  bulge-dominated galaxies (25): typical speed miss                                    34.15 km/s      | no worse than MOND (30.35)                                   REGRESSED was 29.44 pass

[clusters]
  PASS  X-COP: typical mass miss, rms ln(M_hydrostatic/M_predicted) (static distances)      0.2882           | <= 0.30 (hydrostatic masses carry 10-20% bias and error); MO worse     was 0.2215 pass
  FAIL  X-COP: worst mean miss at any of the six radii (0.1-1 R500)                         0.4188           | <= 0.25 (the usual hydrostatic bias at R500)                 REGRESSED was 0.2389 pass
  info  the companion speed X-COP prefers for these a and g_d                                 98.6 km/s      | law uses 98.6                                                changed   was 169.4 info
  PASS  X-COP: held-out typical miss, u fitted on the other half                            0.2933           | <= 0.30                                                      worse     was 0.2365 pass

[lensing]
  close KiDS lensing pull, all isolated lenses (mixture): median log10(observed/predic     -0.0642 dex       | 0 +- 0.025 dex (7 reliable bins)                             changed   was 0.06476 close
  close KiDS lensing pull, blue lenses (k = 1.49, measured): median log10(observed/pre    -0.06664 dex       | 0 +- 0.025 dex (7 reliable bins)                             REGRESSED was 0.01116 pass
  close KiDS lensing pull, red lenses (k = 5.82, measured): median log10(observed/pred    -0.07385 dex       | 0 +- 0.025 dex (7 reliable bins)                             improved  was 0.07776 fail
  PASS  KiDS lensing pull, Sersic n < 2 (disks; k = 0.82): median log10(observed/predi     0.01206 dex       | 0 +- 0.025 dex (7 reliable bins)                             improved  was 0.06627 close
  FAIL  KiDS lensing pull, Sersic n > 2 (bulges; k = 5.84): median log10(observed/pred     -0.1241 dex       | 0 +- 0.025 dex (7 reliable bins)                             REGRESSED was 0.03364 pass
  FAIL  KiDS lensing pull, GAMA spectroscopic lenses: median log10(observed/predicted)     -0.1196 dex       | 0 +- 0.025 dex (7 reliable bins)                             REGRESSED was 0.009316 pass
  PASS  KiDS: red lenses lens more than blue ones of the same visible mass (colour gap      0.1978 dex       | 0.153 +- 0.04 dex (same bins)                                worse     was 0.1263 pass
  close KiDS: bulge-dominated lenses lens more than disk-dominated ones (Sersic gap)        0.2563 dex       | 0.154 +- 0.04 dex (same bins)                                REGRESSED was 0.1553 pass
  FAIL  lensing circular speeds 50-300 kpc, spirals: rms z (static distances)                3.154           | Mistele et al. 2024 (ApJL 969, L3), Table 1                  REGRESSED was 2.859 close
  FAIL  lensing circular speeds 50-300 kpc, ellipticals: rms z (static distances)            11.33           | Mistele et al. 2024 (ApJL 969, L3), Table 1                  REGRESSED was 2.553 close
  FAIL  SLACS: stellar mass from lensing minus from star speeds (mean of 6)                -0.1081 dex       | 0 +- 0.021 (the lenses' own scatter)                         REGRESSED was -0.02775 pass
  info  SLACS: stellar mass needed for the Einstein radii, vs Chabrier (static distanc      0.3415 dex       | Salpeter is +0.25; the IMF trend of Posacki et al. 2015 is d changed   was 0.4264 info
  PASS  Einstein Cross: companion share of the pull at the ring                          1.046e-12           | dark matter inside the ring < 15% (Trott et al. 2010; van de changed   was 1.073e-12 pass
  PASS  bulge microlensing: companion share at a star's Einstein radius                          0           | standard lensing by stars (OGLE, MOA optical depths)                   was 0 pass

[milky_way]
  close rotation speed at the Sun (8.2 kpc)                                                  211.9 km/s      | 229-234 (Eilers 2019, Zhou 2023, Ou 2024, Jiao 2023); +-7 fo better    was 209.2 close
  PASS  rotation curve 15-27 kpc: mean offset over the four Gaia analyses                   -5.042 km/s      | 0 +- 5 (the analyses differ by about 10)                     better    was -8.672 pass
  info  rotation curve 5-27 kpc: typical miss against Eilers et al. 2019                     13.73 km/s      |                                                              better    was 15.94 info
  PASS  vertical pull 1.1 kpc above the Sun (as surface density), counted local matter       70.94 Msun/pc^2 | 69.8 +- 3.3 (Bovy & Rix 2013: 68 +- 4; Holmberg & Flynn 2004 better    was 72.29 pass
  PASS  mass inside 20 kpc (as inferred from orbits)                                     1.734e+11 Msun      | 1.91e+11 +- 1.8e+10 (Posti & Helmi 2019)                     better    was 1.661e+11 pass
  PASS  mass inside 50 kpc (as inferred from orbits)                                     3.770e+11 Msun      | 4.50e+11 +- 4.0e+10 (Correa Magnus & Vasiliev 2022)          improved  was 3.555e+11 close
  PASS  mass inside 100 kpc (as inferred from orbits)                                    6.981e+11 Msun      | 6.90e+11 +- 7.0e+10 (Deason 2021 + Correa Magnus & Vasiliev  better    was 6.533e+11 pass
  PASS  mass inside 200 kpc (as inferred from orbits)                                    1.334e+12 Msun      | 1.10e+12 +- 2.5e+11 (Correa Magnus & Vasiliev 2022)          worse     was 1.243e+12 pass
  PASS  escape speed at the Sun (to 400 kpc)                                                 517.3 km/s      | 445-580 (seven analyses 2014-2024)                           changed   was 504.4 pass
  PASS  inner Galaxy (bar region, 2-3 kpc): share of the rotation speed from visible m      0.9788           | 0.88 +- 0.07 (Wegg, Gerhard & Portail 2016, bulge microlensi changed   was 0.9842 pass

[dwarfs]
  FAIL  Draco: stars' speed spread                                                           2.662 km/s      | 9.1 +- 1.2                                                   known     was 2.788 fail
  FAIL  Ursa Minor: stars' speed spread                                                      3.303 km/s      | 9.5 +- 1.2                                                   known     was 3.442 fail
  PASS  Sculptor: stars' speed spread                                                        6.467 km/s      | 9.2 +- 1.4                                                   worse     was 6.639 pass
  FAIL  Sextans: stars' speed spread                                                         2.003 km/s      | 7.9 +- 1.3                                                   known     was 2.104 fail
  close Carina: stars' speed spread                                                          3.306 km/s      | 6.6 +- 1.2                                                   worse     was 3.472 close
  PASS  Fornax: stars' speed spread                                                          12.16 km/s      | 11.7 +- 0.9                                                  better    was 12.25 pass
  close Leo II: stars' speed spread                                                          5.157 km/s      | 6.6 +- 0.7                                                   REGRESSED was 5.234 pass
  PASS  Leo I: stars' speed spread                                                           9.204 km/s      | 9.2 +- 1.4                                                   changed   was 9.264 pass
  FAIL  Crater II: stars' speed spread                                                      0.9453 km/s      | 2.7 +- 0.3                                                   known     was 0.9986 fail
  FAIL  Antlia 2: stars' speed spread                                                        1.047 km/s      | 5.71 +- 1.08                                                 known     was 1.105 fail
  info  all ten dwarfs: chi-squared (MOND with the same stars: 119)                          144.7           |                                                              worse     was 137.7 info

[precision]
  PASS  planets Mercury-Neptune: largest extra pull relative to Newton                           0           | < 1e-12 (planetary ephemerides)                                        was 0 pass
  PASS  star S2 at the Galactic Centre (far point): extra pull relative to Newton                0           | GR precession 1.10 +- 0.19 (GRAVITY 2020)                              was 0 pass
  PASS  Double Pulsar: orbit change from the companion emission, in measurement errors    0.007434           | < 0.5 of the error on the orbital decay (Kramer et al. 2021) changed   was 0.01345 pass
  PASS  light bending at the Sun's limb: extra relative to GR                                    0           | gamma - 1 = (2.1 +- 2.3) x 10^-5 (Cassini)                             was 0 pass
  PASS  Cassini: Galactic distortion of the Sun's field, Q2                              4.272e-27 1/s^2     | (1.6 +- 1.8) x 10^-27 (Park et al. 2026)                     worse     was 4.377e-27 pass
  info  Cassini Q2 with the Milky Way model's pull and heat at the Sun                   2.574e-27 1/s^2     |                                                              worse     was 3.472e-27 info
  PASS  wide binaries (1 Msun, 20,000 AU): boost of the pull                                 1.073           | between the two published analyses, 1.0 (Banik et al. 2024)  changed   was 1.076 pass

[collisions]
  FAIL  Bullet main cluster: outer stars needed for the galaxy speed (static distances   1.433e+12 Msun      | 3.4-5.8 x 10^12 (Legacy Survey star count, round 6, converte REGRESSED was 3.711e+12 pass
  PASS  Bullet main cluster: lensing strength (kappa) on its galaxies                       0.5877           | at least 0.36 +- 0.06 (a stated lower bound)                 changed   was 0.7168 pass
  PASS  Bullet subcluster: lensing strength (kappa) on its galaxies                         0.1415           | at least 0.20 +- 0.05 (a stated lower bound)                 worse     was 0.2764 pass
  PASS  Bullet: leftover lensing on the main cluster's gas                                 0.02589           | 0.05 +- 0.06                                                 worse     was 0.04957 pass
  PASS  Bullet: leftover lensing on the subcluster's gas                                   0.02826           | 0.02 +- 0.06                                                 better    was 0.0516 pass
  PASS  Bullet main: lensing peak distance from its galaxies                                  15.9 kpc       | within a quarter of the galaxy-gas separation (252 kpc)      changed   was 15.68 pass
  PASS  Bullet sub: lensing peak distance from its galaxies                                   8.84 kpc       | within a quarter of the galaxy-gas separation (232 kpc)      better    was 22.97 pass
  PASS  Bullet main cluster: lensing mass inside 301 kpc (250 in LCDM units)             2.899e+14 Msun      | 3.09-3.46 x 10^14 (Paraficz 2016; Bradac 2006; converted)    worse     was 2.969e+14 pass
  FAIL  Bullet subcluster: lensing mass inside 301 kpc (250 in LCDM units)               1.365e+14 Msun      | 2.47-2.85 x 10^14 (Paraficz 2016; Bradac 2006; converted)    known     was 1.385e+14 fail
  PASS  collision stack: how far the lensing follows the gas (beta, median of 20)          0.04708           | -0.04 +- 0.07 (Harvey et al. 2015, 72 collisions)            worse     was 0.01914 pass
  info  collision stack: lensing peak distance from the galaxies (median)                    10.22 kpc       | raw offset; includes the pull of the other cluster           changed   was 15.75 info
  PASS  MACS J0025 SE subcluster: lensing mass inside 300 kpc (LCDM units; 429 kpc sta   2.393e+14 Msun      | 3.64 (+1.46/-2.48) x 10^14                                   better    was 2.053e+14 pass
  PASS  MACS J0025 NW subcluster: lensing mass inside 300 kpc (LCDM units; 429 kpc sta   2.268e+14 Msun      | 3.79 (+0.73/-2.04) x 10^14                                   better    was 1.853e+14 pass
  PASS  MACS J0025 SE: lensing peak distance from its galaxies                                  30 kpc       | with the galaxies, not the gas (530 kpc away): lensing offse changed   was 23.61 pass
  FAIL  MACS J0025 NW: lensing peak distance from its galaxies                               243.4 kpc       | with the galaxies, not the gas (244 kpc away): lensing offse REGRESSED was 79.2 pass
  PASS  MACS J0025: galaxies' speed spread (line of sight, inside 1.5 Mpc)                   728.9 km/s      | 835 +- 59 (108 galaxies within 1.5 Mpc)                      improved  was 668.7 close
  PASS  Abell 520 P1, a galaxy clump: lensing mass inside 150 kpc (LCDM units)           4.252e+13 Msun      | 2.44-3.26 x 10^13 in the static law (Jee et al. 2014; Clowe  worse     was 3.158e+13 pass
  close Abell 520 P2, a galaxy clump: lensing mass inside 150 kpc (LCDM units)           6.933e+13 Msun      | 4.70-4.83 x 10^13 in the static law (Jee et al. 2014; Clowe  REGRESSED was 6.056e+13 pass
  PASS  Abell 520 P3, the gas-rich, galaxy-poor centre ("dark core"): lensing mass ins   4.472e+13 Msun      | 3.29-3.89 x 10^13 in the static law (Jee et al. 2014; Clowe  worse     was 3.717e+13 pass
  PASS  Abell 520 P4, a galaxy clump: lensing mass inside 150 kpc (LCDM units)           4.921e+13 Msun      | 4.91-6.48 x 10^13 in the static law (Jee et al. 2014; Clowe  better    was 4.117e+13 pass
  PASS  Abell 520 P5, a galaxy clump: lensing mass inside 150 kpc (LCDM units)           4.435e+13 Msun      | 3.40-3.68 x 10^13 in the static law (Jee et al. 2014; Clowe  worse     was 3.453e+13 pass
  PASS  Abell 520 P6, a galaxy clump: lensing mass inside 150 kpc (LCDM units)           3.411e+13 Msun      | 4.27-4.27 x 10^13 in the static law (Jee et al. 2014; Clowe  improved  was 2.527e+13 close
  close Abell 520: lensing mass inside 710 kpc of the centre (LCDM units)                7.186e+14 Msun      | 5.84 +- 0.64 x 10^14 in the static law (Mahdavi et al. 2007; REGRESSED was 5.272e+14 pass
  close Abell 520: galaxies' speed spread at P1, P2, P4, P5 (rms z)                          2.335           | Girardi et al. 2008 Table 4: 811, 749, 579, 668 km/s (6-9 ga better    was 2.697 close
  PASS  El Gordo: lensing mass inside 500 kpc of the centre of mass (Planck units)       9.625e+14 Msun      | 9.45e+14 +- 12% (aperture mass)                              better    was 8.423e+14 pass
  PASS  El Gordo: lensing mass inside 1000 kpc of the centre of mass (Planck units)      2.700e+15 Msun      | 2.43e+15 +- 12% (aperture mass)                              changed   was 2.142e+15 pass
  PASS  El Gordo NW: galaxies' speed spread (line of sight, inside 1 Mpc)                   1075.9 km/s      | 1290 +- 134 (Menanteau et al. 2012)                          improved  was 1013.7 close
  PASS  El Gordo SE: galaxies' speed spread (line of sight, inside 1 Mpc)                    960.0 km/s      | 1089 +- 200 (Menanteau et al. 2012)                          better    was 903.6 pass
  info  El Gordo SE: lensing peak distance from the cool gas core                            187.4 kpc       | about 12 arcsec, the lensing peak nearer the merger centre ( changed   was 248.4 info

status: {'pass': 50, 'close': 12, 'fail': 15, 'info': 13, 'error': 0}
against the baseline (baseline.json (round12, full, 2026-09-24 04:37 UTC)): {'regressed': 16, 'improved': 6, 'worse': 16, 'better': 17, 'changed': 23, 'new': 0, 'known': 6, 'same': 6, 'error': 0}
  REGRESSED galaxies.sparc_rms_all: 16.67 (close), was 15.87 (pass)
  REGRESSED galaxies.sparc_rms_test: 13.56 (close), was 12.35 (pass)
  REGRESSED galaxies.sparc_bulges: 34.15 (fail), was 29.44 (pass)
  REGRESSED clusters.xcop_radial_trend: 0.4188 (fail), was 0.2389 (pass)
  REGRESSED lensing.kids_blue: -0.06664 (close), was 0.01116 (pass)
  REGRESSED lensing.kids_bulge: -0.1241 (fail), was 0.03364 (pass)
  REGRESSED lensing.kids_gama: -0.1196 (fail), was 0.009316 (pass)
  REGRESSED lensing.kids_gap_sersic: 0.2563 (close), was 0.1553 (pass)
  REGRESSED lensing.mistele_ltg: 3.154 (fail), was 2.859 (close)
  REGRESSED lensing.mistele_etg: 11.33 (fail), was 2.553 (close)
  REGRESSED lensing.slacs_light_equals_matter: -0.1081 (fail), was -0.02775 (pass)
  REGRESSED dwarfs.leo_ii: 5.157 (close), was 5.234 (pass)
  REGRESSED bullet.outer_stars: 1.433e+12 (fail), was 3.711e+12 (pass)
  REGRESSED macs0025.peak_nw: 243.4 (fail), was 79.2 (pass)
  REGRESSED abell520.m150_p2: 6.933e+13 (close), was 6.056e+13 (pass)
  REGRESSED abell520.m710: 7.186e+14 (close), was 5.272e+14 (pass)
  improved  lensing.kids_red: -0.07385 (close), was 0.07776 (fail)
  improved  lensing.kids_disc: 0.01206 (pass), was 0.06627 (close)
  improved  mw.mass_50: 3.770e+11 (pass), was 3.555e+11 (close)
  improved  macs0025.sigma: 728.9 (pass), was 668.7 (close)
  improved  abell520.m150_p6: 3.411e+13 (pass), was 2.527e+13 (close)
  improved  elgordo.sigma_nw: 1075.9 (pass), was 1013.7 (close)
  worse     clusters.xcop_rms: 0.2882 (pass), was 0.2215 (pass)
  worse     clusters.xcop_crossval: 0.2933 (pass), was 0.2365 (pass)
  worse     lensing.kids_gap: 0.1978 (pass), was 0.1263 (pass)
  worse     mw.mass_200: 1.334e+12 (pass), was 1.243e+12 (pass)
  worse     dwarfs.sculptor: 6.467 (pass), was 6.639 (pass)
  worse     dwarfs.carina: 3.306 (close), was 3.472 (close)
  worse     dwarfs.chi2: 144.7 (info), was 137.7 (info)
  worse     precision.cassini_q2: 4.272e-27 (pass), was 4.377e-27 (pass)
  worse     precision.cassini_q2_mw_model: 2.574e-27 (info), was 3.472e-27 (info)
  worse     bullet.kappa_sub: 0.1415 (pass), was 0.2764 (pass)
  worse     bullet.gas_main: 0.02589 (pass), was 0.04957 (pass)
  worse     bullet.m250_main: 2.899e+14 (pass), was 2.969e+14 (pass)
  worse     stack.beta_gas: 0.04708 (pass), was 0.01914 (pass)
  worse     abell520.m150_p1: 4.252e+13 (pass), was 3.158e+13 (pass)
  worse     abell520.m150_p3: 4.472e+13 (pass), was 3.717e+13 (pass)
  worse     abell520.m150_p5: 4.435e+13 (pass), was 3.453e+13 (pass)
  better    galaxies.sparc_median: 0.02107 (pass), was 0.02713 (pass)
  better    galaxies.sparc_median_switch: 0.009904 (pass), was 0.02706 (pass)
  better    mw.v_sun: 211.9 (close), was 209.2 (close)
  better    mw.rc_outer: -5.042 (pass), was -8.672 (pass)
  better    mw.rc_rms_eilers: 13.73 (info), was 15.94 (info)
  better    mw.vertical_pull: 70.94 (pass), was 72.29 (pass)
  better    mw.mass_20: 1.734e+11 (pass), was 1.661e+11 (pass)
  better    mw.mass_100: 6.981e+11 (pass), was 6.533e+11 (pass)
  better    dwarfs.fornax: 12.16 (pass), was 12.25 (pass)
  better    bullet.gas_sub: 0.02826 (pass), was 0.0516 (pass)
  better    bullet.peak_sub: 8.84 (pass), was 22.97 (pass)
  better    macs0025.m300_se: 2.393e+14 (pass), was 2.053e+14 (pass)
  better    macs0025.m300_nw: 2.268e+14 (pass), was 1.853e+14 (pass)
  better    abell520.m150_p4: 4.921e+13 (pass), was 4.117e+13 (pass)
  better    abell520.sigma_peaks: 2.335 (close), was 2.697 (close)
  better    elgordo.m500: 9.625e+14 (pass), was 8.423e+14 (pass)
  better    elgordo.sigma_se: 960.0 (pass), was 903.6 (pass)
  changed   law.a_SI: 5.983e-11 (info), was 6.298e-11 (info)
  changed   law.u_kms: 98.6 (info), was 169.4 (info)
  changed   law.reach_kpc: 1310.9 (info), was 2252.8 (info)
  changed   law.emission: 2.949e-06 (info), was 5.336e-06 (info)
  changed   machinery.guard_class: 1.233 (pass), was 0.9994 (pass)
  changed   machinery.guard_sparc_local: 0.0551 (pass), was 0.02749 (pass)
  changed   galaxies.sparc_msq: 0.2151 (info), was 0.2111 (info)
  changed   galaxies.sparc_rms_validation: 19.11 (pass), was 19.01 (pass)
  changed   clusters.u_preferred: 98.6 (info), was 169.4 (info)
  changed   lensing.kids_all: -0.0642 (close), was 0.06476 (close)
  changed   lensing.slacs_star_mass: 0.3415 (info), was 0.4264 (info)
  changed   lensing.einstein_cross: 1.046e-12 (pass), was 1.073e-12 (pass)
  changed   mw.v_escape: 517.3 (pass), was 504.4 (pass)
  changed   mw.inner_share: 0.9788 (pass), was 0.9842 (pass)
  changed   dwarfs.leo_i: 9.204 (pass), was 9.264 (pass)
  changed   precision.double_pulsar: 0.007434 (pass), was 0.01345 (pass)
  changed   precision.wide_binaries: 1.073 (pass), was 1.076 (pass)
  changed   bullet.kappa_main: 0.5877 (pass), was 0.7168 (pass)
  changed   bullet.peak_main: 15.9 (pass), was 15.68 (pass)
  changed   stack.offset: 10.22 (info), was 15.75 (info)
  changed   macs0025.peak_se: 30 (pass), was 23.61 (pass)
  changed   elgordo.m1000: 2.700e+15 (pass), was 2.142e+15 (pass)
  changed   elgordo.peak_se: 187.4 (info), was 248.4 (info)

wrote ../run-eft-v24/suite/eft_r12_refit-full/results.json and report.md (448 s)
