law: eft_excess_aqual_r12 -- a = 6.2979e-11 m/s^2; g_d = 2.0273e-10 m/s^2 (lambda 3.219); u = 169.4 km/s; reach 2.25 Mpc; gradual release over 3e+04 AU; distance scale alpha x0.9500 (H0-like 70.9); SPARC distances static; collision maps: eft_excess_aqual (code/eft_field_v24.py)
== collisions
  [     1 s] Bullet: outer stars, then the lensing map (static distances)
/home/user/photon-graviton/research_work/results/hot-companion/code/bullet_v3.py:108: RuntimeWarning: divide by zero encountered in divide
  cosang = (R ** 2 + offset ** 2 - rap ** 2) / (2 * R * offset)
  [   686 s] collision stack: lag 0 kpc, subcluster x1
  [   960 s] collision stack: lag 0 kpc, subcluster x3
  [  1226 s] collision stack: lag 40 kpc, subcluster x1
  [  1514 s] collision stack: lag 40 kpc, subcluster x3
  [  1814 s] collision stack: lag 80 kpc, subcluster x1
  [  2124 s] collision stack: lag 80 kpc, subcluster x3
  [  2423 s] collision stack: lag 150 kpc, subcluster x1
  [  2738 s] collision stack: lag 150 kpc, subcluster x3
  [  3041 s] collision stack: lag 209 kpc, subcluster x1
  [  3342 s] collision stack: lag 209 kpc, subcluster x3
  [  3646 s] collision stack: lag 300 kpc, subcluster x1
  [  3931 s] collision stack: lag 300 kpc, subcluster x3
  [  4227 s] MACS J0025.4-1222: lensing map (t = 0.3 Gyr, the dynamical clocks; static distances)
  [  4761 s] Abell 520: lensing map (t = 0.3 Gyr, static distances)
  [  5287 s] El Gordo: lensing map (t = 0.46 Gyr, the outgoing phase, static distances)

[collisions]
  PASS  Bullet main cluster: outer stars needed for the galaxy speed (static distances   3.711e+12 Msun      | 3.4-5.8 x 10^12 (Legacy Survey star count, round 6, converte           was 3.711e+12 pass
  PASS  Bullet main cluster: lensing strength (kappa) on its galaxies                       0.6947           | at least 0.36 +- 0.06 (a stated lower bound)                 changed   was 0.7168 pass
  PASS  Bullet subcluster: lensing strength (kappa) on its galaxies                         0.2223           | at least 0.20 +- 0.05 (a stated lower bound)                 changed   was 0.2764 pass
  PASS  Bullet: leftover lensing on the main cluster's gas                                 0.06387           | 0.05 +- 0.06                                                 worse     was 0.04957 pass
  PASS  Bullet: leftover lensing on the subcluster's gas                                    0.0837           | 0.02 +- 0.06                                                 worse     was 0.0516 pass
  PASS  Bullet main: lensing peak distance from its galaxies                                 27.01 kpc       | within a quarter of the galaxy-gas separation (252 kpc)      worse     was 15.68 pass
  PASS  Bullet sub: lensing peak distance from its galaxies                                  49.72 kpc       | within a quarter of the galaxy-gas separation (232 kpc)      worse     was 22.97 pass
  PASS  Bullet main cluster: lensing mass inside 301 kpc (250 in LCDM units)             2.940e+14 Msun      | 3.09-3.46 x 10^14 (Paraficz 2016; Bradac 2006; converted)    worse     was 2.969e+14 pass
  FAIL  Bullet subcluster: lensing mass inside 301 kpc (250 in LCDM units)               1.365e+14 Msun      | 2.47-2.85 x 10^14 (Paraficz 2016; Bradac 2006; converted)    known     was 1.385e+14 fail
  PASS  collision stack: how far the lensing follows the gas (beta, median of 20)          0.02062           | -0.04 +- 0.07 (Harvey et al. 2015, 72 collisions)            changed   was 0.01914 pass
  info  collision stack: lensing peak distance from the galaxies (median)                       25 kpc       | raw offset; includes the pull of the other cluster           changed   was 15.75 info
  PASS  MACS J0025 SE subcluster: lensing mass inside 300 kpc (LCDM units; 429 kpc sta   2.032e+14 Msun      | 3.64 (+1.46/-2.48) x 10^14                                   changed   was 2.053e+14 pass
  PASS  MACS J0025 NW subcluster: lensing mass inside 300 kpc (LCDM units; 429 kpc sta   1.873e+14 Msun      | 3.79 (+0.73/-2.04) x 10^14                                   changed   was 1.853e+14 pass
  PASS  MACS J0025 SE: lensing peak distance from its galaxies                               44.29 kpc       | with the galaxies, not the gas (530 kpc away): lensing offse changed   was 23.61 pass
  FAIL  MACS J0025 NW: lensing peak distance from its galaxies                               212.9 kpc       | with the galaxies, not the gas (244 kpc away): lensing offse REGRESSED was 79.2 pass
  close MACS J0025: galaxies' speed spread (line of sight, inside 1.5 Mpc)                   668.7 km/s      | 835 +- 59 (108 galaxies within 1.5 Mpc)                                was 668.7 close
  PASS  Abell 520 P1, a galaxy clump: lensing mass inside 150 kpc (LCDM units)           3.134e+13 Msun      | 2.44-3.26 x 10^13 in the static law (Jee et al. 2014; Clowe  changed   was 3.158e+13 pass
  PASS  Abell 520 P2, a galaxy clump: lensing mass inside 150 kpc (LCDM units)           5.793e+13 Msun      | 4.70-4.83 x 10^13 in the static law (Jee et al. 2014; Clowe  better    was 6.056e+13 pass
  PASS  Abell 520 P3, the gas-rich, galaxy-poor centre ("dark core"): lensing mass ins   3.969e+13 Msun      | 3.29-3.89 x 10^13 in the static law (Jee et al. 2014; Clowe  worse     was 3.717e+13 pass
  PASS  Abell 520 P4, a galaxy clump: lensing mass inside 150 kpc (LCDM units)           3.952e+13 Msun      | 4.91-6.48 x 10^13 in the static law (Jee et al. 2014; Clowe  worse     was 4.117e+13 pass
  PASS  Abell 520 P5, a galaxy clump: lensing mass inside 150 kpc (LCDM units)           3.377e+13 Msun      | 3.40-3.68 x 10^13 in the static law (Jee et al. 2014; Clowe  changed   was 3.453e+13 pass
  close Abell 520 P6, a galaxy clump: lensing mass inside 150 kpc (LCDM units)           2.646e+13 Msun      | 4.27-4.27 x 10^13 in the static law (Jee et al. 2014; Clowe  better    was 2.527e+13 close
  PASS  Abell 520: lensing mass inside 710 kpc of the centre (LCDM units)                5.261e+14 Msun      | 5.84 +- 0.64 x 10^14 in the static law (Mahdavi et al. 2007; changed   was 5.272e+14 pass
  close Abell 520: galaxies' speed spread at P1, P2, P4, P5 (rms z)                          2.697           | Girardi et al. 2008 Table 4: 811, 749, 579, 668 km/s (6-9 ga           was 2.697 close
  PASS  El Gordo: lensing mass inside 500 kpc of the centre of mass (Planck units)       8.447e+14 Msun      | 9.45e+14 +- 12% (aperture mass)                              changed   was 8.423e+14 pass
  PASS  El Gordo: lensing mass inside 1000 kpc of the centre of mass (Planck units)      2.138e+15 Msun      | 2.43e+15 +- 12% (aperture mass)                              changed   was 2.142e+15 pass
  close El Gordo NW: galaxies' speed spread (line of sight, inside 1 Mpc)                   1013.7 km/s      | 1290 +- 134 (Menanteau et al. 2012)                                    was 1013.7 close
  PASS  El Gordo SE: galaxies' speed spread (line of sight, inside 1 Mpc)                    903.6 km/s      | 1089 +- 200 (Menanteau et al. 2012)                                    was 903.6 pass
  info  El Gordo SE: lensing peak distance from the cool gas core                            286.9 kpc       | about 12 arcsec, the lensing peak nearer the merger centre ( changed   was 248.4 info

status: {'pass': 21, 'close': 4, 'fail': 2, 'info': 2, 'error': 0}
against the baseline (baseline.json (round12, full, 2026-09-24 04:37 UTC)): {'regressed': 1, 'improved': 0, 'worse': 7, 'better': 2, 'changed': 13, 'new': 0, 'known': 1, 'same': 5, 'error': 0}
  REGRESSED macs0025.peak_nw: 212.9 (fail), was 79.2 (pass)
  worse     bullet.gas_main: 0.06387 (pass), was 0.04957 (pass)
  worse     bullet.gas_sub: 0.0837 (pass), was 0.0516 (pass)
  worse     bullet.peak_main: 27.01 (pass), was 15.68 (pass)
  worse     bullet.peak_sub: 49.72 (pass), was 22.97 (pass)
  worse     bullet.m250_main: 2.940e+14 (pass), was 2.969e+14 (pass)
  worse     abell520.m150_p3: 3.969e+13 (pass), was 3.717e+13 (pass)
  worse     abell520.m150_p4: 3.952e+13 (pass), was 4.117e+13 (pass)
  better    abell520.m150_p2: 5.793e+13 (pass), was 6.056e+13 (pass)
  better    abell520.m150_p6: 2.646e+13 (close), was 2.527e+13 (close)
  changed   bullet.kappa_main: 0.6947 (pass), was 0.7168 (pass)
  changed   bullet.kappa_sub: 0.2223 (pass), was 0.2764 (pass)
  changed   stack.beta_gas: 0.02062 (pass), was 0.01914 (pass)
  changed   stack.offset: 25 (info), was 15.75 (info)
  changed   macs0025.m300_se: 2.032e+14 (pass), was 2.053e+14 (pass)
  changed   macs0025.m300_nw: 1.873e+14 (pass), was 1.853e+14 (pass)
  changed   macs0025.peak_se: 44.29 (pass), was 23.61 (pass)
  changed   abell520.m150_p1: 3.134e+13 (pass), was 3.158e+13 (pass)
  changed   abell520.m150_p5: 3.377e+13 (pass), was 3.453e+13 (pass)
  changed   abell520.m710: 5.261e+14 (pass), was 5.272e+14 (pass)
  changed   elgordo.m500: 8.447e+14 (pass), was 8.423e+14 (pass)
  changed   elgordo.m1000: 2.138e+15 (pass), was 2.142e+15 (pass)
  changed   elgordo.peak_se: 286.9 (info), was 248.4 (info)

wrote ../run-eft-v24/suite/eft_excess_aqual_r12-collisions/results.json and report.md (5801 s)
