law: eft_nohold_r12 -- a = 6.2979e-11 m/s^2; g_d = 6.2979e-02 m/s^2 (lambda 1000000000.000); u = 169.4 km/s; reach 2.25 Mpc; gradual release over 3e+04 AU; distance scale alpha x0.9500 (H0-like 70.9); SPARC distances static; hot matter heard one way vector; collision maps: eft (code/eft_field_v24.py)
== machinery
  [     1 s] guard: point mass, temperature, SPARC local-function test
== galaxies
  [     1 s] SPARC scores
== clusters
  [     2 s] X-COP masses
  [     2 s] X-COP cross-validation (924 half splits)
== lensing
  [     5 s] KiDS lensing
  [     7 s] Mistele circular speeds
  [     7 s] SLACS lenses
== milky_way
  [    10 s] Milky Way: our law with McMillan (2017) matter
/home/user/photon-graviton/research_work/results/hot-companion/code/mw_model.py:45: RuntimeWarning: overflow encountered in cosh
  return 1.0 / np.cosh(z / (2 * self.zd)) ** 2 / (4 * self.zd)
/home/user/photon-graviton/research_work/results/hot-companion/code/mw_model.py:45: RuntimeWarning: overflow encountered in square
  return 1.0 / np.cosh(z / (2 * self.zd)) ** 2 / (4 * self.zd)
  [    24 s] Milky Way: Newton (for the inner share) and the local census (vertical pull)
== dwarfs
  [    44 s] dwarfs (external hold x1)
== precision
  [    53 s] Cassini Q2 (g_e 1.216e-10, hold x1, release length 30000 AU)
== collisions
  [    73 s] Bullet: outer stars, then the lensing map (static distances)
/home/user/photon-graviton/research_work/results/hot-companion/code/bullet_v3.py:108: RuntimeWarning: divide by zero encountered in divide
  cosang = (R ** 2 + offset ** 2 - rap ** 2) / (2 * R * offset)
  [   262 s] collision stack: lag 0 kpc, subcluster x1
  [   275 s] collision stack: lag 0 kpc, subcluster x3
  [   283 s] collision stack: lag 40 kpc, subcluster x1
  [   292 s] collision stack: lag 40 kpc, subcluster x3
  [   301 s] collision stack: lag 80 kpc, subcluster x1
  [   312 s] collision stack: lag 80 kpc, subcluster x3
  [   323 s] collision stack: lag 150 kpc, subcluster x1
  [   333 s] collision stack: lag 150 kpc, subcluster x3
  [   343 s] collision stack: lag 209 kpc, subcluster x1
  [   353 s] collision stack: lag 209 kpc, subcluster x3
  [   362 s] collision stack: lag 300 kpc, subcluster x1
  [   370 s] collision stack: lag 300 kpc, subcluster x3
  [   378 s] MACS J0025.4-1222: lensing map (t = 0.3 Gyr, the dynamical clocks; static distances)
  [   399 s] Abell 520: lensing map (t = 0.3 Gyr, static distances)
  [   426 s] El Gordo: lensing map (t = 0.46 Gyr, the outgoing phase, static distances)

[machinery]
  info  deep-regime strength a                                                           6.298e-11 m/s^2     | constant of the law under test                                         was 6.298e-11 info
  info  release scale g_d                                                                  0.06298 m/s^2     | constant of the law under test                               changed   was 2.027e-10 info
  info  companion speed u                                                                    169.4 km/s      | constant of the law under test                                         was 169.4 info
  info  reach u x 13 Gyr                                                                    2252.8 kpc       | constant of the law under test                                         was 2252.8 info
  info  companion emission per kg of matter, l = a u / 2                                 5.336e-06 W/kg      | energy budget (round 3: 6.48e-6)                                       was 5.336e-06 info
  PASS  standing rule: not MOND, not Newton, not dark matter                                0.9994 dex       | no forbidden class in the guard verdict; value = spread of t           was 0.9994 pass
  PASS  SPARC pull is not a function of g_N alone                                          0.03289 dex       | >= 0.005 dex beyond a local function of g_N                  changed   was 0.02749 pass
  PASS  extra pull at 100 g_d, relative to Newton                                                0           | < 1e-12                                                                was 0 pass

[galaxies]
  FAIL  SPARC typical speed miss (all galaxies)                                              18.33 km/s      | no worse than MOND (16.13); within 5% is close               REGRESSED was 15.87 pass
  info  SPARC mean squared log residual (the fitted statistic)                              0.2293           |                                                              changed   was 0.2111 info
  FAIL  SPARC typical speed miss (test galaxies)                                             16.59 km/s      | no worse than MOND (13.52); within 5% is close               REGRESSED was 12.35 pass
  FAIL  SPARC typical speed miss (validation galaxies)                                       22.59 km/s      | no worse than MOND (19.80); within 5% is close               REGRESSED was 19.01 pass
  PASS  SPARC median residual log10(observed/predicted pull)                              -0.02577 dex       | 0 +- 0.02 dex (stellar mass-to-light zero point)             changed   was 0.02713 pass
  FAIL  SPARC median residual where the release switches (g_N 10^-10.25 to 10^-9.5)       -0.06997 dex       | 0 +- 0.02 dex                                                REGRESSED was 0.02706 pass
  FAIL  bulge-dominated galaxies (25): typical speed miss                                    40.66 km/s      | no worse than MOND (30.35)                                   REGRESSED was 29.44 pass

[clusters]
  close X-COP: typical mass miss, rms ln(M_hydrostatic/M_predicted) (static distances)      0.4442           | <= 0.30 (hydrostatic masses carry 10-20% bias and error); MO REGRESSED was 0.2215 pass
  FAIL  X-COP: worst mean miss at any of the six radii (0.1-1 R500)                         0.6534           | <= 0.25 (the usual hydrostatic bias at R500)                 REGRESSED was 0.2389 pass
  info  the companion speed X-COP prefers for these a and g_d                                107.7 km/s      | law uses 169.4                                               worse     was 169.4 info
  PASS  X-COP: held-out typical miss, u fitted on the other half                            0.2864           | <= 0.30                                                      worse     was 0.2365 pass

[lensing]
  close KiDS lensing pull, all isolated lenses (mixture): median log10(observed/predic     0.06339 dex       | 0 +- 0.025 dex (7 reliable bins)                             changed   was 0.06476 close
  PASS  KiDS lensing pull, blue lenses (k = 0.51, measured): median log10(observed/pre    0.007215 dex       | 0 +- 0.025 dex (7 reliable bins)                             better    was 0.01116 pass
  FAIL  KiDS lensing pull, red lenses (k = 1.97, measured): median log10(observed/pred     0.07731 dex       | 0 +- 0.025 dex (7 reliable bins)                             known     was 0.07776 fail
  close KiDS lensing pull, Sersic n < 2 (disks; k = 0.28): median log10(observed/predi     0.06549 dex       | 0 +- 0.025 dex (7 reliable bins)                             changed   was 0.06627 close
  PASS  KiDS lensing pull, Sersic n > 2 (bulges; k = 1.98): median log10(observed/pred     0.03319 dex       | 0 +- 0.025 dex (7 reliable bins)                             changed   was 0.03364 pass
  PASS  KiDS lensing pull, GAMA spectroscopic lenses: median log10(observed/predicted)     0.00795 dex       | 0 +- 0.025 dex (7 reliable bins)                             changed   was 0.009316 pass
  PASS  KiDS: red lenses lens more than blue ones of the same visible mass (colour gap      0.1263 dex       | 0.153 +- 0.04 dex (same bins)                                          was 0.1263 pass
  PASS  KiDS: bulge-dominated lenses lens more than disk-dominated ones (Sersic gap)        0.1554 dex       | 0.154 +- 0.04 dex (same bins)                                          was 0.1553 pass
  close lensing circular speeds 50-300 kpc, spirals: rms z (static distances)                2.855           | Mistele et al. 2024 (ApJL 969, L3), Table 1                  changed   was 2.859 close
  close lensing circular speeds 50-300 kpc, ellipticals: rms z (static distances)            2.643           | Mistele et al. 2024 (ApJL 969, L3), Table 1                  changed   was 2.553 close
  FAIL  SLACS: stellar mass from lensing minus from star speeds (mean of 6)               -0.09193 dex       | 0 +- 0.023 (the lenses' own scatter)                         REGRESSED was -0.02775 pass
  info  SLACS: stellar mass needed for the Einstein radii, vs Chabrier (static distanc      0.1399 dex       | Salpeter is +0.25; the IMF trend of Posacki et al. 2015 is d changed   was 0.4264 info
  PASS  Einstein Cross: companion share of the pull at the ring                             0.1107           | dark matter inside the ring < 15% (Trott et al. 2010; van de worse     was 1.073e-12 pass
  FAIL  bulge microlensing: companion share at a star's Einstein radius                  4.186e-04           | standard lensing by stars (OGLE, MOA optical depths)         REGRESSED was 0 pass

[milky_way]
  PASS  rotation speed at the Sun (8.2 kpc)                                                  233.6 km/s      | 229-234 (Eilers 2019, Zhou 2023, Ou 2024, Jiao 2023); +-7 fo improved  was 209.2 close
  PASS  rotation curve 15-27 kpc: mean offset over the four Gaia analyses                   -1.065 km/s      | 0 +- 5 (the analyses differ by about 10)                     better    was -8.672 pass
  info  rotation curve 5-27 kpc: typical miss against Eilers et al. 2019                     6.592 km/s      |                                                              better    was 15.94 info
  FAIL  vertical pull 1.1 kpc above the Sun (as surface density), counted local matter       86.85 Msun/pc^2 | 69.8 +- 3.3 (Bovy & Rix 2013: 68 +- 4; Holmberg & Flynn 2004 REGRESSED was 72.29 pass
  PASS  mass inside 20 kpc (as inferred from orbits)                                     1.776e+11 Msun      | 1.91e+11 +- 1.8e+10 (Posti & Helmi 2019)                     better    was 1.661e+11 pass
  close mass inside 50 kpc (as inferred from orbits)                                     3.604e+11 Msun      | 4.50e+11 +- 4.0e+10 (Correa Magnus & Vasiliev 2022)          better    was 3.555e+11 close
  PASS  mass inside 100 kpc (as inferred from orbits)                                    6.557e+11 Msun      | 6.90e+11 +- 7.0e+10 (Deason 2021 + Correa Magnus & Vasiliev  changed   was 6.533e+11 pass
  PASS  mass inside 200 kpc (as inferred from orbits)                                    1.244e+12 Msun      | 1.10e+12 +- 2.5e+11 (Correa Magnus & Vasiliev 2022)                    was 1.243e+12 pass
  PASS  escape speed at the Sun (to 400 kpc)                                                 518.5 km/s      | 445-580 (seven analyses 2014-2024)                           changed   was 504.4 pass
  PASS  inner Galaxy (bar region, 2-3 kpc): share of the rotation speed from visible m      0.8454           | 0.88 +- 0.07 (Wegg, Gerhard & Portail 2016, bulge microlensi better    was 0.9842 pass

[dwarfs]
  FAIL  Draco: stars' speed spread                                                           2.801 km/s      | 9.1 +- 1.2                                                   known     was 2.788 fail
  FAIL  Ursa Minor: stars' speed spread                                                       3.46 km/s      | 9.5 +- 1.2                                                   known     was 3.442 fail
  PASS  Sculptor: stars' speed spread                                                        6.683 km/s      | 9.2 +- 1.4                                                   changed   was 6.639 pass
  FAIL  Sextans: stars' speed spread                                                         2.112 km/s      | 7.9 +- 1.3                                                   known     was 2.104 fail
  close Carina: stars' speed spread                                                          3.482 km/s      | 6.6 +- 1.2                                                   changed   was 3.472 close
  PASS  Fornax: stars' speed spread                                                          12.34 km/s      | 11.7 +- 0.9                                                  changed   was 12.25 pass
  PASS  Leo II: stars' speed spread                                                          5.254 km/s      | 6.6 +- 0.7                                                   changed   was 5.234 pass
  PASS  Leo I: stars' speed spread                                                           9.382 km/s      | 9.2 +- 1.4                                                   changed   was 9.264 pass
  FAIL  Crater II: stars' speed spread                                                       1.001 km/s      | 2.7 +- 0.3                                                   known     was 0.9986 fail
  FAIL  Antlia 2: stars' speed spread                                                        1.107 km/s      | 5.71 +- 1.08                                                 known     was 1.105 fail
  info  all ten dwarfs: chi-squared (MOND with the same stars: 119)                          137.2           |                                                              changed   was 137.7 info

[precision]
  FAIL  planets Mercury-Neptune: largest extra pull relative to Newton                    0.003098           | < 1e-12 (planetary ephemerides)                              REGRESSED was 0 pass
  FAIL  star S2 at the Galactic Centre (far point): extra pull relative to Newton        8.711e-05           | GR precession 1.10 +- 0.19 (GRAVITY 2020)                    REGRESSED was 0 pass
  PASS  Double Pulsar: orbit change from the companion emission, in measurement errors     0.01345           | < 0.5 of the error on the orbital decay (Kramer et al. 2021)           was 0.01345 pass
  PASS  light bending at the Sun's limb: extra relative to GR                                    0           | gamma - 1 = (2.1 +- 2.3) x 10^-5 (Cassini)                             was 0 pass
  PASS  Cassini: Galactic distortion of the Sun's field, Q2                              3.748e-27 1/s^2     | (1.6 +- 1.8) x 10^-27 (Park et al. 2026)                     worse     was 4.377e-27 pass
  info  Cassini Q2 with the Milky Way model's pull and heat at the Sun                   3.106e-27 1/s^2     |                                                              worse     was 3.472e-27 info
  PASS  wide binaries (1 Msun, 20,000 AU): boost of the pull                                 1.292           | between the two published analyses, 1.0 (Banik et al. 2024)  changed   was 1.076 pass

[collisions]
  FAIL  Bullet main cluster: outer stars needed for the galaxy speed (static distances   1.256e+13 Msun      | 3.4-5.8 x 10^12 (Legacy Survey star count, round 6, converte REGRESSED was 3.711e+12 pass
  PASS  Bullet main cluster: lensing strength (kappa) on its galaxies                       0.4935           | at least 0.36 +- 0.06 (a stated lower bound)                 changed   was 0.7168 pass
  close Bullet subcluster: lensing strength (kappa) on its galaxies                        0.08235           | at least 0.20 +- 0.05 (a stated lower bound)                 REGRESSED was 0.2764 pass
  PASS  Bullet: leftover lensing on the main cluster's gas                                 0.03103           | 0.05 +- 0.06                                                 worse     was 0.04957 pass
  PASS  Bullet: leftover lensing on the subcluster's gas                                   0.03189           | 0.02 +- 0.06                                                 better    was 0.0516 pass
  PASS  Bullet main: lensing peak distance from its galaxies                                 22.11 kpc       | within a quarter of the galaxy-gas separation (252 kpc)      worse     was 15.68 pass
  PASS  Bullet sub: lensing peak distance from its galaxies                                  26.74 kpc       | within a quarter of the galaxy-gas separation (232 kpc)      changed   was 22.97 pass
  FAIL  Bullet main cluster: lensing mass inside 301 kpc (250 in LCDM units)             2.520e+14 Msun      | 3.09-3.46 x 10^14 (Paraficz 2016; Bradac 2006; converted)    REGRESSED was 2.969e+14 pass
  FAIL  Bullet subcluster: lensing mass inside 301 kpc (250 in LCDM units)               1.154e+14 Msun      | 2.47-2.85 x 10^14 (Paraficz 2016; Bradac 2006; converted)    worse     was 1.385e+14 fail
  close collision stack: how far the lensing follows the gas (beta, median of 20)           0.1456           | -0.04 +- 0.07 (Harvey et al. 2015, 72 collisions)            REGRESSED was 0.01914 pass
  info  collision stack: lensing peak distance from the galaxies (median)                    13.71 kpc       | raw offset; includes the pull of the other cluster           changed   was 15.75 info
  PASS  MACS J0025 SE subcluster: lensing mass inside 300 kpc (LCDM units; 429 kpc sta   1.456e+14 Msun      | 3.64 (+1.46/-2.48) x 10^14                                   worse     was 2.053e+14 pass
  PASS  MACS J0025 NW subcluster: lensing mass inside 300 kpc (LCDM units; 429 kpc sta   1.701e+14 Msun      | 3.79 (+0.73/-2.04) x 10^14                                   changed   was 1.853e+14 pass
  PASS  MACS J0025 SE: lensing peak distance from its galaxies                               36.97 kpc       | with the galaxies, not the gas (530 kpc away): lensing offse changed   was 23.61 pass
  FAIL  MACS J0025 NW: lensing peak distance from its galaxies                               248.7 kpc       | with the galaxies, not the gas (244 kpc away): lensing offse REGRESSED was 79.2 pass
  FAIL  MACS J0025: galaxies' speed spread (line of sight, inside 1.5 Mpc)                   579.6 km/s      | 835 +- 59 (108 galaxies within 1.5 Mpc)                      REGRESSED was 668.7 close
  PASS  Abell 520 P1, a galaxy clump: lensing mass inside 150 kpc (LCDM units)           2.478e+13 Msun      | 2.44-3.26 x 10^13 in the static law (Jee et al. 2014; Clowe  changed   was 3.158e+13 pass
  PASS  Abell 520 P2, a galaxy clump: lensing mass inside 150 kpc (LCDM units)           4.005e+13 Msun      | 4.70-4.83 x 10^13 in the static law (Jee et al. 2014; Clowe  better    was 6.056e+13 pass
  PASS  Abell 520 P3, the gas-rich, galaxy-poor centre ("dark core"): lensing mass ins   3.206e+13 Msun      | 3.29-3.89 x 10^13 in the static law (Jee et al. 2014; Clowe  worse     was 3.717e+13 pass
  close Abell 520 P4, a galaxy clump: lensing mass inside 150 kpc (LCDM units)           2.900e+13 Msun      | 4.91-6.48 x 10^13 in the static law (Jee et al. 2014; Clowe  REGRESSED was 4.117e+13 pass
  PASS  Abell 520 P5, a galaxy clump: lensing mass inside 150 kpc (LCDM units)           2.905e+13 Msun      | 3.40-3.68 x 10^13 in the static law (Jee et al. 2014; Clowe  worse     was 3.453e+13 pass
  close Abell 520 P6, a galaxy clump: lensing mass inside 150 kpc (LCDM units)           2.394e+13 Msun      | 4.27-4.27 x 10^13 in the static law (Jee et al. 2014; Clowe  worse     was 2.527e+13 close
  PASS  Abell 520: lensing mass inside 710 kpc of the centre (LCDM units)                4.793e+14 Msun      | 5.84 +- 0.64 x 10^14 in the static law (Mahdavi et al. 2007; worse     was 5.272e+14 pass
  FAIL  Abell 520: galaxies' speed spread at P1, P2, P4, P5 (rms z)                          3.456           | Girardi et al. 2008 Table 4: 811, 749, 579, 668 km/s (6-9 ga REGRESSED was 2.697 close
  close El Gordo: lensing mass inside 500 kpc of the centre of mass (Planck units)       6.877e+14 Msun      | 9.45e+14 +- 12% (aperture mass)                              REGRESSED was 8.423e+14 pass
  PASS  El Gordo: lensing mass inside 1000 kpc of the centre of mass (Planck units)      1.918e+15 Msun      | 2.43e+15 +- 12% (aperture mass)                              worse     was 2.142e+15 pass
  FAIL  El Gordo NW: galaxies' speed spread (line of sight, inside 1 Mpc)                    885.3 km/s      | 1290 +- 134 (Menanteau et al. 2012)                          REGRESSED was 1013.7 close
  PASS  El Gordo SE: galaxies' speed spread (line of sight, inside 1 Mpc)                    800.4 km/s      | 1089 +- 200 (Menanteau et al. 2012)                          worse     was 903.6 pass
  info  El Gordo SE: lensing peak distance from the cool gas core                            28.08 kpc       | about 12 arcsec, the lensing peak nearer the merger centre ( changed   was 248.4 info

status: {'pass': 41, 'close': 12, 'fail': 24, 'info': 13, 'error': 0}
against the baseline (baseline.json (round12, full, 2026-09-24 04:37 UTC)): {'regressed': 22, 'improved': 1, 'worse': 15, 'better': 8, 'changed': 27, 'new': 0, 'known': 6, 'same': 11, 'error': 0}
  REGRESSED galaxies.sparc_rms_all: 18.33 (fail), was 15.87 (pass)
  REGRESSED galaxies.sparc_rms_test: 16.59 (fail), was 12.35 (pass)
  REGRESSED galaxies.sparc_rms_validation: 22.59 (fail), was 19.01 (pass)
  REGRESSED galaxies.sparc_median_switch: -0.06997 (fail), was 0.02706 (pass)
  REGRESSED galaxies.sparc_bulges: 40.66 (fail), was 29.44 (pass)
  REGRESSED clusters.xcop_rms: 0.4442 (close), was 0.2215 (pass)
  REGRESSED clusters.xcop_radial_trend: 0.6534 (fail), was 0.2389 (pass)
  REGRESSED lensing.slacs_light_equals_matter: -0.09193 (fail), was -0.02775 (pass)
  REGRESSED lensing.microlensing: 4.186e-04 (fail), was 0 (pass)
  REGRESSED mw.vertical_pull: 86.85 (fail), was 72.29 (pass)
  REGRESSED precision.planets: 0.003098 (fail), was 0 (pass)
  REGRESSED precision.S2: 8.711e-05 (fail), was 0 (pass)
  REGRESSED bullet.outer_stars: 1.256e+13 (fail), was 3.711e+12 (pass)
  REGRESSED bullet.kappa_sub: 0.08235 (close), was 0.2764 (pass)
  REGRESSED bullet.m250_main: 2.520e+14 (fail), was 2.969e+14 (pass)
  REGRESSED stack.beta_gas: 0.1456 (close), was 0.01914 (pass)
  REGRESSED macs0025.peak_nw: 248.7 (fail), was 79.2 (pass)
  REGRESSED macs0025.sigma: 579.6 (fail), was 668.7 (close)
  REGRESSED abell520.m150_p4: 2.900e+13 (close), was 4.117e+13 (pass)
  REGRESSED abell520.sigma_peaks: 3.456 (fail), was 2.697 (close)
  REGRESSED elgordo.m500: 6.877e+14 (close), was 8.423e+14 (pass)
  REGRESSED elgordo.sigma_nw: 885.3 (fail), was 1013.7 (close)
  improved  mw.v_sun: 233.6 (pass), was 209.2 (close)
  worse     clusters.u_preferred: 107.7 (info), was 169.4 (info)
  worse     clusters.xcop_crossval: 0.2864 (pass), was 0.2365 (pass)
  worse     lensing.einstein_cross: 0.1107 (pass), was 1.073e-12 (pass)
  worse     precision.cassini_q2: 3.748e-27 (pass), was 4.377e-27 (pass)
  worse     precision.cassini_q2_mw_model: 3.106e-27 (info), was 3.472e-27 (info)
  worse     bullet.gas_main: 0.03103 (pass), was 0.04957 (pass)
  worse     bullet.peak_main: 22.11 (pass), was 15.68 (pass)
  worse     bullet.m250_sub: 1.154e+14 (fail), was 1.385e+14 (fail)
  worse     macs0025.m300_se: 1.456e+14 (pass), was 2.053e+14 (pass)
  worse     abell520.m150_p3: 3.206e+13 (pass), was 3.717e+13 (pass)
  worse     abell520.m150_p5: 2.905e+13 (pass), was 3.453e+13 (pass)
  worse     abell520.m150_p6: 2.394e+13 (close), was 2.527e+13 (close)
  worse     abell520.m710: 4.793e+14 (pass), was 5.272e+14 (pass)
  worse     elgordo.m1000: 1.918e+15 (pass), was 2.142e+15 (pass)
  worse     elgordo.sigma_se: 800.4 (pass), was 903.6 (pass)
  better    lensing.kids_blue: 0.007215 (pass), was 0.01116 (pass)
  better    mw.rc_outer: -1.065 (pass), was -8.672 (pass)
  better    mw.rc_rms_eilers: 6.592 (info), was 15.94 (info)
  better    mw.mass_20: 1.776e+11 (pass), was 1.661e+11 (pass)
  better    mw.mass_50: 3.604e+11 (close), was 3.555e+11 (close)
  better    mw.inner_share: 0.8454 (pass), was 0.9842 (pass)
  better    bullet.gas_sub: 0.03189 (pass), was 0.0516 (pass)
  better    abell520.m150_p2: 4.005e+13 (pass), was 6.056e+13 (pass)
  changed   law.g_d_SI: 0.06298 (info), was 2.027e-10 (info)
  changed   machinery.guard_sparc_local: 0.03289 (pass), was 0.02749 (pass)
  changed   galaxies.sparc_msq: 0.2293 (info), was 0.2111 (info)
  changed   galaxies.sparc_median: -0.02577 (pass), was 0.02713 (pass)
  changed   lensing.kids_all: 0.06339 (close), was 0.06476 (close)
  changed   lensing.kids_disc: 0.06549 (close), was 0.06627 (close)
  changed   lensing.kids_bulge: 0.03319 (pass), was 0.03364 (pass)
  changed   lensing.kids_gama: 0.00795 (pass), was 0.009316 (pass)
  changed   lensing.mistele_ltg: 2.855 (close), was 2.859 (close)
  changed   lensing.mistele_etg: 2.643 (close), was 2.553 (close)
  changed   lensing.slacs_star_mass: 0.1399 (info), was 0.4264 (info)
  changed   mw.mass_100: 6.557e+11 (pass), was 6.533e+11 (pass)
  changed   mw.v_escape: 518.5 (pass), was 504.4 (pass)
  changed   dwarfs.sculptor: 6.683 (pass), was 6.639 (pass)
  changed   dwarfs.carina: 3.482 (close), was 3.472 (close)
  changed   dwarfs.fornax: 12.34 (pass), was 12.25 (pass)
  changed   dwarfs.leo_ii: 5.254 (pass), was 5.234 (pass)
  changed   dwarfs.leo_i: 9.382 (pass), was 9.264 (pass)
  changed   dwarfs.chi2: 137.2 (info), was 137.7 (info)
  changed   precision.wide_binaries: 1.292 (pass), was 1.076 (pass)
  changed   bullet.kappa_main: 0.4935 (pass), was 0.7168 (pass)
  changed   bullet.peak_sub: 26.74 (pass), was 22.97 (pass)
  changed   stack.offset: 13.71 (info), was 15.75 (info)
  changed   macs0025.m300_nw: 1.701e+14 (pass), was 1.853e+14 (pass)
  changed   macs0025.peak_se: 36.97 (pass), was 23.61 (pass)
  changed   abell520.m150_p1: 2.478e+13 (pass), was 3.158e+13 (pass)
  changed   elgordo.peak_se: 28.08 (info), was 248.4 (info)

wrote ../run-eft-v24/suite/eft_nohold_r12-full/results.json and report.md (445 s)
