J0037-0942
J0044+0113
J0330-0020
J0728+3835
J0822+2652
J0936+0913
J0956+5100
J0959+4416
J1020+1122
J1029+0420
J1106+5228
J1112+0826
J1142+1001
J1143-0144
J1153+4612
J1204+0358
J1205+4910
J1213+6708
J1218+0830
J1402+6321
J1403+0006
J1416+5136
J1430+4105
J1436-0000
J1451-0239
J1525+3327
J1538+5817
J1621+3931
J1630+4520
J1636+4707
J2300+0022
J2341+0000
{
  "baryons": {
    "sigma_rmse_km_s": 62.77106831565899,
    "sigma_mean_residual_km_s": -54.43681221453777,
    "theta_rmse_arcsec": 0.46275909782825153,
    "theta_mean_residual_arcsec": -0.4085498269776517,
    "median_sigma_pred_over_observed": 0.7899261190337669,
    "median_theta_pred_over_SIE": 0.6633668862282343
  },
  "stationary_wave": {
    "sigma_rmse_km_s": 38.971436183854365,
    "sigma_mean_residual_km_s": 17.145414038205587,
    "theta_rmse_arcsec": 0.25873464423025183,
    "theta_mean_residual_arcsec": 0.20071662673351534,
    "median_sigma_pred_over_observed": 1.0878948595377098,
    "median_theta_pred_over_SIE": 1.1722498206144327
  }
}
