[  388 s]                       single free         Ns 48 k   2.0 (q 0.408) nu  0.0 seed 1: output 2.331e-01, pull +1.105e-04 (quiet +2.031e-04, from sources +2.468e-04, radiators -9.261e-05), keeping step +0.56, rhythm spread 1.33e-04, E res -4.8e-13
[  390 s]                       single free         Ns 48 k   8.0 (q 0.816) nu  0.0 seed 1: output 5.180e-01, pull +1.738e-04 (quiet +3.391e-04, from sources +4.279e-04, radiators -1.653e-04), keeping step +0.96, rhythm spread 8.17e-05, E res -1.8e-12
[  392 s]                       single cold         Ns 48 k   0.0 (q 0.000) nu  0.0 seed 1: output 1.317e-01, pull +9.537e-05 (quiet +1.626e-04, from sources +1.932e-04, radiators -6.726e-05), keeping step +0.62, rhythm spread 1.26e-04, E res -3.5e-14
[  786 s]                  single, odd cold         Ns 48 k   0.0 (q 0.000) nu  0.0 seed 1: output 1.317e-01, pull +9.537e-05 (quiet +1.626e-04, from sources +1.932e-04, radiators -6.726e-05), keeping step +0.62, rhythm spread 1.26e-04, E res -3.5e-14
[  789 s]                       single collisional  Ns 48 k   8.0 (q 0.816) nu 50.0 seed 1: output 2.124e-01, pull +8.412e-05 (quiet +1.581e-04, from sources +1.883e-04, radiators -7.394e-05), keeping step +0.46, rhythm spread 1.14e-04, E res -3.2e-07
[  908 s]                       single stopped      Ns 48 k   8.0 (q 0.816) nu  0.0 seed 1: output 1.308e-01, pull +9.981e-05 (quiet +1.670e-04, from sources +2.086e-04, radiators -6.718e-05), keeping step +0.69, rhythm spread 1.60e-04, E res -3.3e-12
[ 1189 s]                  single, odd free         Ns 48 k   2.0 (q 0.408) nu  0.0 seed 1: output 2.473e-01, pull +1.472e-04 (quiet +2.603e-04, from sources +3.138e-04, radiators -1.131e-04), keeping step +0.82, rhythm spread 1.32e-04, E res -3.6e-13
[ 1198 s]                  single, odd free         Ns 48 k   8.0 (q 0.816) nu  0.0 seed 1: output 5.525e-01, pull +1.263e-04 (quiet +2.933e-04, from sources +3.493e-04, radiators -1.670e-04), keeping step +0.65, rhythm spread 4.27e-05, E res -1.7e-12
[ 1340 s]                  single, odd collisional  Ns 48 k   8.0 (q 0.816) nu 50.0 seed 1: output 2.123e-01, pull +8.589e-05 (quiet +1.597e-04, from sources +1.895e-04, radiators -7.378e-05), keeping step +0.48, rhythm spread 1.20e-04, E res -3.2e-07
[ 1619 s]                       single cold         Ns 48 k   0.0 (q 0.000) nu  0.0 seed 2: output 1.299e-01, pull +8.900e-05 (quiet +1.449e-04, from sources +1.638e-04, radiators -5.594e-05), keeping step +0.64, rhythm spread 2.15e-04, E res 1.8e-14
[ 1767 s]                  single, odd stopped      Ns 48 k   8.0 (q 0.816) nu  0.0 seed 1: output 1.311e-01, pull +1.090e-04 (quiet +1.825e-04, from sources +2.139e-04, radiators -7.351e-05), keeping step +0.72, rhythm spread 1.22e-04, E res -3.3e-12
[ 1778 s]                       single free         Ns 48 k   2.0 (q 0.408) nu  0.0 seed 2: output 2.839e-01, pull +1.709e-04 (quiet +3.124e-04, from sources +3.893e-04, radiators -1.415e-04), keeping step +0.99, rhythm spread 3.35e-05, E res -5.6e-13
[ 2063 s]                       single free         Ns 48 k   8.0 (q 0.816) nu  0.0 seed 2: output 7.224e-01, pull +1.908e-04 (quiet +4.221e-04, from sources +5.195e-04, radiators -2.313e-04), keeping step +0.90, rhythm spread 1.04e-05, E res -2.2e-12
[ 2227 s]                       single collisional  Ns 48 k   8.0 (q 0.816) nu 50.0 seed 2: output 2.108e-01, pull +8.607e-05 (quiet +1.572e-04, from sources +1.806e-04, radiators -7.109e-05), keeping step +0.46, rhythm spread 2.27e-04, E res -3.1e-07
[ 2357 s]                       single stopped      Ns 48 k   8.0 (q 0.816) nu  0.0 seed 2: output 1.332e-01, pull +8.336e-05 (quiet +1.429e-04, from sources +1.719e-04, radiators -5.950e-05), keeping step +0.54, rhythm spread 1.10e-04, E res -4.0e-12
[ 2482 s]                  single, odd cold         Ns 48 k   0.0 (q 0.000) nu  0.0 seed 2: output 1.299e-01, pull +8.900e-05 (quiet +1.449e-04, from sources +1.638e-04, radiators -5.594e-05), keeping step +0.64, rhythm spread 2.15e-04, E res 1.8e-14
[ 2645 s]                  single, odd free         Ns 48 k   2.0 (q 0.408) nu  0.0 seed 2: output 2.889e-01, pull +1.599e-04 (quiet +2.814e-04, from sources +3.519e-04, radiators -1.216e-04), keeping step +0.91, rhythm spread 1.05e-04, E res -4.9e-13
[ 2783 s]                  single, odd free         Ns 48 k   8.0 (q 0.816) nu  0.0 seed 2: output 6.968e-01, pull +1.693e-04 (quiet +3.161e-04, from sources +4.051e-04, radiators -1.467e-04), keeping step +0.94, rhythm spread 3.10e-07, E res -2.2e-12
[ 2921 s]                  single, odd collisional  Ns 48 k   8.0 (q 0.816) nu 50.0 seed 2: output 2.102e-01, pull +8.267e-05 (quiet +1.494e-04, from sources +1.741e-04, radiators -6.670e-05), keeping step +0.47, rhythm spread 2.16e-04, E res -3.1e-07
[ 3210 s]                  single, odd stopped      Ns 48 k   8.0 (q 0.816) nu  0.0 seed 2: output 1.318e-01, pull +9.849e-05 (quiet +1.640e-04, from sources +1.979e-04, radiators -6.553e-05), keeping step +0.67, rhythm spread 1.53e-04, E res -3.9e-12
wrote run-one-matter-v17/oneway_distance.json
