[  208 s]                       single free         Ns 48 k   2.0 (q 0.408) nu  0.0 seed 1: output 2.480e-01, pull +7.324e-05 (quiet +2.465e-04, from sources +2.847e-04, radiators -1.733e-04), keeping step +0.44, rhythm spread 9.13e-04, E res -1.0e-12
[  209 s]                       single free         Ns 48 k   8.0 (q 0.816) nu  0.0 seed 1: output 6.167e-01, pull -1.802e-04 (quiet +9.092e-05, from sources +1.232e-04, radiators -2.711e-04), keeping step +0.12, rhythm spread 2.73e-03, E res -4.0e-12
[  211 s]                       single cold         Ns 48 k   0.0 (q 0.000) nu  0.0 seed 1: output 1.325e-01, pull +9.819e-05 (quiet +1.795e-04, from sources +2.076e-04, radiators -8.132e-05), keeping step +0.64, rhythm spread 4.43e-04, E res -8.1e-14
[  411 s]                       single free         Ns 48 k  16.0 (q 1.155) nu  0.0 seed 1: output 1.008e+00, pull -2.475e-04 (quiet +1.811e-04, from sources +2.031e-04, radiators -4.287e-04), keeping step +0.16, rhythm spread 3.52e-03, E res -7.5e-12
[  420 s]                       single collisional  Ns 48 k   8.0 (q 0.816) nu  5.0 seed 1: output 5.201e-01, pull -5.588e-05 (quiet +1.381e-04, from sources +1.271e-04, radiators -1.940e-04), keeping step +0.14, rhythm spread 2.11e-04, E res -1.8e-07
[  421 s]                       single collisional  Ns 48 k   8.0 (q 0.816) nu 50.0 seed 1: output 2.123e-01, pull +7.194e-05 (quiet +1.685e-04, from sources +1.961e-04, radiators -9.654e-05), keeping step +0.39, rhythm spread 4.38e-04, E res -3.7e-07
[  615 s]                  single, odd cold         Ns 48 k   0.0 (q 0.000) nu  0.0 seed 1: output 1.325e-01, pull +9.819e-05 (quiet +1.795e-04, from sources +2.076e-04, radiators -8.132e-05), keeping step +0.64, rhythm spread 4.43e-04, E res -8.1e-14
[  622 s]                  single, odd free         Ns 48 k   2.0 (q 0.408) nu  0.0 seed 1: output 2.448e-01, pull +6.594e-05 (quiet +2.264e-04, from sources +3.004e-04, radiators -1.605e-04), keeping step +0.51, rhythm spread 9.44e-04, E res -1.1e-12
[  626 s]                  single, odd free         Ns 48 k   8.0 (q 0.816) nu  0.0 seed 1: output 6.028e-01, pull -1.322e-05 (quiet +2.821e-04, from sources +3.436e-04, radiators -2.953e-04), keeping step +0.34, rhythm spread 1.77e-03, E res -4.0e-12
[  821 s]                  single, odd free         Ns 48 k  16.0 (q 1.155) nu  0.0 seed 1: output 9.915e-01, pull -2.707e-04 (quiet +2.145e-04, from sources +2.667e-04, radiators -4.852e-04), keeping step +0.17, rhythm spread 2.79e-03, E res -7.8e-12
[  836 s]                  single, odd collisional  Ns 48 k   8.0 (q 0.816) nu  5.0 seed 1: output 5.145e-01, pull -7.128e-05 (quiet +1.152e-04, from sources +1.255e-04, radiators -1.865e-04), keeping step +0.13, rhythm spread 3.26e-04, E res -1.8e-07
[  841 s]                  single, odd collisional  Ns 48 k   8.0 (q 0.816) nu 50.0 seed 1: output 2.133e-01, pull +8.742e-05 (quiet +1.895e-04, from sources +2.239e-04, radiators -1.021e-04), keeping step +0.44, rhythm spread 3.99e-04, E res -3.7e-07
[ 1024 s]                       single cold         Ns 48 k   0.0 (q 0.000) nu  0.0 seed 2: output 1.362e-01, pull +1.458e-04 (quiet +2.961e-04, from sources +3.304e-04, radiators -1.503e-04), keeping step +0.53, rhythm spread 3.96e-04, E res -1.2e-13
[ 1038 s]                       single free         Ns 48 k   2.0 (q 0.408) nu  0.0 seed 2: output 2.867e-01, pull +7.711e-05 (quiet +2.860e-04, from sources +3.063e-04, radiators -2.089e-04), keeping step +0.43, rhythm spread 1.29e-03, E res -1.2e-12
[ 1043 s]                       single free         Ns 48 k   8.0 (q 0.816) nu  0.0 seed 2: output 6.948e-01, pull -6.598e-05 (quiet +2.495e-04, from sources +2.818e-04, radiators -3.155e-04), keeping step +0.28, rhythm spread 2.52e-03, E res -4.7e-12
[ 1223 s]                       single free         Ns 48 k  16.0 (q 1.155) nu  0.0 seed 2: output 1.104e+00, pull -2.354e-04 (quiet +2.235e-04, from sources +2.708e-04, radiators -4.588e-04), keeping step +0.23, rhythm spread 3.06e-03, E res -9.0e-12
[ 1241 s]                       single collisional  Ns 48 k   8.0 (q 0.816) nu  5.0 seed 2: output 5.159e-01, pull -2.803e-05 (quiet +1.896e-04, from sources +2.570e-04, radiators -2.176e-04), keeping step +0.26, rhythm spread 4.35e-04, E res -1.8e-07
[ 1248 s]                       single collisional  Ns 48 k   8.0 (q 0.816) nu 50.0 seed 2: output 2.154e-01, pull +1.391e-04 (quiet +3.115e-04, from sources +3.214e-04, radiators -1.723e-04), keeping step +0.47, rhythm spread 3.95e-04, E res -3.7e-07
[ 1422 s]                  single, odd cold         Ns 48 k   0.0 (q 0.000) nu  0.0 seed 2: output 1.362e-01, pull +1.458e-04 (quiet +2.961e-04, from sources +3.304e-04, radiators -1.503e-04), keeping step +0.53, rhythm spread 3.96e-04, E res -1.2e-13
[ 1441 s]                  single, odd free         Ns 48 k   2.0 (q 0.408) nu  0.0 seed 2: output 2.897e-01, pull +6.415e-05 (quiet +2.657e-04, from sources +3.083e-04, radiators -2.015e-04), keeping step +0.45, rhythm spread 9.84e-04, E res -1.4e-12
[ 1448 s]                  single, odd free         Ns 48 k   8.0 (q 0.816) nu  0.0 seed 2: output 6.897e-01, pull -3.871e-05 (quiet +2.732e-04, from sources +3.244e-04, radiators -3.119e-04), keeping step +0.30, rhythm spread 2.11e-03, E res -4.8e-12
[ 1625 s]                  single, odd free         Ns 48 k  16.0 (q 1.155) nu  0.0 seed 2: output 1.098e+00, pull -1.978e-04 (quiet +3.573e-04, from sources +4.419e-04, radiators -5.551e-04), keeping step +0.34, rhythm spread 2.88e-03, E res -9.0e-12
[ 1650 s]                  single, odd collisional  Ns 48 k   8.0 (q 0.816) nu  5.0 seed 2: output 5.086e-01, pull -1.180e-04 (quiet +6.672e-05, from sources +9.542e-05, radiators -1.847e-04), keeping step +0.09, rhythm spread 5.63e-04, E res -1.8e-07
[ 1659 s]                  single, odd collisional  Ns 48 k   8.0 (q 0.816) nu 50.0 seed 2: output 2.132e-01, pull +1.462e-04 (quiet +3.149e-04, from sources +3.198e-04, radiators -1.687e-04), keeping step +0.49, rhythm spread 4.00e-04, E res -3.7e-07
[ 1830 s]                       single cold         Ns 48 k   0.0 (q 0.000) nu  0.0 seed 3: output 1.276e-01, pull +1.187e-04 (quiet +2.536e-04, from sources +2.883e-04, radiators -1.349e-04), keeping step +0.48, rhythm spread 5.66e-04, E res 2.7e-14
[ 1858 s]                       single free         Ns 48 k   2.0 (q 0.408) nu  0.0 seed 3: output 2.863e-01, pull +6.211e-06 (quiet +1.801e-04, from sources +2.199e-04, radiators -1.739e-04), keeping step +0.29, rhythm spread 1.20e-03, E res -1.3e-12
[ 1869 s]                       single free         Ns 48 k   8.0 (q 0.816) nu  0.0 seed 3: output 6.709e-01, pull -8.774e-05 (quiet +2.615e-04, from sources +3.217e-04, radiators -3.492e-04), keeping step +0.29, rhythm spread 2.32e-03, E res -5.0e-12
[ 2033 s]                       single free         Ns 48 k  16.0 (q 1.155) nu  0.0 seed 3: output 1.094e+00, pull -4.017e-04 (quiet +8.426e-05, from sources +8.426e-05, radiators -4.860e-04), keeping step +0.08, rhythm spread 2.99e-03, E res -9.4e-12
[ 2067 s]                       single collisional  Ns 48 k   8.0 (q 0.816) nu  5.0 seed 3: output 5.091e-01, pull +2.619e-05 (quiet +2.909e-04, from sources +3.508e-04, radiators -2.647e-04), keeping step +0.34, rhythm spread 5.32e-04, E res -1.8e-07
[ 2079 s]                       single collisional  Ns 48 k   8.0 (q 0.816) nu 50.0 seed 3: output 2.118e-01, pull +1.113e-04 (quiet +2.870e-04, from sources +3.626e-04, radiators -1.757e-04), keeping step +0.46, rhythm spread 4.46e-04, E res -3.7e-07
[ 2237 s]                  single, odd cold         Ns 48 k   0.0 (q 0.000) nu  0.0 seed 3: output 1.276e-01, pull +1.187e-04 (quiet +2.536e-04, from sources +2.883e-04, radiators -1.349e-04), keeping step +0.48, rhythm spread 5.66e-04, E res 2.7e-14
[ 2272 s]                  single, odd free         Ns 48 k   2.0 (q 0.408) nu  0.0 seed 3: output 2.855e-01, pull +8.980e-05 (quiet +2.691e-04, from sources +2.962e-04, radiators -1.793e-04), keeping step +0.42, rhythm spread 1.10e-03, E res -1.3e-12
[ 2285 s]                  single, odd free         Ns 48 k   8.0 (q 0.816) nu  0.0 seed 3: output 6.843e-01, pull -9.120e-05 (quiet +2.319e-04, from sources +2.944e-04, radiators -3.231e-04), keeping step +0.35, rhythm spread 1.75e-03, E res -5.0e-12
[ 2439 s]                  single, odd free         Ns 48 k  16.0 (q 1.155) nu  0.0 seed 3: output 1.119e+00, pull -2.618e-04 (quiet +1.909e-04, from sources +2.214e-04, radiators -4.527e-04), keeping step +0.21, rhythm spread 3.30e-03, E res -9.4e-12
[ 2481 s]                  single, odd collisional  Ns 48 k   8.0 (q 0.816) nu  5.0 seed 3: output 5.120e-01, pull -2.160e-05 (quiet +2.281e-04, from sources +2.771e-04, radiators -2.497e-04), keeping step +0.27, rhythm spread 4.80e-04, E res -1.8e-07
[ 2493 s]                  single, odd collisional  Ns 48 k   8.0 (q 0.816) nu 50.0 seed 3: output 2.092e-01, pull +1.046e-04 (quiet +2.674e-04, from sources +3.568e-04, radiators -1.628e-04), keeping step +0.50, rhythm spread 3.41e-04, E res -3.7e-07
wrote run-one-matter-v17/parity.json
