[    1 s] eps 1.0 core 0.0       single Ns 24 seed 1 k    0: sources' spread 3.3e-04, common rhythm +3.5e-04; keeping step at r = 6.0, 9.0, 13.5, 20.0: +0.13 +0.12 +0.15 +0.48; wave 2.35e-03 1.20e-03 1.46e-03 1.13e-03
[    2 s] eps 1.0 core 0.0       single Ns 24 seed 1 k    8: sources' spread 6.7e-03, common rhythm -5.7e-04; keeping step at r = 6.0, 9.0, 13.5, 20.0: +0.16 +0.03 +0.25 -0.01; wave 6.79e-03 3.99e-03 2.54e-03 2.20e-03
[    4 s] eps 1.0 core 0.0       single Ns 24 seed 2 k    0: sources' spread 3.2e-04, common rhythm -1.1e-04; keeping step at r = 6.0, 9.0, 13.5, 20.0: +0.09 +0.68 +0.30 +0.23; wave 2.54e-03 1.64e-03 1.15e-03 7.85e-04
[    5 s] eps 1.0 core 0.0       single Ns 24 seed 2 k    8: sources' spread 4.1e-03, common rhythm -5.3e-04; keeping step at r = 6.0, 9.0, 13.5, 20.0: +0.37 +0.25 +0.12 +0.26; wave 7.48e-03 5.18e-03 2.77e-03 2.03e-03
[    6 s] eps 1.0 core 0.0       single Ns 24 seed 3 k    0: sources' spread 5.8e-04, common rhythm +1.8e-04; keeping step at r = 6.0, 9.0, 13.5, 20.0: +0.19 +0.72 +0.16 +0.45; wave 2.31e-03 2.32e-03 1.16e-03 8.64e-04
[    8 s] eps 1.0 core 0.0       single Ns 24 seed 3 k    8: sources' spread 2.4e-03, common rhythm -1.8e-03; keeping step at r = 6.0, 9.0, 13.5, 20.0: +0.14 +0.13 -0.09 +0.04; wave 7.05e-03 3.89e-03 2.41e-03 1.65e-03
[    9 s] eps 1.0 core 0.0       single Ns 48 seed 1 k    0: sources' spread 2.9e-04, common rhythm +2.4e-04; keeping step at r = 6.0, 9.0, 13.5, 20.0: +0.48 +0.67 +0.20 +0.65; wave 2.71e-03 2.72e-03 1.32e-03 1.16e-03
[   10 s] eps 1.0 core 0.0       single Ns 48 seed 1 k    8: sources' spread 6.2e-03, common rhythm -3.2e-04; keeping step at r = 6.0, 9.0, 13.5, 20.0: +0.17 +0.29 +0.16 +0.13; wave 7.93e-03 6.25e-03 3.49e-03 2.30e-03
[   12 s] eps 1.0 core 0.0       single Ns 48 seed 2 k    0: sources' spread 3.1e-04, common rhythm +5.3e-04; keeping step at r = 6.0, 9.0, 13.5, 20.0: +0.73 +0.04 +0.57 +0.04; wave 3.61e-03 1.98e-03 1.84e-03 8.54e-04
[   14 s] eps 1.0 core 0.0       single Ns 48 seed 2 k    8: sources' spread 3.9e-03, common rhythm -1.3e-03; keeping step at r = 6.0, 9.0, 13.5, 20.0: +0.11 +0.16 +0.06 +0.04; wave 8.17e-03 5.92e-03 3.98e-03 2.54e-03
[   15 s] eps 1.0 core 0.0       single Ns 48 seed 3 k    0: sources' spread 3.3e-04, common rhythm +3.3e-04; keeping step at r = 6.0, 9.0, 13.5, 20.0: +0.35 +0.15 +0.06 +0.76; wave 3.88e-03 2.28e-03 1.56e-03 1.44e-03
[   17 s] eps 1.0 core 0.0       single Ns 48 seed 3 k    8: sources' spread 3.6e-03, common rhythm -1.3e-03; keeping step at r = 6.0, 9.0, 13.5, 20.0: +0.29 +0.23 +0.07 +0.10; wave 9.74e-03 6.10e-03 4.36e-03 3.12e-03
[   19 s] eps 1.0 core 0.0       single Ns 96 seed 1 k    0: sources' spread 4.5e-04, common rhythm -5.7e-05; keeping step at r = 6.0, 9.0, 13.5, 20.0: +0.56 +0.60 +0.30 -0.23; wave 4.67e-03 4.60e-03 2.44e-03 1.69e-03
[   21 s] eps 1.0 core 0.0       single Ns 96 seed 1 k    8: sources' spread 5.2e-03, common rhythm -5.5e-04; keeping step at r = 6.0, 9.0, 13.5, 20.0: +0.39 +0.14 +0.08 +0.05; wave 1.41e-02 8.21e-03 5.20e-03 3.37e-03
[   23 s] eps 1.0 core 0.0       single Ns 96 seed 2 k    0: sources' spread 4.1e-04, common rhythm +2.3e-04; keeping step at r = 6.0, 9.0, 13.5, 20.0: +0.97 +0.46 +0.38 -0.08; wave 7.29e-03 3.71e-03 2.50e-03 1.84e-03
[   25 s] eps 1.0 core 0.0       single Ns 96 seed 2 k    8: sources' spread 9.2e-03, common rhythm -1.4e-03; keeping step at r = 6.0, 9.0, 13.5, 20.0: +0.29 +0.19 +0.16 -0.06; wave 1.23e-02 8.23e-03 6.08e-03 4.08e-03
[   27 s] eps 1.0 core 0.0       single Ns 96 seed 3 k    0: sources' spread 3.0e-04, common rhythm -2.2e-05; keeping step at r = 6.0, 9.0, 13.5, 20.0: +0.78 +0.55 +0.57 +0.72; wave 4.09e-03 3.95e-03 2.29e-03 1.97e-03
[   29 s] eps 1.0 core 0.0       single Ns 96 seed 3 k    8: sources' spread 3.9e-03, common rhythm +1.0e-03; keeping step at r = 6.0, 9.0, 13.5, 20.0: +0.36 +0.27 +0.19 +0.10; wave 1.33e-02 7.24e-03 4.90e-03 3.28e-03
[   30 s] eps 0.0 core 0.0       single Ns 24 seed 1 k    0: sources' spread 5.9e-05, common rhythm +7.5e-05; keeping step at r = 6.0, 9.0, 13.5, 20.0: +0.64 +0.80 +0.73 +0.16; wave 2.33e-03 1.71e-03 1.77e-03 9.82e-04
[   32 s] eps 0.0 core 0.0       single Ns 24 seed 1 k    8: sources' spread 1.7e-05, common rhythm +1.4e-06; keeping step at r = 6.0, 9.0, 13.5, 20.0: +0.90 +0.89 +0.98 +0.95; wave 5.88e-03 5.58e-03 3.14e-03 2.52e-03
[   33 s] eps 0.0 core 0.0       single Ns 24 seed 2 k    0: sources' spread 3.0e-06, common rhythm +6.8e-06; keeping step at r = 6.0, 9.0, 13.5, 20.0: +1.00 +0.98 +0.79 +0.14; wave 2.87e-03 1.87e-03 1.33e-03 6.21e-04
[   34 s] eps 0.0 core 0.0       single Ns 24 seed 2 k    8: sources' spread 9.1e-05, common rhythm +3.5e-05; keeping step at r = 6.0, 9.0, 13.5, 20.0: +0.93 +0.71 +0.88 +0.72; wave 6.56e-03 4.06e-03 2.57e-03 1.85e-03
[   35 s] eps 0.0 core 0.0       single Ns 24 seed 3 k    0: sources' spread 9.1e-05, common rhythm -1.8e-05; keeping step at r = 6.0, 9.0, 13.5, 20.0: +0.99 +0.50 +0.67 +0.44; wave 2.58e-03 1.29e-03 1.50e-03 6.74e-04
[   36 s] eps 0.0 core 0.0       single Ns 24 seed 3 k    8: sources' spread 6.1e-07, common rhythm +1.6e-07; keeping step at r = 6.0, 9.0, 13.5, 20.0: +1.00 +0.99 +0.98 +0.93; wave 8.34e-03 4.96e-03 2.53e-03 1.26e-03
[   38 s] eps 0.0 core 0.0       single Ns 48 seed 1 k    0: sources' spread 1.4e-04, common rhythm +5.6e-05; keeping step at r = 6.0, 9.0, 13.5, 20.0: +0.97 +0.97 +0.59 +0.84; wave 3.54e-03 2.19e-03 1.48e-03 1.24e-03
[   39 s] eps 0.0 core 0.0       single Ns 48 seed 1 k    8: sources' spread 1.6e-04, common rhythm -5.7e-05; keeping step at r = 6.0, 9.0, 13.5, 20.0: +0.93 +0.94 +0.64 +0.91; wave 6.67e-03 6.09e-03 3.84e-03 2.44e-03
[   41 s] eps 0.0 core 0.0       single Ns 48 seed 2 k    0: sources' spread 2.3e-04, common rhythm -3.7e-05; keeping step at r = 6.0, 9.0, 13.5, 20.0: +0.68 +0.65 +0.32 +0.79; wave 4.46e-03 2.71e-03 1.60e-03 1.36e-03
[   42 s] eps 0.0 core 0.0       single Ns 48 seed 2 k    8: sources' spread 1.6e-05, common rhythm +1.7e-05; keeping step at r = 6.0, 9.0, 13.5, 20.0: +1.00 +0.93 +0.97 +0.95; wave 7.70e-03 4.76e-03 3.36e-03 2.08e-03
[   44 s] eps 0.0 core 0.0       single Ns 48 seed 3 k    0: sources' spread 8.4e-05, common rhythm +1.4e-05; keeping step at r = 6.0, 9.0, 13.5, 20.0: +0.99 +0.75 +0.86 +0.66; wave 3.76e-03 2.13e-03 1.66e-03 1.07e-03
[   45 s] eps 0.0 core 0.0       single Ns 48 seed 3 k    8: sources' spread 1.8e-05, common rhythm +1.0e-05; keeping step at r = 6.0, 9.0, 13.5, 20.0: +1.00 +1.00 +0.95 +0.58; wave 1.00e-02 9.65e-03 4.57e-03 2.31e-03
[   47 s] eps 0.0 core 0.0       single Ns 96 seed 1 k    0: sources' spread 1.1e-04, common rhythm -1.1e-04; keeping step at r = 6.0, 9.0, 13.5, 20.0: +0.94 +0.89 +0.17 +0.30; wave 4.87e-03 3.19e-03 1.57e-03 1.44e-03
[   49 s] eps 0.0 core 0.0       single Ns 96 seed 1 k    8: sources' spread 1.4e-07, common rhythm +5.3e-08; keeping step at r = 6.0, 9.0, 13.5, 20.0: +1.00 +0.99 +1.00 +1.00; wave 1.38e-02 1.02e-02 7.18e-03 5.14e-03
[   51 s] eps 0.0 core 0.0       single Ns 96 seed 2 k    0: sources' spread 1.0e-04, common rhythm -3.4e-05; keeping step at r = 6.0, 9.0, 13.5, 20.0: +0.50 +0.99 +0.94 +0.51; wave 4.75e-03 4.45e-03 2.97e-03 2.14e-03
[   53 s] eps 0.0 core 0.0       single Ns 96 seed 2 k    8: sources' spread 1.7e-07, common rhythm -1.0e-08; keeping step at r = 6.0, 9.0, 13.5, 20.0: +1.00 +1.00 +1.00 +0.98; wave 2.30e-02 1.11e-02 5.56e-03 4.47e-03
[   55 s] eps 0.0 core 0.0       single Ns 96 seed 3 k    0: sources' spread 8.7e-05, common rhythm +5.2e-06; keeping step at r = 6.0, 9.0, 13.5, 20.0: +0.90 +0.45 +0.81 +0.79; wave 5.08e-03 4.17e-03 2.44e-03 2.00e-03
[   57 s] eps 0.0 core 0.0       single Ns 96 seed 3 k    8: sources' spread 3.3e-05, common rhythm +2.0e-06; keeping step at r = 6.0, 9.0, 13.5, 20.0: +1.00 +1.00 +0.77 +0.96; wave 1.67e-02 1.22e-02 5.14e-03 5.00e-03
wrote run-rhythm-budget-v17/one_way_mass_v17.json
