[    1 s] eps 1.0 core 0.0       single Ns 48 seed 1 k    0: sources' spread 2.9e-04, common rhythm +2.4e-04; keeping step at r = 6.0, 9.0, 13.5, 20.0: +0.48 +0.67 +0.20 +0.65; wave 2.71e-03 2.72e-03 1.32e-03 1.16e-03
[    3 s] eps 1.0 core 0.0       single Ns 48 seed 1 k    2: sources' spread 1.6e-03, common rhythm +1.3e-04; keeping step at r = 6.0, 9.0, 13.5, 20.0: +0.34 +0.40 +0.44 +0.02; wave 4.25e-03 3.76e-03 2.52e-03 1.15e-03
[    5 s] eps 1.0 core 0.0       single Ns 48 seed 1 k    8: sources' spread 6.2e-03, common rhythm -3.2e-04; keeping step at r = 6.0, 9.0, 13.5, 20.0: +0.17 +0.29 +0.16 +0.13; wave 7.93e-03 6.25e-03 3.49e-03 2.30e-03
[    6 s] eps 1.0 core 0.0       single Ns 48 seed 1 k   16: sources' spread 1.3e-02, common rhythm -4.6e-04; keeping step at r = 6.0, 9.0, 13.5, 20.0: +0.10 +0.03 +0.02 +0.06; wave 1.08e-02 7.86e-03 4.65e-03 3.20e-03
[    7 s] eps 1.0 core 0.0       single Ns 48 seed 2 k    0: sources' spread 3.1e-04, common rhythm +5.3e-04; keeping step at r = 6.0, 9.0, 13.5, 20.0: +0.73 +0.04 +0.57 +0.04; wave 3.61e-03 1.98e-03 1.84e-03 8.54e-04
[    9 s] eps 1.0 core 0.0       single Ns 48 seed 2 k    2: sources' spread 1.7e-03, common rhythm -7.6e-04; keeping step at r = 6.0, 9.0, 13.5, 20.0: +0.19 +0.17 +0.21 +0.05; wave 5.38e-03 3.50e-03 2.74e-03 1.93e-03
[   10 s] eps 1.0 core 0.0       single Ns 48 seed 2 k    8: sources' spread 3.9e-03, common rhythm -1.3e-03; keeping step at r = 6.0, 9.0, 13.5, 20.0: +0.11 +0.16 +0.06 +0.04; wave 8.17e-03 5.92e-03 3.98e-03 2.54e-03
[   12 s] eps 1.0 core 0.0       single Ns 48 seed 2 k   16: sources' spread 6.7e-03, common rhythm -3.5e-03; keeping step at r = 6.0, 9.0, 13.5, 20.0: +0.18 +0.06 -0.08 +0.04; wave 1.19e-02 8.36e-03 5.38e-03 3.78e-03
[   13 s] eps 1.0 core 0.0       single Ns 48 seed 3 k    0: sources' spread 3.3e-04, common rhythm +3.3e-04; keeping step at r = 6.0, 9.0, 13.5, 20.0: +0.35 +0.15 +0.06 +0.76; wave 3.88e-03 2.28e-03 1.56e-03 1.44e-03
[   15 s] eps 1.0 core 0.0       single Ns 48 seed 3 k    2: sources' spread 1.1e-03, common rhythm -6.3e-04; keeping step at r = 6.0, 9.0, 13.5, 20.0: +0.41 +0.17 +0.37 +0.28; wave 5.62e-03 3.57e-03 2.82e-03 1.70e-03
[   16 s] eps 1.0 core 0.0       single Ns 48 seed 3 k    8: sources' spread 3.6e-03, common rhythm -1.3e-03; keeping step at r = 6.0, 9.0, 13.5, 20.0: +0.29 +0.23 +0.07 +0.10; wave 9.74e-03 6.10e-03 4.36e-03 3.12e-03
[   18 s] eps 1.0 core 0.0       single Ns 48 seed 3 k   16: sources' spread 6.6e-03, common rhythm -1.3e-03; keeping step at r = 6.0, 9.0, 13.5, 20.0: +0.09 +0.08 +0.05 +0.07; wave 1.40e-02 7.88e-03 5.37e-03 4.10e-03
[   19 s] eps 1.0 core 0.0  single, odd Ns 48 seed 1 k    0: sources' spread 2.9e-04, common rhythm +2.4e-04; keeping step at r = 6.0, 9.0, 13.5, 20.0: +0.48 +0.67 +0.20 +0.65; wave 2.71e-03 2.72e-03 1.32e-03 1.16e-03
[   21 s] eps 1.0 core 0.0  single, odd Ns 48 seed 1 k    2: sources' spread 1.4e-03, common rhythm +3.2e-04; keeping step at r = 6.0, 9.0, 13.5, 20.0: +0.35 +0.29 +0.15 -0.08; wave 5.10e-03 3.70e-03 2.25e-03 1.71e-03
[   22 s] eps 1.0 core 0.0  single, odd Ns 48 seed 1 k    8: sources' spread 5.0e-03, common rhythm -1.5e-03; keeping step at r = 6.0, 9.0, 13.5, 20.0: +0.28 +0.25 +0.17 +0.15; wave 7.71e-03 5.30e-03 3.14e-03 2.21e-03
[   23 s] eps 1.0 core 0.0  single, odd Ns 48 seed 1 k   16: sources' spread 1.1e-02, common rhythm -4.4e-03; keeping step at r = 6.0, 9.0, 13.5, 20.0: +0.02 +0.05 +0.01 -0.00; wave 9.85e-03 7.97e-03 4.42e-03 3.13e-03
[   25 s] eps 1.0 core 0.0  single, odd Ns 48 seed 2 k    0: sources' spread 3.1e-04, common rhythm +5.3e-04; keeping step at r = 6.0, 9.0, 13.5, 20.0: +0.73 +0.04 +0.57 +0.04; wave 3.61e-03 1.98e-03 1.84e-03 8.54e-04
[   26 s] eps 1.0 core 0.0  single, odd Ns 48 seed 2 k    2: sources' spread 1.2e-03, common rhythm +6.5e-04; keeping step at r = 6.0, 9.0, 13.5, 20.0: +0.31 +0.31 -0.01 -0.02; wave 4.51e-03 3.57e-03 2.13e-03 1.91e-03
[   28 s] eps 1.0 core 0.0  single, odd Ns 48 seed 2 k    8: sources' spread 2.9e-03, common rhythm -2.6e-03; keeping step at r = 6.0, 9.0, 13.5, 20.0: +0.13 +0.10 +0.14 +0.07; wave 8.33e-03 5.44e-03 3.87e-03 2.84e-03
[   29 s] eps 1.0 core 0.0  single, odd Ns 48 seed 2 k   16: sources' spread 4.8e-03, common rhythm -3.2e-03; keeping step at r = 6.0, 9.0, 13.5, 20.0: +0.23 +0.18 +0.18 +0.08; wave 1.22e-02 7.11e-03 5.13e-03 3.98e-03
[   31 s] eps 1.0 core 0.0  single, odd Ns 48 seed 3 k    0: sources' spread 3.3e-04, common rhythm +3.3e-04; keeping step at r = 6.0, 9.0, 13.5, 20.0: +0.35 +0.15 +0.06 +0.76; wave 3.88e-03 2.28e-03 1.56e-03 1.44e-03
[   32 s] eps 1.0 core 0.0  single, odd Ns 48 seed 3 k    2: sources' spread 4.9e-04, common rhythm -1.0e-04; keeping step at r = 6.0, 9.0, 13.5, 20.0: +0.54 +0.53 +0.36 +0.26; wave 6.10e-03 4.56e-03 2.50e-03 1.69e-03
[   33 s] eps 1.0 core 0.0  single, odd Ns 48 seed 3 k    8: sources' spread 2.6e-03, common rhythm -6.3e-04; keeping step at r = 6.0, 9.0, 13.5, 20.0: +0.27 +0.08 +0.14 +0.13; wave 9.91e-03 6.26e-03 3.97e-03 3.05e-03
[   35 s] eps 1.0 core 0.0  single, odd Ns 48 seed 3 k   16: sources' spread 4.5e-03, common rhythm -7.1e-04; keeping step at r = 6.0, 9.0, 13.5, 20.0: +0.13 +0.06 +0.10 +0.08; wave 1.38e-02 8.68e-03 5.93e-03 4.03e-03
[   36 s] eps 0.5 core 0.0       single Ns 48 seed 1 k    0: sources' spread 2.0e-04, common rhythm +1.4e-04; keeping step at r = 6.0, 9.0, 13.5, 20.0: +0.67 +0.78 +0.25 +0.08; wave 3.56e-03 3.71e-03 1.61e-03 7.35e-04
[   38 s] eps 0.5 core 0.0       single Ns 48 seed 1 k    2: sources' spread 1.5e-03, common rhythm +3.3e-04; keeping step at r = 6.0, 9.0, 13.5, 20.0: +0.15 +0.40 +0.26 +0.14; wave 4.68e-03 3.48e-03 2.26e-03 1.38e-03
[   39 s] eps 0.5 core 0.0       single Ns 48 seed 1 k    8: sources' spread 3.0e-03, common rhythm -1.3e-05; keeping step at r = 6.0, 9.0, 13.5, 20.0: +0.18 +0.25 +0.14 +0.14; wave 6.79e-03 5.87e-03 3.43e-03 2.05e-03
[   41 s] eps 0.5 core 0.0       single Ns 48 seed 1 k   16: sources' spread 4.0e-03, common rhythm -2.3e-03; keeping step at r = 6.0, 9.0, 13.5, 20.0: +0.23 +0.21 +0.19 +0.09; wave 1.14e-02 8.56e-03 4.23e-03 2.46e-03
[   42 s] eps 0.5 core 0.0       single Ns 48 seed 2 k    0: sources' spread 1.1e-04, common rhythm +1.8e-04; keeping step at r = 6.0, 9.0, 13.5, 20.0: +0.79 +0.88 +0.15 +0.67; wave 4.05e-03 3.22e-03 1.04e-03 9.71e-04
[   43 s] eps 0.5 core 0.0       single Ns 48 seed 2 k    2: sources' spread 1.1e-03, common rhythm +5.1e-04; keeping step at r = 6.0, 9.0, 13.5, 20.0: +0.45 +0.23 +0.11 +0.07; wave 5.17e-03 3.55e-03 2.01e-03 1.11e-03
[   45 s] eps 0.5 core 0.0       single Ns 48 seed 2 k    8: sources' spread 2.7e-03, common rhythm -1.4e-03; keeping step at r = 6.0, 9.0, 13.5, 20.0: +0.36 +0.25 +0.18 +0.06; wave 9.45e-03 5.83e-03 4.45e-03 2.43e-03
[   47 s] eps 0.5 core 0.0       single Ns 48 seed 2 k   16: sources' spread 5.5e-03, common rhythm -3.4e-03; keeping step at r = 6.0, 9.0, 13.5, 20.0: +0.17 +0.13 +0.04 -0.06; wave 1.26e-02 8.05e-03 6.00e-03 3.39e-03
[   48 s] eps 0.5 core 0.0       single Ns 48 seed 3 k    0: sources' spread 3.3e-04, common rhythm +2.5e-04; keeping step at r = 6.0, 9.0, 13.5, 20.0: +0.58 +0.34 +0.50 +0.35; wave 2.80e-03 2.32e-03 1.71e-03 1.23e-03
[   50 s] eps 0.5 core 0.0       single Ns 48 seed 3 k    2: sources' spread 8.2e-04, common rhythm -2.5e-04; keeping step at r = 6.0, 9.0, 13.5, 20.0: +0.50 +0.23 +0.27 +0.15; wave 5.34e-03 3.52e-03 2.53e-03 1.72e-03
[   51 s] eps 0.5 core 0.0       single Ns 48 seed 3 k    8: sources' spread 2.3e-03, common rhythm -2.8e-04; keeping step at r = 6.0, 9.0, 13.5, 20.0: +0.39 +0.27 +0.21 -0.01; wave 9.45e-03 5.57e-03 3.89e-03 2.83e-03
[   52 s] eps 0.5 core 0.0       single Ns 48 seed 3 k   16: sources' spread 4.3e-03, common rhythm +1.9e-05; keeping step at r = 6.0, 9.0, 13.5, 20.0: +0.17 +0.12 +0.13 +0.04; wave 1.42e-02 7.77e-03 5.21e-03 4.07e-03
[   54 s] eps 0.5 core 0.0  single, odd Ns 48 seed 1 k    0: sources' spread 2.0e-04, common rhythm +1.4e-04; keeping step at r = 6.0, 9.0, 13.5, 20.0: +0.67 +0.78 +0.25 +0.08; wave 3.56e-03 3.71e-03 1.61e-03 7.35e-04
[   55 s] eps 0.5 core 0.0  single, odd Ns 48 seed 1 k    2: sources' spread 5.5e-04, common rhythm +4.9e-04; keeping step at r = 6.0, 9.0, 13.5, 20.0: +0.36 +0.79 +0.27 +0.42; wave 5.02e-03 4.09e-03 2.33e-03 1.28e-03
[   57 s] eps 0.5 core 0.0  single, odd Ns 48 seed 1 k    8: sources' spread 2.1e-03, common rhythm -1.1e-03; keeping step at r = 6.0, 9.0, 13.5, 20.0: +0.28 +0.11 +0.22 +0.09; wave 7.96e-03 5.63e-03 3.30e-03 2.37e-03
[   58 s] eps 0.5 core 0.0  single, odd Ns 48 seed 1 k   16: sources' spread 4.2e-03, common rhythm -2.9e-03; keeping step at r = 6.0, 9.0, 13.5, 20.0: +0.11 +0.02 +0.02 -0.01; wave 9.22e-03 8.15e-03 3.98e-03 3.32e-03
[   60 s] eps 0.5 core 0.0  single, odd Ns 48 seed 2 k    0: sources' spread 1.1e-04, common rhythm +1.8e-04; keeping step at r = 6.0, 9.0, 13.5, 20.0: +0.79 +0.88 +0.15 +0.67; wave 4.05e-03 3.22e-03 1.04e-03 9.71e-04
[   61 s] eps 0.5 core 0.0  single, odd Ns 48 seed 2 k    2: sources' spread 7.0e-04, common rhythm -2.6e-04; keeping step at r = 6.0, 9.0, 13.5, 20.0: +0.57 +0.27 +0.24 +0.23; wave 5.29e-03 3.19e-03 2.14e-03 1.74e-03
[   62 s] eps 0.5 core 0.0  single, odd Ns 48 seed 2 k    8: sources' spread 2.0e-03, common rhythm -1.6e-03; keeping step at r = 6.0, 9.0, 13.5, 20.0: +0.27 +0.33 +0.25 -0.00; wave 9.36e-03 5.75e-03 4.13e-03 2.95e-03
[   64 s] eps 0.5 core 0.0  single, odd Ns 48 seed 2 k   16: sources' spread 3.2e-03, common rhythm -2.5e-03; keeping step at r = 6.0, 9.0, 13.5, 20.0: +0.18 +0.07 +0.01 +0.03; wave 1.23e-02 7.36e-03 5.74e-03 3.73e-03
[   65 s] eps 0.5 core 0.0  single, odd Ns 48 seed 3 k    0: sources' spread 3.3e-04, common rhythm +2.5e-04; keeping step at r = 6.0, 9.0, 13.5, 20.0: +0.58 +0.34 +0.50 +0.35; wave 2.80e-03 2.32e-03 1.71e-03 1.23e-03
[   66 s] eps 0.5 core 0.0  single, odd Ns 48 seed 3 k    2: sources' spread 6.2e-04, common rhythm +2.2e-04; keeping step at r = 6.0, 9.0, 13.5, 20.0: +0.60 +0.58 +0.04 +0.17; wave 5.36e-03 4.28e-03 2.27e-03 1.40e-03
[   68 s] eps 0.5 core 0.0  single, odd Ns 48 seed 3 k    8: sources' spread 1.6e-03, common rhythm -1.2e-05; keeping step at r = 6.0, 9.0, 13.5, 20.0: +0.30 +0.05 +0.02 +0.04; wave 9.25e-03 6.83e-03 3.93e-03 2.87e-03
[   69 s] eps 0.5 core 0.0  single, odd Ns 48 seed 3 k   16: sources' spread 2.8e-03, common rhythm +8.1e-04; keeping step at r = 6.0, 9.0, 13.5, 20.0: +0.21 +0.13 +0.06 +0.01; wave 1.39e-02 9.17e-03 5.39e-03 3.82e-03
[   71 s] eps 0.3 core 0.0       single Ns 48 seed 1 k    0: sources' spread 1.7e-04, common rhythm -1.5e-04; keeping step at r = 6.0, 9.0, 13.5, 20.0: +0.83 +0.64 +0.27 +0.74; wave 3.96e-03 2.57e-03 1.01e-03 1.43e-03
[   72 s] eps 0.3 core 0.0       single Ns 48 seed 1 k    2: sources' spread 1.0e-03, common rhythm +2.2e-04; keeping step at r = 6.0, 9.0, 13.5, 20.0: +0.65 +0.59 +0.56 +0.82; wave 4.93e-03 3.91e-03 2.62e-03 1.92e-03
[   74 s] eps 0.3 core 0.0       single Ns 48 seed 1 k    8: sources' spread 1.3e-03, common rhythm +2.5e-04; keeping step at r = 6.0, 9.0, 13.5, 20.0: +0.27 +0.38 +0.49 +0.24; wave 6.49e-03 6.14e-03 3.72e-03 2.13e-03
[   75 s] eps 0.3 core 0.0       single Ns 48 seed 1 k   16: sources' spread 2.9e-03, common rhythm -9.8e-04; keeping step at r = 6.0, 9.0, 13.5, 20.0: +0.39 +0.36 +0.13 +0.05; wave 1.02e-02 7.73e-03 4.23e-03 3.12e-03
[   77 s] eps 0.3 core 0.0       single Ns 48 seed 2 k    0: sources' spread 1.3e-04, common rhythm +1.8e-04; keeping step at r = 6.0, 9.0, 13.5, 20.0: +0.88 +0.85 -0.39 -0.29; wave 3.99e-03 2.70e-03 8.06e-04 7.46e-04
[   78 s] eps 0.3 core 0.0       single Ns 48 seed 2 k    2: sources' spread 5.9e-04, common rhythm +1.1e-04; keeping step at r = 6.0, 9.0, 13.5, 20.0: +0.52 +0.69 +0.43 -0.08; wave 5.02e-03 3.43e-03 3.06e-03 1.30e-03
[   79 s] eps 0.3 core 0.0       single Ns 48 seed 2 k    8: sources' spread 1.4e-03, common rhythm +4.4e-05; keeping step at r = 6.0, 9.0, 13.5, 20.0: +0.30 +0.09 +0.05 +0.00; wave 1.09e-02 5.23e-03 5.44e-03 2.66e-03
[   81 s] eps 0.3 core 0.0       single Ns 48 seed 2 k   16: sources' spread 2.1e-03, common rhythm -2.3e-03; keeping step at r = 6.0, 9.0, 13.5, 20.0: +0.34 +0.10 +0.08 +0.18; wave 1.40e-02 6.60e-03 7.02e-03 3.52e-03
[   82 s] eps 0.3 core 0.0       single Ns 48 seed 3 k    0: sources' spread 2.1e-04, common rhythm +1.7e-04; keeping step at r = 6.0, 9.0, 13.5, 20.0: +0.73 +0.55 +0.68 +0.26; wave 2.95e-03 2.21e-03 1.91e-03 1.26e-03
[   83 s] eps 0.3 core 0.0       single Ns 48 seed 3 k    2: sources' spread 5.3e-04, common rhythm -2.2e-04; keeping step at r = 6.0, 9.0, 13.5, 20.0: +0.18 +0.27 +0.18 +0.05; wave 5.03e-03 4.07e-03 2.64e-03 1.87e-03
[   85 s] eps 0.3 core 0.0       single Ns 48 seed 3 k    8: sources' spread 1.5e-03, common rhythm +3.9e-04; keeping step at r = 6.0, 9.0, 13.5, 20.0: +0.44 +0.12 +0.22 +0.12; wave 1.06e-02 5.46e-03 3.92e-03 2.77e-03
[   86 s] eps 0.3 core 0.0       single Ns 48 seed 3 k   16: sources' spread 2.3e-03, common rhythm +1.6e-04; keeping step at r = 6.0, 9.0, 13.5, 20.0: +0.26 +0.11 +0.03 +0.12; wave 1.36e-02 7.99e-03 5.10e-03 3.69e-03
[   88 s] eps 0.3 core 0.0  single, odd Ns 48 seed 1 k    0: sources' spread 1.7e-04, common rhythm -1.5e-04; keeping step at r = 6.0, 9.0, 13.5, 20.0: +0.83 +0.64 +0.27 +0.74; wave 3.96e-03 2.57e-03 1.01e-03 1.43e-03
[   89 s] eps 0.3 core 0.0  single, odd Ns 48 seed 1 k    2: sources' spread 4.3e-04, common rhythm +6.4e-05; keeping step at r = 6.0, 9.0, 13.5, 20.0: +0.85 +0.84 +0.52 +0.59; wave 5.64e-03 4.18e-03 2.63e-03 1.14e-03
[   90 s] eps 0.3 core 0.0  single, odd Ns 48 seed 1 k    8: sources' spread 8.2e-04, common rhythm -1.1e-03; keeping step at r = 6.0, 9.0, 13.5, 20.0: +0.22 +0.10 +0.05 +0.07; wave 9.68e-03 6.41e-03 3.71e-03 2.65e-03
[   92 s] eps 0.3 core 0.0  single, odd Ns 48 seed 1 k   16: sources' spread 2.0e-03, common rhythm -2.6e-03; keeping step at r = 6.0, 9.0, 13.5, 20.0: +0.08 +0.06 +0.07 +0.04; wave 9.78e-03 7.46e-03 4.04e-03 3.20e-03
[   93 s] eps 0.3 core 0.0  single, odd Ns 48 seed 2 k    0: sources' spread 1.3e-04, common rhythm +1.8e-04; keeping step at r = 6.0, 9.0, 13.5, 20.0: +0.88 +0.85 -0.39 -0.29; wave 3.99e-03 2.70e-03 8.06e-04 7.46e-04
[   95 s] eps 0.3 core 0.0  single, odd Ns 48 seed 2 k    2: sources' spread 5.2e-04, common rhythm +2.7e-04; keeping step at r = 6.0, 9.0, 13.5, 20.0: +0.31 -0.08 -0.06 +0.18; wave 5.74e-03 3.36e-03 2.20e-03 1.49e-03
[   96 s] eps 0.3 core 0.0  single, odd Ns 48 seed 2 k    8: sources' spread 9.9e-04, common rhythm -2.8e-04; keeping step at r = 6.0, 9.0, 13.5, 20.0: +0.36 +0.26 +0.41 +0.19; wave 7.78e-03 5.99e-03 4.50e-03 2.11e-03
[   97 s] eps 0.3 core 0.0  single, odd Ns 48 seed 2 k   16: sources' spread 2.3e-03, common rhythm -2.0e-03; keeping step at r = 6.0, 9.0, 13.5, 20.0: +0.28 +0.23 +0.17 +0.12; wave 1.12e-02 7.49e-03 5.83e-03 3.28e-03
[   99 s] eps 0.3 core 0.0  single, odd Ns 48 seed 3 k    0: sources' spread 2.1e-04, common rhythm +1.7e-04; keeping step at r = 6.0, 9.0, 13.5, 20.0: +0.73 +0.55 +0.68 +0.26; wave 2.95e-03 2.21e-03 1.91e-03 1.26e-03
[  100 s] eps 0.3 core 0.0  single, odd Ns 48 seed 3 k    2: sources' spread 1.8e-04, common rhythm -8.4e-06; keeping step at r = 6.0, 9.0, 13.5, 20.0: +0.79 +0.94 +0.64 +0.31; wave 4.36e-03 5.44e-03 2.54e-03 1.32e-03
[  102 s] eps 0.3 core 0.0  single, odd Ns 48 seed 3 k    8: sources' spread 9.8e-04, common rhythm +2.7e-04; keeping step at r = 6.0, 9.0, 13.5, 20.0: +0.18 +0.29 +0.08 +0.04; wave 8.66e-03 7.41e-03 4.13e-03 2.29e-03
[  103 s] eps 0.3 core 0.0  single, odd Ns 48 seed 3 k   16: sources' spread 2.1e-03, common rhythm +2.0e-04; keeping step at r = 6.0, 9.0, 13.5, 20.0: +0.28 +0.22 +0.11 +0.18; wave 1.36e-02 9.94e-03 5.11e-03 3.38e-03
[  104 s] eps 0.1 core 0.0       single Ns 48 seed 1 k    0: sources' spread 9.5e-05, common rhythm +1.8e-04; keeping step at r = 6.0, 9.0, 13.5, 20.0: +0.95 +0.76 +0.57 +0.62; wave 4.57e-03 2.49e-03 9.44e-04 1.07e-03
[  106 s] eps 0.1 core 0.0       single Ns 48 seed 1 k    2: sources' spread 5.5e-04, common rhythm +4.7e-05; keeping step at r = 6.0, 9.0, 13.5, 20.0: +0.90 +0.48 +0.90 +0.80; wave 7.31e-03 3.72e-03 3.00e-03 2.39e-03
[  108 s] eps 0.1 core 0.0       single Ns 48 seed 1 k    8: sources' spread 8.0e-05, common rhythm -5.1e-04; keeping step at r = 6.0, 9.0, 13.5, 20.0: +0.65 +0.45 +0.33 +0.05; wave 5.71e-03 3.58e-03 2.76e-03 2.23e-03
[  109 s] eps 0.1 core 0.0       single Ns 48 seed 1 k   16: sources' spread 2.6e-06, common rhythm -1.2e-03; keeping step at r = 6.0, 9.0, 13.5, 20.0: +0.58 +0.47 -0.02 +0.08; wave 1.23e-02 6.89e-03 3.65e-03 2.54e-03
[  110 s] eps 0.1 core 0.0       single Ns 48 seed 2 k    0: sources' spread 1.9e-04, common rhythm +8.9e-05; keeping step at r = 6.0, 9.0, 13.5, 20.0: +0.59 -0.06 +0.60 +0.41; wave 3.70e-03 1.82e-03 2.04e-03 1.04e-03
[  112 s] eps 0.1 core 0.0       single Ns 48 seed 2 k    2: sources' spread 3.5e-04, common rhythm +1.5e-04; keeping step at r = 6.0, 9.0, 13.5, 20.0: +0.72 +0.19 +0.85 +0.51; wave 6.99e-03 2.02e-03 3.50e-03 1.50e-03
[  113 s] eps 0.1 core 0.0       single Ns 48 seed 2 k    8: sources' spread 6.2e-04, common rhythm -7.7e-04; keeping step at r = 6.0, 9.0, 13.5, 20.0: +0.67 +0.53 +0.34 +0.19; wave 1.01e-02 4.12e-03 5.30e-03 2.90e-03
[  115 s] eps 0.1 core 0.0       single Ns 48 seed 2 k   16: sources' spread 2.8e-06, common rhythm -1.6e-03; keeping step at r = 6.0, 9.0, 13.5, 20.0: +0.63 +0.12 +0.27 -0.02; wave 1.15e-02 4.01e-03 7.52e-03 3.93e-03
[  116 s] eps 0.1 core 0.0       single Ns 48 seed 3 k    0: sources' spread 4.5e-05, common rhythm -4.1e-05; keeping step at r = 6.0, 9.0, 13.5, 20.0: +0.98 +0.81 +0.95 +0.34; wave 3.16e-03 1.46e-03 1.23e-03 1.19e-03
[  118 s] eps 0.1 core 0.0       single Ns 48 seed 3 k    2: sources' spread 2.7e-04, common rhythm +1.6e-04; keeping step at r = 6.0, 9.0, 13.5, 20.0: +0.89 +0.71 +0.54 +0.33; wave 5.94e-03 3.86e-03 2.24e-03 1.52e-03
[  119 s] eps 0.1 core 0.0       single Ns 48 seed 3 k    8: sources' spread 6.4e-04, common rhythm +8.7e-04; keeping step at r = 6.0, 9.0, 13.5, 20.0: +0.73 +0.36 +0.04 +0.21; wave 1.28e-02 5.57e-03 4.45e-03 2.60e-03
[  120 s] eps 0.1 core 0.0       single Ns 48 seed 3 k   16: sources' spread 9.5e-04, common rhythm +1.9e-03; keeping step at r = 6.0, 9.0, 13.5, 20.0: +0.32 +0.17 +0.15 +0.00; wave 1.56e-02 6.15e-03 5.77e-03 3.59e-03
[  122 s] eps 0.1 core 0.0  single, odd Ns 48 seed 1 k    0: sources' spread 9.5e-05, common rhythm +1.8e-04; keeping step at r = 6.0, 9.0, 13.5, 20.0: +0.95 +0.76 +0.57 +0.62; wave 4.57e-03 2.49e-03 9.44e-04 1.07e-03
[  123 s] eps 0.1 core 0.0  single, odd Ns 48 seed 1 k    2: sources' spread 7.5e-05, common rhythm -1.6e-04; keeping step at r = 6.0, 9.0, 13.5, 20.0: +0.91 +0.63 +0.50 +0.32; wave 5.11e-03 2.10e-03 2.69e-03 1.27e-03
[  125 s] eps 0.1 core 0.0  single, odd Ns 48 seed 1 k    8: sources' spread 3.9e-04, common rhythm -3.9e-04; keeping step at r = 6.0, 9.0, 13.5, 20.0: +0.76 +0.76 +0.54 +0.37; wave 1.01e-02 5.29e-03 3.16e-03 2.54e-03
[  126 s] eps 0.1 core 0.0  single, odd Ns 48 seed 1 k   16: sources' spread 6.7e-04, common rhythm -8.6e-04; keeping step at r = 6.0, 9.0, 13.5, 20.0: +0.56 +0.39 +0.29 +0.07; wave 1.24e-02 7.74e-03 4.84e-03 3.47e-03
[  128 s] eps 0.1 core 0.0  single, odd Ns 48 seed 2 k    0: sources' spread 1.9e-04, common rhythm +8.9e-05; keeping step at r = 6.0, 9.0, 13.5, 20.0: +0.59 -0.06 +0.60 +0.41; wave 3.70e-03 1.82e-03 2.04e-03 1.04e-03
[  129 s] eps 0.1 core 0.0  single, odd Ns 48 seed 2 k    2: sources' spread 7.2e-05, common rhythm +2.8e-04; keeping step at r = 6.0, 9.0, 13.5, 20.0: +0.82 +0.83 +0.65 +0.73; wave 8.82e-03 3.08e-03 2.60e-03 2.19e-03
[  130 s] eps 0.1 core 0.0  single, odd Ns 48 seed 2 k    8: sources' spread 2.6e-04, common rhythm +1.7e-05; keeping step at r = 6.0, 9.0, 13.5, 20.0: +0.82 +0.81 +0.54 +0.41; wave 8.57e-03 5.77e-03 3.98e-03 2.61e-03
[  132 s] eps 0.1 core 0.0  single, odd Ns 48 seed 2 k   16: sources' spread 8.4e-05, common rhythm -2.3e-04; keeping step at r = 6.0, 9.0, 13.5, 20.0: +0.79 +0.87 +0.84 +0.67; wave 1.08e-02 7.47e-03 5.04e-03 3.84e-03
[  133 s] eps 0.1 core 0.0  single, odd Ns 48 seed 3 k    0: sources' spread 4.5e-05, common rhythm -4.1e-05; keeping step at r = 6.0, 9.0, 13.5, 20.0: +0.98 +0.81 +0.95 +0.34; wave 3.16e-03 1.46e-03 1.23e-03 1.19e-03
[  134 s] eps 0.1 core 0.0  single, odd Ns 48 seed 3 k    2: sources' spread 2.8e-04, common rhythm +3.0e-04; keeping step at r = 6.0, 9.0, 13.5, 20.0: +0.80 +0.70 +0.38 -0.05; wave 6.42e-03 5.41e-03 2.67e-03 1.59e-03
[  136 s] eps 0.1 core 0.0  single, odd Ns 48 seed 3 k    8: sources' spread 4.1e-06, common rhythm +6.1e-04; keeping step at r = 6.0, 9.0, 13.5, 20.0: +0.93 +0.74 +0.76 +0.19; wave 1.30e-02 8.33e-03 4.70e-03 3.02e-03
[  137 s] eps 0.1 core 0.0  single, odd Ns 48 seed 3 k   16: sources' spread 8.5e-06, common rhythm +1.0e-03; keeping step at r = 6.0, 9.0, 13.5, 20.0: +0.86 +0.67 +0.68 +0.23; wave 1.60e-02 1.20e-02 6.80e-03 4.39e-03
[  138 s] eps 0.0 core 0.0       single Ns 48 seed 1 k    0: sources' spread 1.4e-04, common rhythm +5.6e-05; keeping step at r = 6.0, 9.0, 13.5, 20.0: +0.97 +0.97 +0.59 +0.84; wave 3.54e-03 2.19e-03 1.48e-03 1.24e-03
[  140 s] eps 0.0 core 0.0       single Ns 48 seed 1 k    2: sources' spread 1.0e-04, common rhythm +6.9e-05; keeping step at r = 6.0, 9.0, 13.5, 20.0: +0.96 +0.57 +0.58 +0.44; wave 4.27e-03 2.86e-03 1.36e-03 1.58e-03
[  141 s] eps 0.0 core 0.0       single Ns 48 seed 1 k    8: sources' spread 1.6e-04, common rhythm -5.7e-05; keeping step at r = 6.0, 9.0, 13.5, 20.0: +0.93 +0.94 +0.64 +0.91; wave 6.67e-03 6.09e-03 3.84e-03 2.44e-03
[  143 s] eps 0.0 core 0.0       single Ns 48 seed 1 k   16: sources' spread 1.5e-05, common rhythm -3.0e-05; keeping step at r = 6.0, 9.0, 13.5, 20.0: +1.00 +0.91 +0.54 +0.82; wave 1.08e-02 7.00e-03 3.66e-03 3.10e-03
[  144 s] eps 0.0 core 0.0       single Ns 48 seed 2 k    0: sources' spread 2.3e-04, common rhythm -3.7e-05; keeping step at r = 6.0, 9.0, 13.5, 20.0: +0.68 +0.65 +0.32 +0.79; wave 4.46e-03 2.71e-03 1.60e-03 1.36e-03
[  145 s] eps 0.0 core 0.0       single Ns 48 seed 2 k    2: sources' spread 1.2e-04, common rhythm +4.1e-05; keeping step at r = 6.0, 9.0, 13.5, 20.0: +0.96 +0.66 +0.94 +0.59; wave 5.84e-03 2.86e-03 3.21e-03 1.36e-03
[  147 s] eps 0.0 core 0.0       single Ns 48 seed 2 k    8: sources' spread 1.6e-05, common rhythm +1.7e-05; keeping step at r = 6.0, 9.0, 13.5, 20.0: +1.00 +0.93 +0.97 +0.95; wave 7.70e-03 4.76e-03 3.36e-03 2.08e-03
[  148 s] eps 0.0 core 0.0       single Ns 48 seed 2 k   16: sources' spread 2.4e-06, common rhythm +5.0e-06; keeping step at r = 6.0, 9.0, 13.5, 20.0: +1.00 +0.99 +0.99 +0.98; wave 1.16e-02 5.36e-03 6.17e-03 3.80e-03
[  149 s] eps 0.0 core 0.0       single Ns 48 seed 3 k    0: sources' spread 8.4e-05, common rhythm +1.4e-05; keeping step at r = 6.0, 9.0, 13.5, 20.0: +0.99 +0.75 +0.86 +0.66; wave 3.76e-03 2.13e-03 1.66e-03 1.07e-03
[  151 s] eps 0.0 core 0.0       single Ns 48 seed 3 k    2: sources' spread 1.2e-05, common rhythm -3.4e-06; keeping step at r = 6.0, 9.0, 13.5, 20.0: +1.00 +0.96 +0.97 +0.71; wave 4.91e-03 3.29e-03 2.69e-03 1.67e-03
[  152 s] eps 0.0 core 0.0       single Ns 48 seed 3 k    8: sources' spread 1.8e-05, common rhythm +1.0e-05; keeping step at r = 6.0, 9.0, 13.5, 20.0: +1.00 +1.00 +0.95 +0.58; wave 1.00e-02 9.65e-03 4.57e-03 2.31e-03
[  154 s] eps 0.0 core 0.0       single Ns 48 seed 3 k   16: sources' spread 6.2e-07, common rhythm -7.3e-09; keeping step at r = 6.0, 9.0, 13.5, 20.0: +1.00 +1.00 +1.00 +0.51; wave 1.08e-02 1.11e-02 5.34e-03 2.20e-03
[  155 s] eps 0.0 core 0.0  single, odd Ns 48 seed 1 k    0: sources' spread 1.4e-04, common rhythm +5.6e-05; keeping step at r = 6.0, 9.0, 13.5, 20.0: +0.97 +0.97 +0.59 +0.84; wave 3.54e-03 2.19e-03 1.48e-03 1.24e-03
[  156 s] eps 0.0 core 0.0  single, odd Ns 48 seed 1 k    2: sources' spread 1.0e-04, common rhythm +1.3e-05; keeping step at r = 6.0, 9.0, 13.5, 20.0: +0.88 +0.46 +0.74 +0.80; wave 5.44e-03 2.59e-03 3.58e-03 1.63e-03
[  158 s] eps 0.0 core 0.0  single, odd Ns 48 seed 1 k    8: sources' spread 3.1e-05, common rhythm +2.9e-05; keeping step at r = 6.0, 9.0, 13.5, 20.0: +0.92 +0.83 +0.74 +0.55; wave 6.50e-03 3.88e-03 3.71e-03 2.38e-03
[  159 s] eps 0.0 core 0.0  single, odd Ns 48 seed 1 k   16: sources' spread 9.1e-05, common rhythm +3.8e-05; keeping step at r = 6.0, 9.0, 13.5, 20.0: +0.65 +0.87 +0.92 +0.92; wave 8.07e-03 7.50e-03 3.35e-03 3.92e-03
[  161 s] eps 0.0 core 0.0  single, odd Ns 48 seed 2 k    0: sources' spread 2.3e-04, common rhythm -3.7e-05; keeping step at r = 6.0, 9.0, 13.5, 20.0: +0.68 +0.65 +0.32 +0.79; wave 4.46e-03 2.71e-03 1.60e-03 1.36e-03
[  162 s] eps 0.0 core 0.0  single, odd Ns 48 seed 2 k    2: sources' spread 9.7e-06, common rhythm +4.1e-06; keeping step at r = 6.0, 9.0, 13.5, 20.0: +0.99 +0.69 +0.50 +0.65; wave 4.29e-03 2.90e-03 2.42e-03 1.48e-03
[  163 s] eps 0.0 core 0.0  single, odd Ns 48 seed 2 k    8: sources' spread 1.2e-07, common rhythm +4.6e-08; keeping step at r = 6.0, 9.0, 13.5, 20.0: +1.00 +0.99 +0.94 +0.90; wave 4.76e-03 5.32e-03 4.19e-03 2.67e-03
[  165 s] eps 0.0 core 0.0  single, odd Ns 48 seed 2 k   16: sources' spread 2.0e-09, common rhythm +6.1e-10; keeping step at r = 6.0, 9.0, 13.5, 20.0: +0.96 +0.99 +0.93 +0.98; wave 5.87e-03 7.47e-03 5.56e-03 3.99e-03
[  166 s] eps 0.0 core 0.0  single, odd Ns 48 seed 3 k    0: sources' spread 8.4e-05, common rhythm +1.4e-05; keeping step at r = 6.0, 9.0, 13.5, 20.0: +0.99 +0.75 +0.86 +0.66; wave 3.76e-03 2.13e-03 1.66e-03 1.07e-03
[  168 s] eps 0.0 core 0.0  single, odd Ns 48 seed 3 k    2: sources' spread 5.7e-05, common rhythm +6.2e-06; keeping step at r = 6.0, 9.0, 13.5, 20.0: +0.99 +0.99 +0.81 +0.95; wave 7.45e-03 4.96e-03 2.79e-03 1.67e-03
[  169 s] eps 0.0 core 0.0  single, odd Ns 48 seed 3 k    8: sources' spread 8.3e-07, common rhythm -3.3e-07; keeping step at r = 6.0, 9.0, 13.5, 20.0: +1.00 +0.94 +0.99 +0.99; wave 1.23e-02 7.18e-03 3.46e-03 2.39e-03
[  171 s] eps 0.0 core 0.0  single, odd Ns 48 seed 3 k   16: sources' spread 3.1e-08, common rhythm +5.9e-09; keeping step at r = 6.0, 9.0, 13.5, 20.0: +1.00 +0.96 +0.98 +0.99; wave 1.73e-02 1.11e-02 5.04e-03 3.33e-03
[  172 s] eps 0.0 core 1.5       single Ns 48 seed 1 k    0: sources' spread 2.7e-04, common rhythm +2.4e-04; keeping step at r = 6.0, 9.0, 13.5, 20.0: +0.42 +0.54 +0.25 +0.62; wave 3.01e-03 2.21e-03 1.19e-03 1.32e-03
[  174 s] eps 0.0 core 1.5       single Ns 48 seed 1 k    2: sources' spread 1.8e-04, common rhythm +1.9e-04; keeping step at r = 6.0, 9.0, 13.5, 20.0: +0.71 +0.67 +0.32 +0.55; wave 5.35e-03 3.06e-03 1.81e-03 1.24e-03
[  175 s] eps 0.0 core 1.5       single Ns 48 seed 1 k    8: sources' spread 2.5e-04, common rhythm +1.1e-04; keeping step at r = 6.0, 9.0, 13.5, 20.0: +0.91 +0.58 +0.48 +0.54; wave 6.83e-03 5.04e-03 2.78e-03 1.98e-03
[  176 s] eps 0.0 core 1.5       single Ns 48 seed 1 k   16: sources' spread 7.9e-04, common rhythm -1.1e-03; keeping step at r = 6.0, 9.0, 13.5, 20.0: +0.32 +0.37 -0.03 +0.08; wave 9.33e-03 8.59e-03 4.88e-03 3.83e-03
[  178 s] eps 0.0 core 1.5       single Ns 48 seed 2 k    0: sources' spread 1.9e-04, common rhythm +9.3e-05; keeping step at r = 6.0, 9.0, 13.5, 20.0: +0.81 +0.46 +0.01 +0.37; wave 4.96e-03 2.73e-03 1.21e-03 6.92e-04
[  179 s] eps 0.0 core 1.5       single Ns 48 seed 2 k    2: sources' spread 1.7e-04, common rhythm -7.4e-07; keeping step at r = 6.0, 9.0, 13.5, 20.0: +0.96 +0.56 +0.94 +0.23; wave 6.58e-03 2.74e-03 3.08e-03 1.14e-03
[  181 s] eps 0.0 core 1.5       single Ns 48 seed 2 k    8: sources' spread 5.0e-05, common rhythm -1.9e-04; keeping step at r = 6.0, 9.0, 13.5, 20.0: +1.00 +0.59 +0.95 +0.88; wave 1.33e-02 4.07e-03 4.66e-03 2.23e-03
[  182 s] eps 0.0 core 1.5       single Ns 48 seed 2 k   16: sources' spread 2.9e-06, common rhythm -1.6e-04; keeping step at r = 6.0, 9.0, 13.5, 20.0: +1.00 +0.85 +0.89 +0.85; wave 1.27e-02 5.63e-03 5.87e-03 4.03e-03
[  184 s] eps 0.0 core 1.5       single Ns 48 seed 3 k    0: sources' spread 6.5e-05, common rhythm +2.2e-04; keeping step at r = 6.0, 9.0, 13.5, 20.0: +0.85 -0.01 +0.41 +0.79; wave 2.65e-03 1.64e-03 1.38e-03 1.04e-03
[  185 s] eps 0.0 core 1.5       single Ns 48 seed 3 k    2: sources' spread 3.3e-04, common rhythm +4.5e-04; keeping step at r = 6.0, 9.0, 13.5, 20.0: +0.89 +0.57 +0.68 +0.38; wave 6.54e-03 3.31e-03 2.68e-03 1.53e-03
[  186 s] eps 0.0 core 1.5       single Ns 48 seed 3 k    8: sources' spread 1.5e-04, common rhythm +6.5e-04; keeping step at r = 6.0, 9.0, 13.5, 20.0: +0.97 +0.69 +0.52 +0.13; wave 1.60e-02 6.49e-03 3.94e-03 2.11e-03
[  188 s] eps 0.0 core 1.5       single Ns 48 seed 3 k   16: sources' spread 9.0e-04, common rhythm +2.8e-03; keeping step at r = 6.0, 9.0, 13.5, 20.0: +0.71 +0.19 +0.22 +0.11; wave 2.39e-02 5.77e-03 4.97e-03 2.34e-03
[  189 s] eps 0.0 core 1.5  single, odd Ns 48 seed 1 k    0: sources' spread 2.7e-04, common rhythm +2.4e-04; keeping step at r = 6.0, 9.0, 13.5, 20.0: +0.42 +0.54 +0.25 +0.62; wave 3.01e-03 2.21e-03 1.19e-03 1.32e-03
[  191 s] eps 0.0 core 1.5  single, odd Ns 48 seed 1 k    2: sources' spread 2.9e-04, common rhythm -7.5e-05; keeping step at r = 6.0, 9.0, 13.5, 20.0: +0.72 +0.81 +0.26 +0.45; wave 6.10e-03 3.34e-03 2.63e-03 1.29e-03
[  192 s] eps 0.0 core 1.5  single, odd Ns 48 seed 1 k    8: sources' spread 3.7e-06, common rhythm +2.8e-04; keeping step at r = 6.0, 9.0, 13.5, 20.0: +0.60 +0.82 +0.51 +0.75; wave 6.00e-03 4.46e-03 1.83e-03 2.33e-03
[  193 s] eps 0.0 core 1.5  single, odd Ns 48 seed 1 k   16: sources' spread 6.4e-04, common rhythm +1.2e-03; keeping step at r = 6.0, 9.0, 13.5, 20.0: +0.61 +0.37 +0.32 +0.28; wave 1.45e-02 8.30e-03 6.25e-03 3.60e-03
[  195 s] eps 0.0 core 1.5  single, odd Ns 48 seed 2 k    0: sources' spread 1.9e-04, common rhythm +9.3e-05; keeping step at r = 6.0, 9.0, 13.5, 20.0: +0.81 +0.46 +0.01 +0.37; wave 4.96e-03 2.73e-03 1.21e-03 6.92e-04
[  196 s] eps 0.0 core 1.5  single, odd Ns 48 seed 2 k    2: sources' spread 4.2e-05, common rhythm +4.0e-04; keeping step at r = 6.0, 9.0, 13.5, 20.0: +0.83 +0.72 +0.75 +0.32; wave 6.53e-03 4.19e-03 2.83e-03 1.74e-03
[  198 s] eps 0.0 core 1.5  single, odd Ns 48 seed 2 k    8: sources' spread 3.9e-06, common rhythm +7.1e-04; keeping step at r = 6.0, 9.0, 13.5, 20.0: +0.75 +0.77 +0.53 +0.15; wave 7.48e-03 6.46e-03 4.80e-03 3.24e-03
[  199 s] eps 0.0 core 1.5  single, odd Ns 48 seed 2 k   16: sources' spread 2.1e-07, common rhythm +1.1e-03; keeping step at r = 6.0, 9.0, 13.5, 20.0: +0.23 +0.65 +0.27 +0.21; wave 7.60e-03 8.44e-03 5.80e-03 4.22e-03
[  200 s] eps 0.0 core 1.5  single, odd Ns 48 seed 3 k    0: sources' spread 6.5e-05, common rhythm +2.2e-04; keeping step at r = 6.0, 9.0, 13.5, 20.0: +0.85 -0.01 +0.41 +0.79; wave 2.65e-03 1.64e-03 1.38e-03 1.04e-03
[  202 s] eps 0.0 core 1.5  single, odd Ns 48 seed 3 k    2: sources' spread 3.2e-05, common rhythm +4.8e-04; keeping step at r = 6.0, 9.0, 13.5, 20.0: +0.76 +0.86 +0.52 +0.34; wave 7.45e-03 6.24e-03 2.21e-03 1.79e-03
[  203 s] eps 0.0 core 1.5  single, odd Ns 48 seed 3 k    8: sources' spread 1.0e-08, common rhythm +1.1e-03; keeping step at r = 6.0, 9.0, 13.5, 20.0: +0.62 +0.59 +0.26 +0.13; wave 1.35e-02 9.34e-03 4.98e-03 3.04e-03
[  205 s] eps 0.0 core 1.5  single, odd Ns 48 seed 3 k   16: sources' spread 7.0e-10, common rhythm +2.0e-03; keeping step at r = 6.0, 9.0, 13.5, 20.0: +0.57 +0.45 +0.02 -0.07; wave 1.47e-02 1.34e-02 5.68e-03 3.53e-03
wrote run-rhythm-budget-v17/one_way_v17.json
