[    1 s]                                   single                                  seed 1 k   0.0 (q 0.000): spread 3.44e-04 (own offsets 2.61e-04, tugs 1.90e-03, gradient share 0.51), lead +0.79
[    2 s]                                   single                                  seed 1 k   8.0 (q 0.816): spread 2.86e-03 (own offsets 1.48e-03, tugs 1.31e-02, gradient share 0.45), lead +0.20
[    2 s]                                   single                                  seed 1 k   2.0 (q 0.408): spread 1.26e-03 (own offsets 5.66e-04, tugs 4.61e-03, gradient share 0.41), lead +0.29
[    3 s]                                   single                                  seed 1 k  16.0 (q 1.155): spread 4.79e-03 (own offsets 2.68e-03, tugs 2.43e-02, gradient share 0.47), lead +0.14
[    3 s]                                   single                                  seed 2 k   0.0 (q 0.000): spread 3.74e-04 (own offsets 1.76e-04, tugs 1.93e-03, gradient share 0.50), lead +0.44
[    3 s]                                   single                                  seed 2 k   2.0 (q 0.408): spread 8.63e-04 (own offsets 8.03e-04, tugs 5.14e-03, gradient share 0.47), lead +0.52
[    5 s]                                   single                                  seed 3 k   0.0 (q 0.000): spread 2.86e-04 (own offsets 1.49e-04, tugs 1.94e-03, gradient share 0.49), lead +0.67
[    5 s]                                   single                                  seed 2 k   8.0 (q 0.816): spread 2.62e-03 (own offsets 2.42e-03, tugs 1.59e-02, gradient share 0.50), lead +0.14
[    5 s]                                   single                                  seed 2 k  16.0 (q 1.155): spread 6.03e-03 (own offsets 4.44e-03, tugs 3.09e-02, gradient share 0.51), lead +0.21
[    6 s]                                   single                                  seed 3 k   2.0 (q 0.408): spread 1.20e-03 (own offsets 6.63e-04, tugs 6.75e-03, gradient share 0.55), lead +0.20
[    6 s]                                   single                                  seed 3 k   8.0 (q 0.816): spread 2.52e-03 (own offsets 1.95e-03, tugs 2.06e-02, gradient share 0.56), lead +0.20
[    6 s]                                   single                                  seed 3 k  16.0 (q 1.155): spread 5.66e-03 (own offsets 3.61e-03, tugs 3.90e-02, gradient share 0.55), lead +0.15
[    7 s]                              single, odd                                  seed 1 k   0.0 (q 0.000): spread 3.44e-04 (own offsets 2.61e-04, tugs 1.90e-03, gradient share 0.51), lead +0.79
[    7 s]                              single, odd                                  seed 1 k   2.0 (q 0.408): spread 6.43e-04 (own offsets 3.71e-04, tugs 4.74e-03, gradient share 0.49), lead +0.37
[    8 s]                              single, odd                                  seed 1 k   8.0 (q 0.816): spread 1.68e-03 (own offsets 1.20e-03, tugs 1.31e-02, gradient share 0.50), lead +0.48
[    9 s]                              single, odd                                  seed 1 k  16.0 (q 1.155): spread 3.67e-03 (own offsets 2.39e-03, tugs 2.43e-02, gradient share 0.50), lead +0.06
[    9 s]                              single, odd                                  seed 2 k   0.0 (q 0.000): spread 3.74e-04 (own offsets 1.76e-04, tugs 1.93e-03, gradient share 0.50), lead +0.44
[    9 s]                              single, odd                                  seed 2 k   2.0 (q 0.408): spread 5.29e-04 (own offsets 4.93e-04, tugs 5.95e-03, gradient share 0.57), lead +0.30
[   10 s]                              single, odd                                  seed 2 k   8.0 (q 0.816): spread 2.19e-03 (own offsets 1.86e-03, tugs 1.78e-02, gradient share 0.56), lead +0.30
[   10 s]                              single, odd                                  seed 2 k  16.0 (q 1.155): spread 4.91e-03 (own offsets 3.71e-03, tugs 3.36e-02, gradient share 0.56), lead +0.36
[   10 s]                              single, odd                                  seed 3 k   0.0 (q 0.000): spread 2.86e-04 (own offsets 1.49e-04, tugs 1.94e-03, gradient share 0.49), lead +0.67
[   12 s]                              single, odd                                  seed 3 k   2.0 (q 0.408): spread 7.16e-04 (own offsets 4.42e-04, tugs 6.43e-03, gradient share 0.56), lead +0.37
[   12 s]                              single, odd                                  seed 3 k  16.0 (q 1.155): spread 5.20e-03 (own offsets 3.19e-03, tugs 3.83e-02, gradient share 0.55), lead +0.25
[   12 s]                              single, odd                                  seed 3 k   8.0 (q 0.816): spread 2.69e-03 (own offsets 1.61e-03, tugs 2.01e-02, gradient share 0.55), lead +0.20
[   13 s]               paired, Delta = gamma + gi                                  seed 1 k   2.0 (q 0.707): spread 1.15e-03 (own offsets 4.81e-04, tugs 4.64e-03, gradient share 0.41), lead +0.27
[   13 s]               paired, Delta = gamma + gi                                  seed 1 k   0.0 (q 0.000): spread 1.93e-04 (own offsets 2.23e-04, tugs 1.92e-03, gradient share 0.52), lead +0.80
[   13 s]               paired, Delta = gamma + gi                                  seed 1 k   8.0 (q 1.415): spread 2.93e-03 (own offsets 1.23e-03, tugs 1.32e-02, gradient share 0.45), lead +0.14
[   14 s]               paired, Delta = gamma + gi                                  seed 1 k  16.0 (q 2.000): spread 5.13e-03 (own offsets 2.21e-03, tugs 2.45e-02, gradient share 0.47), lead +0.13
[   14 s]               paired, Delta = gamma + gi                                  seed 2 k   0.0 (q 0.000): spread 3.30e-04 (own offsets 1.47e-04, tugs 1.95e-03, gradient share 0.50), lead +0.49
[   14 s]               paired, Delta = gamma + gi                                  seed 2 k   2.0 (q 0.707): spread 1.11e-03 (own offsets 6.61e-04, tugs 5.17e-03, gradient share 0.47), lead +0.32
[   16 s]               paired, Delta = gamma + gi                                  seed 2 k  16.0 (q 2.000): spread 5.06e-03 (own offsets 3.64e-03, tugs 3.10e-02, gradient share 0.51), lead +0.28
[   16 s]               paired, Delta = gamma + gi                                  seed 2 k   8.0 (q 1.415): spread 2.67e-03 (own offsets 1.99e-03, tugs 1.60e-02, gradient share 0.50), lead +0.16
[   16 s]               paired, Delta = gamma + gi                                  seed 3 k   0.0 (q 0.000): spread 1.67e-04 (own offsets 1.23e-04, tugs 1.96e-03, gradient share 0.49), lead +0.84
[   17 s]               paired, Delta = gamma + gi                                  seed 3 k   8.0 (q 1.415): spread 2.06e-03 (own offsets 1.61e-03, tugs 2.07e-02, gradient share 0.55), lead +0.23
[   17 s]               paired, Delta = gamma + gi                                  seed 3 k   2.0 (q 0.707): spread 8.92e-04 (own offsets 5.47e-04, tugs 6.79e-03, gradient share 0.55), lead +0.41
[   17 s]               paired, Delta = gamma + gi                                  seed 3 k  16.0 (q 2.000): spread 4.75e-03 (own offsets 2.98e-03, tugs 3.92e-02, gradient share 0.55), lead +0.07
[   19 s]          paired, Delta = gamma + gi, odd                                  seed 1 k   0.0 (q 0.000): spread 1.93e-04 (own offsets 2.23e-04, tugs 1.92e-03, gradient share 0.52), lead +0.80
[   19 s]          paired, Delta = gamma + gi, odd                                  seed 1 k   2.0 (q 0.707): spread 6.30e-04 (own offsets 3.12e-04, tugs 4.79e-03, gradient share 0.49), lead +0.33
[   19 s]          paired, Delta = gamma + gi, odd                                  seed 1 k   8.0 (q 1.415): spread 1.85e-03 (own offsets 9.84e-04, tugs 1.33e-02, gradient share 0.50), lead +0.27
[   20 s]          paired, Delta = gamma + gi, odd                                  seed 1 k  16.0 (q 2.000): spread 4.20e-03 (own offsets 1.96e-03, tugs 2.45e-02, gradient share 0.50), lead +0.09
[   20 s]          paired, Delta = gamma + gi, odd                                  seed 2 k   0.0 (q 0.000): spread 3.30e-04 (own offsets 1.47e-04, tugs 1.95e-03, gradient share 0.50), lead +0.49
[   20 s]          paired, Delta = gamma + gi, odd                                  seed 2 k   2.0 (q 0.707): spread 6.33e-04 (own offsets 4.02e-04, tugs 5.98e-03, gradient share 0.56), lead +0.48
[   21 s]          paired, Delta = gamma + gi, odd                                  seed 2 k   8.0 (q 1.415): spread 2.19e-03 (own offsets 1.51e-03, tugs 1.79e-02, gradient share 0.56), lead +0.32
[   21 s]          paired, Delta = gamma + gi, odd                                  seed 2 k  16.0 (q 2.000): spread 4.18e-03 (own offsets 3.02e-03, tugs 3.37e-02, gradient share 0.55), lead +0.23
[   22 s]          paired, Delta = gamma + gi, odd                                  seed 3 k   0.0 (q 0.000): spread 1.67e-04 (own offsets 1.23e-04, tugs 1.96e-03, gradient share 0.49), lead +0.84
[   23 s]          paired, Delta = gamma + gi, odd                                  seed 3 k   8.0 (q 1.415): spread 2.45e-03 (own offsets 1.33e-03, tugs 2.02e-02, gradient share 0.55), lead +0.20
[   23 s]          paired, Delta = gamma + gi, odd                                  seed 3 k   2.0 (q 0.707): spread 8.36e-04 (own offsets 3.65e-04, tugs 6.46e-03, gradient share 0.56), lead +0.36
[   23 s]          paired, Delta = gamma + gi, odd                                  seed 3 k  16.0 (q 2.000): spread 5.20e-03 (own offsets 2.63e-03, tugs 3.85e-02, gradient share 0.55), lead +0.18
[   24 s]           paired, Delta = (gamma + gi)/2                                  seed 1 k   0.0 (q 0.000): spread 3.46e-04 (own offsets 3.14e-04, tugs 1.87e-03, gradient share 0.50), lead +0.53
[   24 s]           paired, Delta = (gamma + gi)/2                                  seed 1 k   2.0 (q 0.437): spread 1.64e-03 (own offsets 6.93e-04, tugs 4.57e-03, gradient share 0.40), lead +0.32
[   24 s]           paired, Delta = (gamma + gi)/2                                  seed 1 k   8.0 (q 0.873): spread 3.04e-03 (own offsets 1.88e-03, tugs 1.29e-02, gradient share 0.45), lead +0.17
[   25 s]           paired, Delta = (gamma + gi)/2                                  seed 1 k  16.0 (q 1.235): spread 5.78e-03 (own offsets 3.46e-03, tugs 2.40e-02, gradient share 0.47), lead +0.09
[   25 s]           paired, Delta = (gamma + gi)/2                                  seed 2 k   0.0 (q 0.000): spread 4.07e-04 (own offsets 2.22e-04, tugs 1.90e-03, gradient share 0.50), lead +0.40
[   26 s]           paired, Delta = (gamma + gi)/2                                  seed 2 k   2.0 (q 0.437): spread 1.22e-03 (own offsets 1.04e-03, tugs 5.10e-03, gradient share 0.48), lead +0.35
[   27 s]           paired, Delta = (gamma + gi)/2                                  seed 2 k   8.0 (q 0.873): spread 3.64e-03 (own offsets 3.14e-03, tugs 1.59e-02, gradient share 0.50), lead +0.18
[   27 s]           paired, Delta = (gamma + gi)/2                                  seed 2 k  16.0 (q 1.235): spread 6.21e-03 (own offsets 5.78e-03, tugs 3.08e-02, gradient share 0.52), lead +0.18
[   27 s]           paired, Delta = (gamma + gi)/2                                  seed 3 k   0.0 (q 0.000): spread 3.01e-04 (own offsets 1.95e-04, tugs 1.91e-03, gradient share 0.49), lead +0.65
[   28 s]           paired, Delta = (gamma + gi)/2                                  seed 3 k   2.0 (q 0.437): spread 1.26e-03 (own offsets 8.64e-04, tugs 6.69e-03, gradient share 0.55), lead +0.37
[   28 s]           paired, Delta = (gamma + gi)/2                                  seed 3 k   8.0 (q 0.873): spread 3.22e-03 (own offsets 2.54e-03, tugs 2.05e-02, gradient share 0.56), lead +0.19
[   28 s]           paired, Delta = (gamma + gi)/2                                  seed 3 k  16.0 (q 1.235): spread 5.76e-03 (own offsets 4.70e-03, tugs 3.88e-02, gradient share 0.56), lead +0.20
[   29 s] paired, Delta = gamma + gi, 1% asymmetry                                  seed 1 k   0.0 (q 0.000): spread 1.93e-04 (own offsets 2.23e-04, tugs 1.92e-03, gradient share 0.52), lead +0.80
[   29 s] paired, Delta = gamma + gi, 1% asymmetry                                  seed 1 k   2.0 (q 0.707): spread 1.19e-03 (own offsets 8.02e-04, tugs 4.64e-03, gradient share 0.41), lead +0.16
[   30 s] paired, Delta = gamma + gi, 1% asymmetry                                  seed 1 k   8.0 (q 1.414): spread 3.09e-03 (own offsets 2.78e-03, tugs 1.32e-02, gradient share 0.45), lead +0.10
[   31 s] paired, Delta = gamma + gi, 1% asymmetry                                  seed 2 k   0.0 (q 0.000): spread 3.30e-04 (own offsets 1.47e-04, tugs 1.95e-03, gradient share 0.50), lead +0.49
[   31 s] paired, Delta = gamma + gi, 1% asymmetry                                  seed 1 k  16.0 (q 2.000): spread 6.01e-03 (own offsets 5.43e-03, tugs 2.45e-02, gradient share 0.47), lead +0.06
[   31 s] paired, Delta = gamma + gi, 1% asymmetry                                  seed 2 k   2.0 (q 0.707): spread 1.03e-03 (own offsets 1.18e-03, tugs 5.16e-03, gradient share 0.47), lead +0.33
[   32 s] paired, Delta = gamma + gi, 1% asymmetry                                  seed 2 k   8.0 (q 1.414): spread 3.54e-03 (own offsets 4.29e-03, tugs 1.60e-02, gradient share 0.50), lead +0.04
[   32 s] paired, Delta = gamma + gi, 1% asymmetry                                  seed 2 k  16.0 (q 2.000): spread 6.46e-03 (own offsets 8.39e-03, tugs 3.09e-02, gradient share 0.51), lead +0.03
[   33 s] paired, Delta = gamma + gi, 1% asymmetry                                  seed 3 k   0.0 (q 0.000): spread 1.67e-04 (own offsets 1.23e-04, tugs 1.96e-03, gradient share 0.49), lead +0.84
[   34 s] paired, Delta = gamma + gi, 1% asymmetry                                  seed 3 k   2.0 (q 0.707): spread 1.03e-03 (own offsets 1.18e-03, tugs 6.79e-03, gradient share 0.55), lead +0.35
[   34 s] paired, Delta = gamma + gi, 1% asymmetry                                  seed 3 k   8.0 (q 1.414): spread 2.90e-03 (own offsets 4.41e-03, tugs 2.07e-02, gradient share 0.55), lead +0.12
[   34 s] paired, Delta = gamma + gi, 1% asymmetry                                  seed 3 k  16.0 (q 2.000): spread 6.73e-03 (own offsets 8.69e-03, tugs 3.92e-02, gradient share 0.55), lead +0.11
[   35 s]           paired, Delta = 4 (gamma + gi)                                  seed 1 k   0.0 (q 0.000): spread 2.69e-04 (own offsets 2.86e-05, tugs 2.02e-03, gradient share 0.53), lead +0.84
[   35 s]           paired, Delta = 4 (gamma + gi)                                  seed 1 k   2.0 (q 6.120): spread 7.60e-04 (own offsets 6.05e-05, tugs 4.79e-03, gradient share 0.42), lead +0.32
[   35 s]           paired, Delta = 4 (gamma + gi)                                  seed 1 k   8.0 (q 12.240): spread 2.69e-03 (own offsets 1.48e-04, tugs 1.36e-02, gradient share 0.46), lead +0.13
[   36 s]           paired, Delta = 4 (gamma + gi)                                  seed 1 k  16.0 (q 17.310): spread 4.70e-03 (own offsets 2.62e-04, tugs 2.53e-02, gradient share 0.48), lead +0.07
[   36 s]           paired, Delta = 4 (gamma + gi)                                  seed 2 k   0.0 (q 0.000): spread 2.41e-04 (own offsets 1.79e-05, tugs 2.04e-03, gradient share 0.50), lead +0.82
[   37 s]           paired, Delta = 4 (gamma + gi)                                  seed 2 k   2.0 (q 6.120): spread 1.02e-03 (own offsets 7.60e-05, tugs 5.28e-03, gradient share 0.47), lead +0.41
[   38 s]           paired, Delta = 4 (gamma + gi)                                  seed 2 k   8.0 (q 12.240): spread 1.85e-03 (own offsets 2.27e-04, tugs 1.63e-02, gradient share 0.50), lead +0.25
[   38 s]           paired, Delta = 4 (gamma + gi)                                  seed 2 k  16.0 (q 17.310): spread 3.63e-03 (own offsets 4.13e-04, tugs 3.16e-02, gradient share 0.51), lead +0.25
[   38 s]           paired, Delta = 4 (gamma + gi)                                  seed 3 k   0.0 (q 0.000): spread 8.85e-05 (own offsets 1.46e-05, tugs 2.05e-03, gradient share 0.48), lead +0.83
[   39 s]           paired, Delta = 4 (gamma + gi)                                  seed 3 k   2.0 (q 6.120): spread 7.93e-04 (own offsets 6.69e-05, tugs 7.06e-03, gradient share 0.53), lead +0.47
[   39 s]           paired, Delta = 4 (gamma + gi)                                  seed 3 k   8.0 (q 12.240): spread 2.20e-03 (own offsets 1.97e-04, tugs 2.14e-02, gradient share 0.54), lead +0.35
[   39 s]           paired, Delta = 4 (gamma + gi)                                  seed 3 k  16.0 (q 17.310): spread 4.46e-03 (own offsets 3.65e-04, tugs 4.05e-02, gradient share 0.54), lead +0.26
[   40 s]      paired, Delta = 4 (gamma + gi), odd                                  seed 1 k   0.0 (q 0.000): spread 2.69e-04 (own offsets 2.86e-05, tugs 2.02e-03, gradient share 0.53), lead +0.84
[   41 s]      paired, Delta = 4 (gamma + gi), odd                                  seed 1 k   2.0 (q 6.120): spread 6.31e-04 (own offsets 3.87e-05, tugs 5.01e-03, gradient share 0.49), lead +0.52
[   41 s]      paired, Delta = 4 (gamma + gi), odd                                  seed 1 k   8.0 (q 12.240): spread 1.22e-03 (own offsets 1.16e-04, tugs 1.38e-02, gradient share 0.50), lead +0.58
[   42 s]      paired, Delta = 4 (gamma + gi), odd                                  seed 1 k  16.0 (q 17.310): spread 3.37e-03 (own offsets 2.29e-04, tugs 2.55e-02, gradient share 0.50), lead +0.22
[   42 s]      paired, Delta = 4 (gamma + gi), odd                                  seed 2 k   0.0 (q 0.000): spread 2.41e-04 (own offsets 1.79e-05, tugs 2.04e-03, gradient share 0.50), lead +0.82
[   42 s]      paired, Delta = 4 (gamma + gi), odd                                  seed 2 k   2.0 (q 6.120): spread 2.28e-04 (own offsets 4.56e-05, tugs 6.14e-03, gradient share 0.56), lead +0.45
[   43 s]      paired, Delta = 4 (gamma + gi), odd                                  seed 2 k   8.0 (q 12.240): spread 1.28e-03 (own offsets 1.70e-04, tugs 1.83e-02, gradient share 0.55), lead +0.46
[   43 s]      paired, Delta = 4 (gamma + gi), odd                                  seed 2 k  16.0 (q 17.310): spread 2.19e-03 (own offsets 3.40e-04, tugs 3.44e-02, gradient share 0.55), lead +0.47
[   44 s]      paired, Delta = 4 (gamma + gi), odd                                  seed 3 k   0.0 (q 0.000): spread 8.85e-05 (own offsets 1.46e-05, tugs 2.05e-03, gradient share 0.48), lead +0.83
[   45 s]      paired, Delta = 4 (gamma + gi), odd                                  seed 3 k   2.0 (q 6.120): spread 7.25e-04 (own offsets 4.47e-05, tugs 6.68e-03, gradient share 0.56), lead +0.20
[   45 s]      paired, Delta = 4 (gamma + gi), odd                                  seed 3 k   8.0 (q 12.240): spread 2.30e-03 (own offsets 1.62e-04, tugs 2.08e-02, gradient share 0.55), lead +0.18
[   45 s]      paired, Delta = 4 (gamma + gi), odd                                  seed 3 k  16.0 (q 17.310): spread 4.63e-03 (own offsets 3.20e-04, tugs 3.96e-02, gradient share 0.54), lead +0.11
[   46 s]        bright + dark, Delta = gamma + gi                                  seed 1 k   0.0 (q 0.000): spread 2.91e-04 (own offsets 1.69e-04, tugs 2.00e-03, gradient share 0.53), lead +0.71
[   46 s]        bright + dark, Delta = gamma + gi                                  seed 1 k   2.0 (q 0.816): spread 1.48e-03 (own offsets 3.97e-04, tugs 4.80e-03, gradient share 0.45), lead +0.46
[   46 s]        bright + dark, Delta = gamma + gi                                  seed 1 k   8.0 (q 1.633): spread 3.62e-03 (own offsets 1.04e-03, tugs 1.35e-02, gradient share 0.48), lead +0.25
[   47 s]        bright + dark, Delta = gamma + gi                                  seed 1 k  16.0 (q 2.309): spread 6.45e-03 (own offsets 1.94e-03, tugs 2.50e-02, gradient share 0.49), lead +0.17
[   48 s]        bright + dark, Delta = gamma + gi                                  seed 2 k   0.0 (q 0.000): spread 2.67e-04 (own offsets 1.40e-04, tugs 2.00e-03, gradient share 0.50), lead +0.38
[   48 s]        bright + dark, Delta = gamma + gi                                  seed 2 k   2.0 (q 0.816): spread 1.05e-03 (own offsets 5.98e-04, tugs 5.32e-03, gradient share 0.53), lead +0.24
[   49 s]        bright + dark, Delta = gamma + gi                                  seed 2 k   8.0 (q 1.633): spread 2.08e-03 (own offsets 2.05e-03, tugs 1.64e-02, gradient share 0.50), lead +0.25
[   49 s]        bright + dark, Delta = gamma + gi                                  seed 2 k  16.0 (q 2.309): spread 2.63e-03 (own offsets 4.03e-03, tugs 3.16e-02, gradient share 0.48), lead +0.21
[   49 s]        bright + dark, Delta = gamma + gi                                  seed 3 k   0.0 (q 0.000): spread 4.55e-04 (own offsets 1.37e-04, tugs 2.00e-03, gradient share 0.48), lead +0.37
[   50 s]        bright + dark, Delta = gamma + gi                                  seed 3 k   2.0 (q 0.816): spread 6.92e-04 (own offsets 4.73e-04, tugs 6.70e-03, gradient share 0.52), lead +0.29
[   50 s]        bright + dark, Delta = gamma + gi                                  seed 3 k   8.0 (q 1.633): spread 3.49e-03 (own offsets 1.29e-03, tugs 2.07e-02, gradient share 0.47), lead +0.19
[   51 s]        bright + dark, Delta = gamma + gi                                  seed 3 k  16.0 (q 2.309): spread 6.54e-03 (own offsets 2.34e-03, tugs 3.93e-02, gradient share 0.46), lead +0.12
[   52 s]   bright + dark, Delta = gamma + gi, odd                                  seed 1 k   0.0 (q 0.000): spread 2.91e-04 (own offsets 1.69e-04, tugs 2.00e-03, gradient share 0.53), lead +0.71
[   52 s]   bright + dark, Delta = gamma + gi, odd                                  seed 1 k   2.0 (q 0.816): spread 6.59e-04 (own offsets 3.84e-04, tugs 4.97e-03, gradient share 0.44), lead +0.68
[   52 s]   bright + dark, Delta = gamma + gi, odd                                  seed 1 k   8.0 (q 1.633): spread 1.80e-03 (own offsets 1.15e-03, tugs 1.37e-02, gradient share 0.46), lead +0.50
[   53 s]   bright + dark, Delta = gamma + gi, odd                                  seed 1 k  16.0 (q 2.309): spread 4.91e-03 (own offsets 2.18e-03, tugs 2.52e-02, gradient share 0.48), lead +0.26
[   53 s]   bright + dark, Delta = gamma + gi, odd                                  seed 2 k   0.0 (q 0.000): spread 2.67e-04 (own offsets 1.40e-04, tugs 2.00e-03, gradient share 0.50), lead +0.38
[   54 s]   bright + dark, Delta = gamma + gi, odd                                  seed 2 k   2.0 (q 0.816): spread 8.45e-04 (own offsets 6.01e-04, tugs 6.06e-03, gradient share 0.47), lead +0.24
[   55 s]   bright + dark, Delta = gamma + gi, odd                                  seed 2 k   8.0 (q 1.633): spread 1.45e-03 (own offsets 2.12e-03, tugs 1.81e-02, gradient share 0.46), lead +0.22
[   55 s]   bright + dark, Delta = gamma + gi, odd                                  seed 2 k  16.0 (q 2.309): spread 3.28e-03 (own offsets 4.16e-03, tugs 3.42e-02, gradient share 0.46), lead +0.13
[   55 s]   bright + dark, Delta = gamma + gi, odd                                  seed 3 k   0.0 (q 0.000): spread 4.55e-04 (own offsets 1.37e-04, tugs 2.00e-03, gradient share 0.48), lead +0.37
[   56 s]   bright + dark, Delta = gamma + gi, odd                                  seed 3 k   2.0 (q 0.816): spread 9.94e-04 (own offsets 3.20e-04, tugs 6.37e-03, gradient share 0.53), lead +0.40
[   56 s]   bright + dark, Delta = gamma + gi, odd                                  seed 3 k   8.0 (q 1.633): spread 2.75e-03 (own offsets 1.05e-03, tugs 2.02e-02, gradient share 0.48), lead +0.32
[   56 s]   bright + dark, Delta = gamma + gi, odd                                  seed 3 k  16.0 (q 2.309): spread 4.78e-03 (own offsets 2.04e-03, tugs 3.86e-02, gradient share 0.47), lead +0.29
[   58 s]                   valve, gR = 20, gB = 5                                  seed 1 k   0.0 (q 0.000): spread 3.14e-04 (own offsets 2.20e-04, tugs 1.92e-03, gradient share 0.52), lead +0.70
[   58 s]                   valve, gR = 20, gB = 5                                  seed 1 k   2.0 (q 2.041): spread 8.14e-04 (own offsets 4.61e-04, tugs 4.75e-03, gradient share 0.54), lead +0.58
[   58 s]                   valve, gR = 20, gB = 5                                  seed 1 k   8.0 (q 4.082): spread 1.37e-03 (own offsets 1.24e-03, tugs 1.32e-02, gradient share 0.55), lead +0.47
[   59 s]                   valve, gR = 20, gB = 5                                  seed 1 k  16.0 (q 5.774): spread 1.52e-03 (own offsets 2.25e-03, tugs 2.44e-02, gradient share 0.54), lead +0.22
[   59 s]                   valve, gR = 20, gB = 5                                  seed 2 k   0.0 (q 0.000): spread 3.34e-04 (own offsets 1.45e-04, tugs 1.95e-03, gradient share 0.50), lead +0.46
[   59 s]                   valve, gR = 20, gB = 5                                  seed 2 k   2.0 (q 2.041): spread 8.36e-04 (own offsets 5.05e-04, tugs 5.75e-03, gradient share 0.52), lead +0.27
[   60 s]                   valve, gR = 20, gB = 5                                  seed 2 k   8.0 (q 4.082): spread 1.51e-03 (own offsets 1.67e-03, tugs 1.73e-02, gradient share 0.54), lead +0.43
[   60 s]                   valve, gR = 20, gB = 5                                  seed 2 k  16.0 (q 5.774): spread 2.58e-03 (own offsets 3.20e-03, tugs 3.29e-02, gradient share 0.55), lead +0.36
[   61 s]                   valve, gR = 20, gB = 5                                  seed 3 k   0.0 (q 0.000): spread 1.46e-04 (own offsets 1.21e-04, tugs 1.96e-03, gradient share 0.49), lead +0.87
[   62 s]                   valve, gR = 20, gB = 5                                  seed 3 k   2.0 (q 2.041): spread 9.81e-04 (own offsets 4.52e-04, tugs 6.40e-03, gradient share 0.51), lead +0.48
[   62 s]                   valve, gR = 20, gB = 5                                  seed 3 k   8.0 (q 4.082): spread 2.51e-03 (own offsets 1.39e-03, tugs 2.01e-02, gradient share 0.53), lead +0.13
[   62 s]                   valve, gR = 20, gB = 5                                  seed 3 k  16.0 (q 5.774): spread 4.00e-03 (own offsets 2.66e-03, tugs 3.85e-02, gradient share 0.54), lead +0.12
[   63 s]              valve, gR = 20, gB = 5, odd                                  seed 1 k   0.0 (q 0.000): spread 3.14e-04 (own offsets 2.20e-04, tugs 1.92e-03, gradient share 0.52), lead +0.70
[   63 s]              valve, gR = 20, gB = 5, odd                                  seed 1 k   2.0 (q 2.041): spread 2.98e-04 (own offsets 3.46e-04, tugs 4.78e-03, gradient share 0.52), lead +0.56
[   63 s]              valve, gR = 20, gB = 5, odd                                  seed 1 k   8.0 (q 4.082): spread 7.71e-04 (own offsets 1.02e-03, tugs 1.32e-02, gradient share 0.51), lead +0.29
[   64 s]              valve, gR = 20, gB = 5, odd                                  seed 1 k  16.0 (q 5.774): spread 1.95e-03 (own offsets 1.97e-03, tugs 2.45e-02, gradient share 0.51), lead +0.13
[   65 s]              valve, gR = 20, gB = 5, odd                                  seed 2 k   0.0 (q 0.000): spread 3.34e-04 (own offsets 1.45e-04, tugs 1.95e-03, gradient share 0.50), lead +0.46
[   65 s]              valve, gR = 20, gB = 5, odd                                  seed 2 k   2.0 (q 2.041): spread 2.79e-04 (own offsets 4.00e-04, tugs 5.91e-03, gradient share 0.48), lead +0.68
[   66 s]              valve, gR = 20, gB = 5, odd                                  seed 2 k   8.0 (q 4.082): spread 2.41e-04 (own offsets 1.49e-03, tugs 1.78e-02, gradient share 0.52), lead +0.05
[   66 s]              valve, gR = 20, gB = 5, odd                                  seed 2 k  16.0 (q 5.774): spread 7.23e-04 (own offsets 2.97e-03, tugs 3.37e-02, gradient share 0.53), lead +0.06
[   66 s]              valve, gR = 20, gB = 5, odd                                  seed 3 k   0.0 (q 0.000): spread 1.46e-04 (own offsets 1.21e-04, tugs 1.96e-03, gradient share 0.49), lead +0.87
[   67 s]              valve, gR = 20, gB = 5, odd                                  seed 3 k   2.0 (q 2.041): spread 3.10e-04 (own offsets 3.25e-04, tugs 6.35e-03, gradient share 0.48), lead +0.76
[   67 s]              valve, gR = 20, gB = 5, odd                                  seed 3 k   8.0 (q 4.082): spread 1.23e-03 (own offsets 1.27e-03, tugs 2.01e-02, gradient share 0.52), lead +0.30
[   67 s]              valve, gR = 20, gB = 5, odd                                  seed 3 k  16.0 (q 5.774): spread 2.22e-03 (own offsets 2.55e-03, tugs 3.84e-02, gradient share 0.53), lead +0.40
[   68 s]                                   single     heat_tugs_gradient_part_only seed 1 k   2.0 (q 0.408): spread 2.93e-04 (own offsets 5.66e-04, tugs 3.22e-03, gradient share 0.83), lead +0.77
[   69 s]                                   single     heat_tugs_gradient_part_only seed 1 k   8.0 (q 0.816): spread 3.76e-04 (own offsets 1.48e-03, tugs 8.89e-03, gradient share 0.98), lead +0.82
[   69 s]                                   single     heat_tugs_gradient_part_only seed 2 k   2.0 (q 0.408): spread 4.65e-04 (own offsets 8.03e-04, tugs 3.79e-03, gradient share 0.87), lead +0.58
[   70 s]                                   single     heat_tugs_gradient_part_only seed 2 k   8.0 (q 0.816): spread 3.21e-04 (own offsets 2.42e-03, tugs 1.14e-02, gradient share 0.99), lead +0.90
[   70 s]                                   single     heat_tugs_gradient_part_only seed 3 k   2.0 (q 0.408): spread 9.12e-06 (own offsets 6.63e-04, tugs 5.19e-03, gradient share 0.93), lead +0.89
[   70 s]                                   single     heat_tugs_gradient_part_only seed 3 k   8.0 (q 0.816): spread 4.69e-04 (own offsets 1.95e-03, tugs 1.54e-02, gradient share 0.99), lead +0.92
[   71 s]                                   single  heat_tugs_nongradient_part_only seed 1 k   8.0 (q 0.816): spread 2.01e-03 (own offsets 1.48e-03, tugs 9.76e-03, gradient share 0.02), lead +0.00
[   71 s]                                   single  heat_tugs_nongradient_part_only seed 1 k   2.0 (q 0.408): spread 9.11e-04 (own offsets 5.66e-04, tugs 3.81e-03, gradient share 0.13), lead +0.13
[   71 s]                                   single  heat_tugs_nongradient_part_only seed 2 k   2.0 (q 0.408): spread 1.35e-03 (own offsets 8.03e-04, tugs 3.98e-03, gradient share 0.12), lead +0.34
[   72 s]                                   single  heat_tugs_nongradient_part_only seed 2 k   8.0 (q 0.816): spread 2.84e-03 (own offsets 2.42e-03, tugs 1.13e-02, gradient share 0.01), lead -0.06
[   72 s]                                   single  heat_tugs_nongradient_part_only seed 3 k   2.0 (q 0.408): spread 1.17e-03 (own offsets 6.63e-04, tugs 4.73e-03, gradient share 0.08), lead -0.01
[   73 s]                                   single  heat_tugs_nongradient_part_only seed 3 k   8.0 (q 0.816): spread 2.67e-03 (own offsets 1.95e-03, tugs 1.38e-02, gradient share 0.01), lead +0.04
[   74 s]                                   single       no_heat_tugs_among_sources seed 1 k   2.0 (q 0.408): spread 1.98e-04 (own offsets 5.66e-04, tugs 1.90e-03, gradient share 0.51), lead +0.71
[   74 s]                                   single       no_heat_tugs_among_sources seed 1 k   8.0 (q 0.816): spread 9.12e-04 (own offsets 1.48e-03, tugs 1.90e-03, gradient share 0.51), lead +0.61
[   74 s]                                   single       no_heat_tugs_among_sources seed 2 k   2.0 (q 0.408): spread 5.01e-04 (own offsets 8.03e-04, tugs 1.93e-03, gradient share 0.50), lead +0.72
[   75 s]                                   single       no_heat_tugs_among_sources seed 2 k   8.0 (q 0.816): spread 2.13e-03 (own offsets 2.42e-03, tugs 1.93e-03, gradient share 0.50), lead +0.57
[   75 s]                                   single       no_heat_tugs_among_sources seed 3 k   2.0 (q 0.408): spread 5.35e-04 (own offsets 6.63e-04, tugs 1.94e-03, gradient share 0.49), lead +0.55
[   75 s]                                   single       no_heat_tugs_among_sources seed 3 k   8.0 (q 0.816): spread 1.65e-03 (own offsets 1.95e-03, tugs 1.94e-03, gradient share 0.49), lead +0.71
[   76 s]                                   single                  no_heat_offsets seed 1 k   2.0 (q 0.408): spread 1.03e-03 (own offsets 2.61e-04, tugs 4.61e-03, gradient share 0.41), lead +0.16
[   76 s]                                   single                  no_heat_offsets seed 1 k   8.0 (q 0.816): spread 2.64e-03 (own offsets 2.61e-04, tugs 1.31e-02, gradient share 0.45), lead +0.04
[   77 s]                                   single                  no_heat_offsets seed 2 k   2.0 (q 0.408): spread 4.51e-04 (own offsets 1.76e-04, tugs 5.14e-03, gradient share 0.47), lead +0.59
[   78 s]                                   single                  no_heat_offsets seed 2 k   8.0 (q 0.816): spread 2.26e-03 (own offsets 1.76e-04, tugs 1.59e-02, gradient share 0.50), lead +0.42
[   78 s]                                   single                  no_heat_offsets seed 3 k   2.0 (q 0.408): spread 9.16e-04 (own offsets 1.49e-04, tugs 6.75e-03, gradient share 0.55), lead +0.34
[   78 s]                                   single                  no_heat_offsets seed 3 k   8.0 (q 0.816): spread 2.91e-03 (own offsets 1.49e-04, tugs 2.06e-02, gradient share 0.56), lead +0.27
[   79 s]                              single, odd     heat_tugs_gradient_part_only seed 1 k   2.0 (q 0.408): spread 4.68e-04 (own offsets 3.71e-04, tugs 3.58e-03, gradient share 0.86), lead +0.37
[   79 s]                              single, odd     heat_tugs_gradient_part_only seed 1 k   8.0 (q 0.816): spread 5.04e-04 (own offsets 1.20e-03, tugs 9.38e-03, gradient share 0.98), lead +0.50
[   80 s]                              single, odd     heat_tugs_gradient_part_only seed 2 k   2.0 (q 0.408): spread 4.05e-04 (own offsets 4.93e-04, tugs 4.68e-03, gradient share 0.91), lead +0.30
[   80 s]                              single, odd     heat_tugs_gradient_part_only seed 2 k   8.0 (q 0.816): spread 5.67e-04 (own offsets 1.86e-03, tugs 1.34e-02, gradient share 0.99), lead +0.14
[   81 s]                              single, odd     heat_tugs_gradient_part_only seed 3 k   2.0 (q 0.408): spread 6.50e-04 (own offsets 4.42e-04, tugs 5.02e-03, gradient share 0.92), lead +0.53
[   82 s]                              single, odd     heat_tugs_gradient_part_only seed 3 k   8.0 (q 0.816): spread 2.22e-04 (own offsets 1.61e-03, tugs 1.50e-02, gradient share 0.99), lead +0.74
[   82 s]                              single, odd  heat_tugs_nongradient_part_only seed 1 k   2.0 (q 0.408): spread 4.18e-04 (own offsets 3.71e-04, tugs 3.64e-03, gradient share 0.14), lead +0.27
[   83 s]                              single, odd  heat_tugs_nongradient_part_only seed 1 k   8.0 (q 0.816): spread 1.21e-03 (own offsets 1.20e-03, tugs 9.39e-03, gradient share 0.02), lead +0.20
[   83 s]                              single, odd  heat_tugs_nongradient_part_only seed 2 k   2.0 (q 0.408): spread 6.30e-04 (own offsets 4.93e-04, tugs 4.15e-03, gradient share 0.11), lead +0.64
[   84 s]                              single, odd  heat_tugs_nongradient_part_only seed 2 k   8.0 (q 0.816): spread 2.60e-03 (own offsets 1.86e-03, tugs 1.19e-02, gradient share 0.01), lead +0.40
[   84 s]                              single, odd  heat_tugs_nongradient_part_only seed 3 k   2.0 (q 0.408): spread 3.19e-04 (own offsets 4.42e-04, tugs 4.46e-03, gradient share 0.09), lead +0.58
[   85 s]                              single, odd  heat_tugs_nongradient_part_only seed 3 k   8.0 (q 0.816): spread 1.83e-03 (own offsets 1.61e-03, tugs 1.35e-02, gradient share 0.01), lead +0.18
[   85 s]                              single, odd       no_heat_tugs_among_sources seed 1 k   2.0 (q 0.408): spread 2.27e-04 (own offsets 3.71e-04, tugs 1.90e-03, gradient share 0.51), lead +0.51
[   86 s]                              single, odd       no_heat_tugs_among_sources seed 1 k   8.0 (q 0.816): spread 7.64e-04 (own offsets 1.20e-03, tugs 1.90e-03, gradient share 0.51), lead +0.73
[   86 s]                              single, odd       no_heat_tugs_among_sources seed 2 k   2.0 (q 0.408): spread 2.87e-04 (own offsets 4.93e-04, tugs 1.93e-03, gradient share 0.50), lead +0.93
[   87 s]                              single, odd       no_heat_tugs_among_sources seed 2 k   8.0 (q 0.816): spread 1.57e-03 (own offsets 1.86e-03, tugs 1.93e-03, gradient share 0.50), lead +0.70
[   87 s]                              single, odd       no_heat_tugs_among_sources seed 3 k   2.0 (q 0.408): spread 4.32e-04 (own offsets 4.42e-04, tugs 1.94e-03, gradient share 0.49), lead +0.47
[   88 s]                              single, odd       no_heat_tugs_among_sources seed 3 k   8.0 (q 0.816): spread 1.28e-03 (own offsets 1.61e-03, tugs 1.94e-03, gradient share 0.49), lead +0.61
[   88 s]                              single, odd                  no_heat_offsets seed 1 k   2.0 (q 0.408): spread 4.94e-04 (own offsets 2.61e-04, tugs 4.74e-03, gradient share 0.49), lead +0.64
[   89 s]                              single, odd                  no_heat_offsets seed 1 k   8.0 (q 0.816): spread 1.76e-03 (own offsets 2.61e-04, tugs 1.31e-02, gradient share 0.50), lead +0.17
[   89 s]                              single, odd                  no_heat_offsets seed 2 k   2.0 (q 0.408): spread 3.42e-04 (own offsets 1.76e-04, tugs 5.95e-03, gradient share 0.57), lead +0.62
[   90 s]                              single, odd                  no_heat_offsets seed 2 k   8.0 (q 0.816): spread 1.47e-03 (own offsets 1.76e-04, tugs 1.78e-02, gradient share 0.56), lead +0.28
[   90 s]                              single, odd                  no_heat_offsets seed 3 k   2.0 (q 0.408): spread 9.06e-04 (own offsets 1.49e-04, tugs 6.43e-03, gradient share 0.56), lead +0.32
[   91 s]                              single, odd                  no_heat_offsets seed 3 k   8.0 (q 0.816): spread 3.50e-03 (own offsets 1.49e-04, tugs 2.01e-02, gradient share 0.55), lead +0.24
wrote run-rhythm-budget-v17/rhythm_protect_v17.json
