valve, gR = 20, gB = 5, odd seed 1 k 8.0:
   t   2000: sources -3.25e-03 (spread 2.0e-03), receivers -4.89e-04 (spread 5.0e-04), keeping step +0.19
   t   4000: sources -3.11e-03 (spread 1.8e-03), receivers -5.91e-04 (spread 1.0e-03), keeping step +0.18
   t   6000: sources -1.67e-03 (spread 1.4e-03), receivers -7.27e-04 (spread 9.9e-04), keeping step +0.26
   t   8000: sources -1.76e-03 (spread 9.9e-04), receivers -5.61e-04 (spread 7.4e-04), keeping step +0.32
   t  10000: sources -2.10e-03 (spread 1.2e-03), receivers -9.87e-04 (spread 7.0e-04), keeping step +0.21
   t  12000: sources -1.82e-03 (spread 8.9e-04), receivers -6.13e-04 (spread 8.9e-04), keeping step +0.45
   t  14000: sources -2.88e-03 (spread 8.5e-04), receivers -9.29e-04 (spread 1.0e-03), keeping step +0.25
   t  16000: sources -2.33e-03 (spread 8.0e-04), receivers -1.25e-03 (spread 7.0e-04), keeping step +0.27
   t  18000: sources -1.91e-03 (spread 1.3e-03), receivers -4.78e-04 (spread 9.3e-04), keeping step +0.14
   t  20000: sources -7.01e-04 (spread 1.9e-03), receivers +3.30e-04 (spread 5.5e-04), keeping step +0.24
   t  22000: sources -1.61e-03 (spread 1.0e-03), receivers -9.36e-04 (spread 8.7e-04), keeping step +0.26
   t  24000: sources -1.85e-03 (spread 1.1e-03), receivers -1.05e-03 (spread 8.4e-04), keeping step +0.04
valve, gR = 20, gB = 5, odd seed 2 k 8.0:
   t   2000: sources +7.90e-04 (spread 1.9e-03), receivers +1.87e-04 (spread 4.1e-04), keeping step +0.43
   t   4000: sources +2.24e-04 (spread 1.1e-03), receivers -1.60e-05 (spread 2.2e-04), keeping step +0.68
   t   6000: sources +1.59e-03 (spread 1.2e-03), receivers +3.06e-04 (spread 4.8e-04), keeping step +0.45
   t   8000: sources +2.76e-03 (spread 4.1e-04), receivers +1.09e-03 (spread 1.0e-03), keeping step +0.25
   t  10000: sources +3.12e-03 (spread 1.0e-04), receivers +9.83e-04 (spread 1.1e-03), keeping step +0.02
   t  12000: sources +2.80e-03 (spread 5.6e-04), receivers +1.06e-03 (spread 9.5e-04), keeping step +0.00
   t  14000: sources +3.19e-03 (spread 1.2e-04), receivers +9.71e-04 (spread 1.2e-03), keeping step +0.10
   t  16000: sources +2.84e-03 (spread 3.5e-04), receivers +6.28e-04 (spread 1.0e-03), keeping step +0.06
   t  18000: sources +2.98e-03 (spread 3.6e-04), receivers +1.23e-03 (spread 1.0e-03), keeping step +0.17
   t  20000: sources +3.11e-03 (spread 1.1e-04), receivers +1.06e-03 (spread 1.0e-03), keeping step +0.06
   t  22000: sources +2.75e-03 (spread 5.7e-04), receivers +6.63e-04 (spread 8.5e-04), keeping step +0.26
   t  24000: sources +3.12e-03 (spread 1.1e-04), receivers +1.10e-03 (spread 1.2e-03), keeping step +0.09
single seed 1 k 0.0:
   t   2000: sources +1.20e-04 (spread 8.6e-04), receivers +2.15e-05 (spread 4.2e-04), keeping step +0.47
   t   4000: sources +1.84e-05 (spread 6.2e-04), receivers +1.52e-04 (spread 4.3e-04), keeping step +0.64
   t   6000: sources +2.49e-04 (spread 6.6e-04), receivers -5.77e-05 (spread 1.9e-04), keeping step +0.78
   t   8000: sources +4.49e-04 (spread 4.9e-04), receivers +2.38e-04 (spread 2.1e-04), keeping step +0.65
   t  10000: sources +2.45e-04 (spread 6.9e-04), receivers +1.19e-04 (spread 4.3e-04), keeping step +0.70
   t  12000: sources +1.63e-04 (spread 5.8e-04), receivers +1.80e-04 (spread 4.3e-04), keeping step +0.64
   t  14000: sources +1.23e-04 (spread 3.5e-04), receivers +3.77e-06 (spread 2.6e-04), keeping step +0.89
   t  16000: sources -1.86e-06 (spread 3.4e-04), receivers -9.61e-06 (spread 8.2e-05), keeping step +0.93
   t  18000: sources +2.09e-04 (spread 3.7e-04), receivers +1.61e-04 (spread 1.8e-04), keeping step +0.82
   t  20000: sources +3.16e-04 (spread 2.1e-04), receivers +2.51e-04 (spread 1.5e-04), keeping step +0.91
   t  22000: sources +3.85e-04 (spread 9.9e-05), receivers +2.99e-04 (spread 1.5e-04), keeping step +0.88
   t  24000: sources +4.24e-04 (spread 1.3e-04), receivers +3.01e-04 (spread 2.2e-04), keeping step +0.79
wrote run-rhythm-budget-v17/rhythm_trace_v17.json
