[    0 s] budget seed 1 q 0.20 (k 0.48): own offsets mean +2.40e-05 spread 3.26e-04; tugs cold 2.77e-04, heat 2.59e-04
[    0 s] budget seed 1 q 0.00 (k 0.00): own offsets mean +9.60e-05 spread 2.61e-04; tugs cold 2.77e-04, heat 0.00e+00
[    0 s] budget seed 1 q 0.41 (k 2.02): own offsets mean -7.17e-05 spread 5.69e-04; tugs cold 2.77e-04, heat 6.41e-04
[    0 s] budget seed 1 q 0.82 (k 8.07): own offsets mean -3.18e-04 spread 1.49e-03; tugs cold 2.77e-04, heat 1.92e-03
[    0 s] budget seed 1 q 1.15 (k 15.87): own offsets mean -5.72e-04 spread 2.66e-03; tugs cold 2.77e-04, heat 3.51e-03
[    0 s] budget seed 2 q 0.00 (k 0.00): own offsets mean +3.32e-05 spread 1.76e-04; tugs cold 2.82e-04, heat 0.00e+00
[    0 s] budget seed 2 q 0.20 (k 0.48): own offsets mean +1.84e-05 spread 3.15e-04; tugs cold 2.82e-04, heat 2.88e-04
[    0 s] budget seed 2 q 1.15 (k 15.87): own offsets mean -3.52e-04 spread 4.41e-03; tugs cold 2.82e-04, heat 4.46e-03
[    0 s] budget seed 2 q 0.41 (k 2.02): own offsets mean -2.08e-05 spread 8.08e-04; tugs cold 2.82e-04, heat 7.20e-04
[    0 s] budget seed 2 q 0.82 (k 8.07): own offsets mean -1.67e-04 spread 2.44e-03; tugs cold 2.82e-04, heat 2.33e-03
[    0 s] budget seed 3 q 0.00 (k 0.00): own offsets mean +1.72e-05 spread 1.49e-04; tugs cold 2.83e-04, heat 0.00e+00
[    0 s] budget seed 3 q 0.20 (k 0.48): own offsets mean +3.67e-06 spread 3.08e-04; tugs cold 2.83e-04, heat 3.35e-04
[    0 s] budget seed 3 q 0.41 (k 2.02): own offsets mean -4.11e-05 spread 6.66e-04; tugs cold 2.83e-04, heat 9.15e-04
[    0 s] budget seed 3 q 0.82 (k 8.07): own offsets mean -2.19e-04 spread 1.96e-03; tugs cold 2.83e-04, heat 2.99e-03
[    0 s] orders seed 1 q 0.20 even: own offsets cold 2.61e-04 linear 2.30e-04 quadratic 7.24e-05; tugs cold 1.90e-03 linear 1.65e-03 quadratic 6.70e-04
[    0 s] budget seed 3 q 1.15 (k 15.87): own offsets mean -4.49e-04 spread 3.59e-03; tugs cold 2.83e-04, heat 5.62e-03
[    0 s] orders seed 1 q 0.20 odd: own offsets cold 2.61e-04 linear 8.04e-20 quadratic 7.24e-05; tugs cold 1.90e-03 linear 1.62e-03 quadratic 6.70e-04
[    0 s] orders seed 1 q 0.41 even: own offsets cold 2.61e-04 linear 4.72e-04 quadratic 3.04e-04; tugs cold 1.90e-03 linear 3.37e-03 quadratic 2.82e-03
[    0 s] orders seed 1 q 0.41 odd: own offsets cold 2.61e-04 linear 1.59e-19 quadratic 3.04e-04; tugs cold 1.90e-03 linear 3.33e-03 quadratic 2.82e-03
[    0 s] orders seed 1 q 0.82 even: own offsets cold 2.61e-04 linear 9.44e-04 quadratic 1.22e-03; tugs cold 1.90e-03 linear 6.75e-03 quadratic 1.13e-02
[    0 s] orders seed 1 q 0.82 odd: own offsets cold 2.61e-04 linear 3.19e-19 quadratic 1.22e-03; tugs cold 1.90e-03 linear 6.66e-03 quadratic 1.13e-02
[    0 s] orders seed 1 q 1.15 even: own offsets cold 2.61e-04 linear 1.32e-03 quadratic 2.39e-03; tugs cold 1.90e-03 linear 9.46e-03 quadratic 2.22e-02
[    0 s] orders seed 1 q 1.15 odd: own offsets cold 2.61e-04 linear 4.05e-19 quadratic 2.39e-03; tugs cold 1.90e-03 linear 9.33e-03 quadratic 2.22e-02
[    0 s] orders seed 2 q 0.20 even: own offsets cold 1.76e-04 linear 2.80e-04 quadratic 1.11e-04; tugs cold 1.93e-03 linear 1.98e-03 quadratic 9.49e-04
[    0 s] orders seed 2 q 0.20 odd: own offsets cold 1.76e-04 linear 8.85e-20 quadratic 1.11e-04; tugs cold 1.93e-03 linear 1.93e-03 quadratic 9.49e-04
[    0 s] orders seed 2 q 0.41 even: own offsets cold 1.76e-04 linear 5.73e-04 quadratic 4.67e-04; tugs cold 1.93e-03 linear 4.07e-03 quadratic 3.99e-03
[    0 s] orders seed 2 q 0.41 odd: own offsets cold 1.76e-04 linear 1.39e-19 quadratic 4.67e-04; tugs cold 1.93e-03 linear 3.97e-03 quadratic 3.99e-03
[    0 s] orders seed 2 q 0.82 even: own offsets cold 1.76e-04 linear 1.15e-03 quadratic 1.87e-03; tugs cold 1.93e-03 linear 8.14e-03 quadratic 1.59e-02
[    0 s] orders seed 2 q 0.82 odd: own offsets cold 1.76e-04 linear 2.79e-19 quadratic 1.87e-03; tugs cold 1.93e-03 linear 7.93e-03 quadratic 1.59e-02
[    0 s] orders seed 2 q 1.15 even: own offsets cold 1.76e-04 linear 1.61e-03 quadratic 3.67e-03; tugs cold 1.93e-03 linear 1.14e-02 quadratic 3.14e-02
[    0 s] orders seed 2 q 1.15 odd: own offsets cold 1.76e-04 linear 4.11e-19 quadratic 3.67e-03; tugs cold 1.93e-03 linear 1.11e-02 quadratic 3.14e-02
[    0 s] orders seed 3 q 0.20 even: own offsets cold 1.49e-04 linear 1.72e-04 quadratic 9.49e-05; tugs cold 1.94e-03 linear 1.95e-03 quadratic 1.10e-03
[    0 s] orders seed 3 q 0.20 odd: own offsets cold 1.49e-04 linear 9.24e-20 quadratic 9.49e-05; tugs cold 1.94e-03 linear 1.96e-03 quadratic 1.10e-03
[    0 s] orders seed 3 q 0.41 even: own offsets cold 1.49e-04 linear 3.52e-04 quadratic 3.99e-04; tugs cold 1.94e-03 linear 4.00e-03 quadratic 4.60e-03
[    0 s] orders seed 3 q 0.41 odd: own offsets cold 1.49e-04 linear 1.82e-19 quadratic 3.99e-04; tugs cold 1.94e-03 linear 4.01e-03 quadratic 4.60e-03
[    0 s] orders seed 3 q 0.82 odd: own offsets cold 1.49e-04 linear 3.63e-19 quadratic 1.60e-03; tugs cold 1.94e-03 linear 8.02e-03 quadratic 1.84e-02
[    0 s] orders seed 3 q 0.82 even: own offsets cold 1.49e-04 linear 7.05e-04 quadratic 1.60e-03; tugs cold 1.94e-03 linear 8.01e-03 quadratic 1.84e-02
[    0 s] orders seed 3 q 1.15 even: own offsets cold 1.49e-04 linear 9.88e-04 quadratic 3.14e-03; tugs cold 1.94e-03 linear 1.12e-02 quadratic 3.62e-02
[    0 s] orders seed 3 q 1.15 odd: own offsets cold 1.49e-04 linear 6.07e-19 quadratic 3.14e-03; tugs cold 1.94e-03 linear 1.12e-02 quadratic 3.62e-02
[  142 s] full q 0.41: rhythm spread 1.18e-03; budget sum vs rhythm corr 1.000; term spreads qq 8.57e-04 rb 1.07e-03 own 1.40e-03
[  142 s] full q 0.00: rhythm spread 4.43e-04; budget sum vs rhythm corr 1.000; term spreads qq 4.83e-04 rb 3.63e-04 own 0.00e+00
[  144 s] reduced seed 1 q 0.00                      all: rhythm spread 3.44e-04, lead +0.79
[  144 s] full q 0.82: rhythm spread 2.58e-03; budget sum vs rhythm corr 1.000; term spreads qq 6.08e-04 rb 1.67e-03 own 2.40e-03
[  144 s] reduced seed 1 q 0.41                      all: rhythm spread 1.09e-03, lead +0.23
[  145 s] reduced seed 1 q 0.41               no_offsets: rhythm spread 7.19e-04, lead +0.36
[  145 s] reduced seed 1 q 0.41   cold_tugs_warm_offsets: rhythm spread 4.65e-04, lead +0.37
[  145 s] reduced seed 1 q 0.82                      all: rhythm spread 3.09e-03, lead +0.14
[  146 s] reduced seed 1 q 0.82               no_offsets: rhythm spread 2.53e-03, lead +0.16
[  146 s] reduced seed 1 q 0.82   cold_tugs_warm_offsets: rhythm spread 1.02e-03, lead +0.15
[  147 s] reduced seed 2 q 0.00                      all: rhythm spread 3.74e-04, lead +0.44
[  148 s] reduced seed 2 q 0.41               no_offsets: rhythm spread 9.54e-04, lead +0.42
[  148 s] reduced seed 2 q 0.41                      all: rhythm spread 1.16e-03, lead +0.38
[  148 s] reduced seed 2 q 0.41   cold_tugs_warm_offsets: rhythm spread 5.84e-04, lead +0.35
[  149 s] reduced seed 2 q 0.82                      all: rhythm spread 2.89e-03, lead +0.22
[  149 s] reduced seed 2 q 0.82               no_offsets: rhythm spread 2.37e-03, lead +0.22
[  149 s] reduced seed 2 q 0.82   cold_tugs_warm_offsets: rhythm spread 2.17e-03, lead +0.15
[  151 s] reduced seed 3 q 0.00                      all: rhythm spread 2.86e-04, lead +0.67
[  151 s] reduced seed 3 q 0.41                      all: rhythm spread 8.87e-04, lead +0.32
[  151 s] reduced seed 3 q 0.41               no_offsets: rhythm spread 1.04e-03, lead +0.26
[  152 s] reduced seed 3 q 0.82                      all: rhythm spread 3.10e-03, lead +0.15
[  152 s] reduced seed 3 q 0.41   cold_tugs_warm_offsets: rhythm spread 5.81e-04, lead +0.32
[  152 s] reduced seed 3 q 0.82               no_offsets: rhythm spread 1.75e-03, lead +0.22
[  154 s] reduced seed 3 q 0.82   cold_tugs_warm_offsets: rhythm spread 1.72e-03, lead +0.11
wrote run-rhythm-budget-v17/rhythm_budget_v17.json
