[    1 s]                                   single                                  seed 1 k   0.0 (q 0.000): spread 8.39e-04 (own offsets 1.06e-03, tugs 4.13e-03, gradient share 0.53), lead +0.01
[    3 s]                                   single                                  seed 1 k   2.0 (q 0.408): spread 6.82e-03 (own offsets 6.11e-03, tugs 1.68e-02, gradient share 0.29), lead -0.02
[    4 s]                                   single                                  seed 1 k   8.0 (q 0.816): spread 2.04e-02 (own offsets 1.98e-02, tugs 5.45e-02, gradient share 0.26), lead +0.02
[    5 s]                                   single                                  seed 2 k   0.0 (q 0.000): spread 6.90e-04 (own offsets 1.21e-03, tugs 4.46e-03, gradient share 0.55), lead +0.02
[    7 s]                                   single                                  seed 2 k   2.0 (q 0.408): spread 6.68e-03 (own offsets 7.16e-03, tugs 1.36e-02, gradient share 0.42), lead +0.03
[    8 s]                                   single                                  seed 2 k   8.0 (q 0.816): spread 1.74e-02 (own offsets 2.11e-02, tugs 4.19e-02, gradient share 0.39), lead +0.04
[   10 s]                                   single                                  seed 3 k   0.0 (q 0.000): spread 9.54e-04 (own offsets 1.23e-03, tugs 4.56e-03, gradient share 0.57), lead +0.04
[   11 s]                                   single                                  seed 3 k   2.0 (q 0.408): spread 8.22e-03 (own offsets 5.69e-03, tugs 1.39e-02, gradient share 0.35), lead +0.03
[   12 s]                                   single                                  seed 3 k   8.0 (q 0.816): spread 2.15e-02 (own offsets 1.73e-02, tugs 4.39e-02, gradient share 0.28), lead +0.03
[   14 s]                              single, odd                                  seed 1 k   0.0 (q 0.000): spread 8.39e-04 (own offsets 1.06e-03, tugs 4.13e-03, gradient share 0.53), lead +0.01
[   15 s]                              single, odd                                  seed 1 k   2.0 (q 0.408): spread 4.14e-03 (own offsets 4.50e-03, tugs 1.56e-02, gradient share 0.36), lead +0.03
[   16 s]                              single, odd                                  seed 1 k   8.0 (q 0.816): spread 1.63e-02 (own offsets 1.82e-02, tugs 5.22e-02, gradient share 0.29), lead -0.01
[   18 s]                              single, odd                                  seed 2 k   0.0 (q 0.000): spread 6.90e-04 (own offsets 1.21e-03, tugs 4.46e-03, gradient share 0.55), lead +0.02
[   19 s]                              single, odd                                  seed 2 k   2.0 (q 0.408): spread 2.79e-03 (own offsets 4.14e-03, tugs 1.33e-02, gradient share 0.46), lead +0.06
[   21 s]                              single, odd                                  seed 2 k   8.0 (q 0.816): spread 8.82e-03 (own offsets 1.60e-02, tugs 4.11e-02, gradient share 0.42), lead +0.02
[   22 s]                              single, odd                                  seed 3 k   0.0 (q 0.000): spread 9.54e-04 (own offsets 1.23e-03, tugs 4.56e-03, gradient share 0.57), lead +0.04
[   23 s]                              single, odd                                  seed 3 k   2.0 (q 0.408): spread 3.22e-03 (own offsets 4.18e-03, tugs 1.36e-02, gradient share 0.40), lead +0.11
[   25 s]                              single, odd                                  seed 3 k   8.0 (q 0.816): spread 1.23e-02 (own offsets 1.63e-02, tugs 4.34e-02, gradient share 0.31), lead +0.08
[   26 s]        bright + dark, Delta = gamma + gi                                  seed 1 k   0.0 (q 0.000): spread 1.39e-03 (own offsets 1.12e-03, tugs 6.07e-03, gradient share 0.53), lead -0.01
[   28 s]        bright + dark, Delta = gamma + gi                                  seed 1 k   2.0 (q 0.816): spread 1.31e-02 (own offsets 1.43e-02, tugs 2.66e-02, gradient share 0.55), lead +0.00
[   29 s]        bright + dark, Delta = gamma + gi                                  seed 1 k   8.0 (q 1.633): spread 5.06e-02 (own offsets 5.21e-02, tugs 8.56e-02, gradient share 0.51), lead +0.00
[   31 s]        bright + dark, Delta = gamma + gi                                  seed 2 k   0.0 (q 0.000): spread 1.94e-03 (own offsets 1.34e-03, tugs 6.43e-03, gradient share 0.53), lead +0.07
[   32 s]        bright + dark, Delta = gamma + gi                                  seed 2 k   2.0 (q 0.816): spread 2.25e-02 (own offsets 2.42e-02, tugs 2.21e-02, gradient share 0.58), lead +0.01
[   34 s]        bright + dark, Delta = gamma + gi                                  seed 2 k   8.0 (q 1.633): spread 8.44e-02 (own offsets 8.86e-02, tugs 6.85e-02, gradient share 0.55), lead +0.00
[   35 s]        bright + dark, Delta = gamma + gi                                  seed 3 k   0.0 (q 0.000): spread 2.09e-03 (own offsets 1.38e-03, tugs 6.39e-03, gradient share 0.53), lead +0.05
[   37 s]        bright + dark, Delta = gamma + gi                                  seed 3 k   2.0 (q 0.816): spread 1.47e-02 (own offsets 1.68e-02, tugs 2.31e-02, gradient share 0.50), lead +0.03
[   38 s]        bright + dark, Delta = gamma + gi                                  seed 3 k   8.0 (q 1.633): spread 4.54e-02 (own offsets 5.74e-02, tugs 7.38e-02, gradient share 0.47), lead +0.00
[   39 s]   bright + dark, Delta = gamma + gi, odd                                  seed 1 k   0.0 (q 0.000): spread 1.39e-03 (own offsets 1.12e-03, tugs 6.07e-03, gradient share 0.53), lead -0.01
[   41 s]   bright + dark, Delta = gamma + gi, odd                                  seed 1 k   2.0 (q 0.816): spread 1.24e-02 (own offsets 1.28e-02, tugs 2.49e-02, gradient share 0.47), lead -0.01
[   43 s]   bright + dark, Delta = gamma + gi, odd                                  seed 1 k   8.0 (q 1.633): spread 5.22e-02 (own offsets 5.00e-02, tugs 8.24e-02, gradient share 0.46), lead -0.00
[   44 s]   bright + dark, Delta = gamma + gi, odd                                  seed 2 k   0.0 (q 0.000): spread 1.94e-03 (own offsets 1.34e-03, tugs 6.43e-03, gradient share 0.53), lead +0.07
[   45 s]   bright + dark, Delta = gamma + gi, odd                                  seed 2 k   2.0 (q 0.816): spread 1.83e-02 (own offsets 2.07e-02, tugs 2.20e-02, gradient share 0.47), lead -0.02
[   47 s]   bright + dark, Delta = gamma + gi, odd                                  seed 2 k   8.0 (q 1.633): spread 7.72e-02 (own offsets 8.22e-02, tugs 6.79e-02, gradient share 0.50), lead -0.01
[   48 s]   bright + dark, Delta = gamma + gi, odd                                  seed 3 k   0.0 (q 0.000): spread 2.09e-03 (own offsets 1.38e-03, tugs 6.39e-03, gradient share 0.53), lead +0.05
[   50 s]   bright + dark, Delta = gamma + gi, odd                                  seed 3 k   2.0 (q 0.816): spread 9.46e-03 (own offsets 1.30e-02, tugs 2.20e-02, gradient share 0.46), lead -0.01
[   51 s]   bright + dark, Delta = gamma + gi, odd                                  seed 3 k   8.0 (q 1.633): spread 4.14e-02 (own offsets 5.07e-02, tugs 7.18e-02, gradient share 0.46), lead -0.00
[   52 s]      paired, Delta = 4 (gamma + gi), odd                                  seed 1 k   0.0 (q 0.000): spread 1.47e-03 (own offsets 2.09e-04, tugs 7.71e-03, gradient share 0.59), lead +0.10
[   54 s]      paired, Delta = 4 (gamma + gi), odd                                  seed 1 k   2.0 (q 6.120): spread 3.64e-03 (own offsets 8.96e-04, tugs 2.94e-02, gradient share 0.33), lead +0.01
[   55 s]      paired, Delta = 4 (gamma + gi), odd                                  seed 1 k   8.0 (q 12.240): spread 1.53e-02 (own offsets 3.79e-03, tugs 9.97e-02, gradient share 0.24), lead +0.02
[   57 s]      paired, Delta = 4 (gamma + gi), odd                                  seed 2 k   0.0 (q 0.000): spread 1.98e-03 (own offsets 2.15e-04, tugs 8.03e-03, gradient share 0.62), lead -0.00
[   58 s]      paired, Delta = 4 (gamma + gi), odd                                  seed 2 k   2.0 (q 6.120): spread 2.50e-03 (own offsets 9.42e-04, tugs 2.71e-02, gradient share 0.33), lead +0.34
[   60 s]      paired, Delta = 4 (gamma + gi), odd                                  seed 2 k   8.0 (q 12.240): spread 1.82e-02 (own offsets 3.86e-03, tugs 8.59e-02, gradient share 0.24), lead +0.04
[   61 s]      paired, Delta = 4 (gamma + gi), odd                                  seed 3 k   0.0 (q 0.000): spread 7.61e-04 (own offsets 2.47e-04, tugs 8.16e-03, gradient share 0.63), lead +0.01
[   62 s]      paired, Delta = 4 (gamma + gi), odd                                  seed 3 k   2.0 (q 6.120): spread 3.47e-03 (own offsets 1.24e-03, tugs 2.94e-02, gradient share 0.31), lead +0.11
[   64 s]      paired, Delta = 4 (gamma + gi), odd                                  seed 3 k   8.0 (q 12.240): spread 1.87e-02 (own offsets 4.89e-03, tugs 9.70e-02, gradient share 0.23), lead +0.08
[   65 s]                   valve, gR = 20, gB = 5                                  seed 1 k   0.0 (q 0.000): spread 1.20e-03 (own offsets 9.65e-04, tugs 4.40e-03, gradient share 0.56), lead +0.06
[   66 s]                   valve, gR = 20, gB = 5                                  seed 1 k   2.0 (q 2.041): spread 5.59e-03 (own offsets 5.03e-03, tugs 1.85e-02, gradient share 0.37), lead +0.08
[   68 s]                   valve, gR = 20, gB = 5                                  seed 1 k   8.0 (q 4.082): spread 1.37e-02 (own offsets 1.87e-02, tugs 6.13e-02, gradient share 0.28), lead -0.02
[   69 s]                   valve, gR = 20, gB = 5                                  seed 2 k   0.0 (q 0.000): spread 3.08e-04 (own offsets 1.08e-03, tugs 4.72e-03, gradient share 0.57), lead -0.02
[   71 s]                   valve, gR = 20, gB = 5                                  seed 2 k   2.0 (q 2.041): spread 2.03e-03 (own offsets 5.07e-03, tugs 1.53e-02, gradient share 0.42), lead +0.04
[   72 s]                   valve, gR = 20, gB = 5                                  seed 2 k   8.0 (q 4.082): spread 9.85e-03 (own offsets 1.74e-02, tugs 4.79e-02, gradient share 0.36), lead +0.02
[   73 s]                   valve, gR = 20, gB = 5                                  seed 3 k   0.0 (q 0.000): spread 4.85e-04 (own offsets 1.12e-03, tugs 4.79e-03, gradient share 0.59), lead +0.04
[   75 s]                   valve, gR = 20, gB = 5                                  seed 3 k   2.0 (q 2.041): spread 5.84e-03 (own offsets 5.96e-03, tugs 1.64e-02, gradient share 0.40), lead +0.08
[   76 s]                   valve, gR = 20, gB = 5                                  seed 3 k   8.0 (q 4.082): spread 1.36e-02 (own offsets 1.97e-02, tugs 5.26e-02, gradient share 0.31), lead +0.03
[   78 s]              valve, gR = 20, gB = 5, odd                                  seed 1 k   0.0 (q 0.000): spread 1.20e-03 (own offsets 9.65e-04, tugs 4.40e-03, gradient share 0.56), lead +0.06
[   79 s]              valve, gR = 20, gB = 5, odd                                  seed 1 k   2.0 (q 2.041): spread 2.98e-03 (own offsets 5.03e-03, tugs 1.73e-02, gradient share 0.34), lead +0.02
[   80 s]              valve, gR = 20, gB = 5, odd                                  seed 1 k   8.0 (q 4.082): spread 1.12e-02 (own offsets 1.90e-02, tugs 5.93e-02, gradient share 0.28), lead +0.05
[   82 s]              valve, gR = 20, gB = 5, odd                                  seed 2 k   0.0 (q 0.000): spread 3.08e-04 (own offsets 1.08e-03, tugs 4.72e-03, gradient share 0.57), lead -0.02
[   83 s]              valve, gR = 20, gB = 5, odd                                  seed 2 k   2.0 (q 2.041): spread 2.17e-03 (own offsets 4.37e-03, tugs 1.51e-02, gradient share 0.43), lead +0.03
[   85 s]              valve, gR = 20, gB = 5, odd                                  seed 2 k   8.0 (q 4.082): spread 6.81e-03 (own offsets 1.67e-02, tugs 4.75e-02, gradient share 0.37), lead +0.09
[   86 s]              valve, gR = 20, gB = 5, odd                                  seed 3 k   0.0 (q 0.000): spread 4.85e-04 (own offsets 1.12e-03, tugs 4.79e-03, gradient share 0.59), lead +0.04
[   87 s]              valve, gR = 20, gB = 5, odd                                  seed 3 k   2.0 (q 2.041): spread 2.32e-03 (own offsets 4.55e-03, tugs 1.58e-02, gradient share 0.36), lead +0.33
[   89 s]              valve, gR = 20, gB = 5, odd                                  seed 3 k   8.0 (q 4.082): spread 7.64e-03 (own offsets 1.73e-02, tugs 5.11e-02, gradient share 0.29), lead +0.07
[   90 s]                                   single     heat_tugs_gradient_part_only seed 1 k   2.0 (q 0.408): spread 2.90e-03 (own offsets 6.11e-03, tugs 9.55e-03, gradient share 0.91), lead -0.01
[   92 s]                                   single  heat_tugs_nongradient_part_only seed 1 k   2.0 (q 0.408): spread 6.02e-03 (own offsets 6.11e-03, tugs 1.45e-02, gradient share 0.04), lead +0.03
[   93 s]                                   single     heat_tugs_gradient_part_only seed 1 k   8.0 (q 0.816): spread 8.67e-03 (own offsets 1.98e-02, tugs 2.80e-02, gradient share 0.99), lead -0.01
[   95 s]                                   single  heat_tugs_nongradient_part_only seed 1 k   8.0 (q 0.816): spread 1.94e-02 (own offsets 1.98e-02, tugs 4.69e-02, gradient share 0.00), lead -0.00
[   96 s]                                   single     heat_tugs_gradient_part_only seed 2 k   2.0 (q 0.408): spread 4.20e-03 (own offsets 7.16e-03, tugs 9.27e-03, gradient share 0.90), lead +0.06
[   97 s]                                   single  heat_tugs_nongradient_part_only seed 2 k   2.0 (q 0.408): spread 7.16e-03 (own offsets 7.16e-03, tugs 1.09e-02, gradient share 0.09), lead -0.01
[   99 s]                                   single     heat_tugs_gradient_part_only seed 2 k   8.0 (q 0.816): spread 1.16e-02 (own offsets 2.11e-02, tugs 2.64e-02, gradient share 0.99), lead -0.01
[  100 s]                                   single  heat_tugs_nongradient_part_only seed 2 k   8.0 (q 0.816): spread 2.09e-02 (own offsets 2.11e-02, tugs 3.29e-02, gradient share 0.01), lead -0.05
[  102 s]                                   single     heat_tugs_gradient_part_only seed 3 k   2.0 (q 0.408): spread 3.83e-03 (own offsets 5.69e-03, tugs 8.75e-03, gradient share 0.88), lead +0.04
[  103 s]                                   single  heat_tugs_nongradient_part_only seed 3 k   2.0 (q 0.408): spread 7.52e-03 (own offsets 5.69e-03, tugs 1.17e-02, gradient share 0.09), lead -0.03
[  104 s]                                   single     heat_tugs_gradient_part_only seed 3 k   8.0 (q 0.816): spread 8.49e-03 (own offsets 1.73e-02, tugs 2.36e-02, gradient share 0.98), lead +0.03
[  106 s]                                   single  heat_tugs_nongradient_part_only seed 3 k   8.0 (q 0.816): spread 1.74e-02 (own offsets 1.73e-02, tugs 3.73e-02, gradient share 0.01), lead +0.01
wrote run-rhythm-budget-v17/rhythm_protect_compact_v17.json
