[   54 s] inward   kappa   0.5 w 0.25k: power x0.948, self-force -3.25e-02 P/c; T against at R=1,2: 0.640, 0.386 (ray 0.607, 0.368); with: 0.996; sideways R=2: 0.924 (ray 1.000); near field at 0.15: 5.9e-02; passivity exact +1.60e-02, ray +2.13e-02 (free +1.6e-02)
[  106 s] inward   kappa   2.3 w 0.25k: power x0.857, self-force -9.45e-02 P/c; T against at R=1,2: 0.225, 0.073 (ray 0.100, 0.010); with: 0.980; sideways R=2: 0.752 (ray 1.000); near field at 0.15: 1.7e-01; passivity exact +1.61e-02, ray +3.45e-02 (free +1.6e-02)
[  160 s] inward   kappa   5.0 w 0.25k: power x0.796, self-force -1.39e-01 P/c; T against at R=1,2: 0.175, 0.102 (ray 0.007, 0.000); with: 0.956; sideways R=2: 0.628 (ray 1.000); near field at 0.15: 2.4e-01; passivity exact +1.58e-02, ray +4.75e-02 (free +1.6e-02)
[  211 s] inward   kappa  10.0 w 0.25k: power x0.743, self-force -1.81e-01 P/c; T against at R=1,2: 0.200, 0.145 (ray 0.000, 0.000); with: 0.920; sideways R=2: 0.538 (ray 1.000); near field at 0.15: 3.1e-01; passivity exact +1.55e-02, ray +6.38e-02 (free +1.6e-02)
[  263 s] inward   kappa  20.0 w 0.25k: power x0.696, self-force -2.21e-01 P/c; T against at R=1,2: 0.213, 0.239 (ray 0.000, 0.000); with: 0.870; sideways R=2: 0.496 (ray 1.000); near field at 0.15: 3.7e-01; passivity exact +1.50e-02, ray +8.62e-02 (free +1.6e-02)
[  325 s] inward   kappa   0.5 w 0.5k: power x0.970, self-force -1.49e-02 P/c; T against at R=1,2: 0.611, 0.367 (ray 0.607, 0.368); with: 0.997; sideways R=2: 0.924 (ray 1.000); near field at 0.15: 4.4e-02; passivity exact +1.74e-02, ray +2.13e-02 (free +1.6e-02)
[  385 s] inward   kappa   2.3 w 0.5k: power x0.904, self-force -4.81e-02 P/c; T against at R=1,2: 0.091, 0.033 (ray 0.100, 0.010); with: 0.986; sideways R=2: 0.744 (ray 1.000); near field at 0.15: 1.5e-01; passivity exact +2.02e-02, ray +3.45e-02 (free +1.6e-02)
[  447 s] inward   kappa   5.0 w 0.5k: power x0.851, self-force -7.47e-02 P/c; T against at R=1,2: 0.171, 0.059 (ray 0.007, 0.000); with: 0.971; sideways R=2: 0.618 (ray 1.000); near field at 0.15: 2.4e-01; passivity exact +2.21e-02, ray +4.75e-02 (free +1.6e-02)
[  509 s] inward   kappa  10.0 w 0.5k: power x0.799, self-force -1.01e-01 P/c; T against at R=1,2: 0.214, 0.135 (ray 0.000, 0.000); with: 0.948; sideways R=2: 0.545 (ray 1.000); near field at 0.15: 3.3e-01; passivity exact +2.38e-02, ray +6.38e-02 (free +1.6e-02)
[  572 s] inward   kappa  20.0 w 0.5k: power x0.752, self-force -1.27e-01 P/c; T against at R=1,2: 0.279, 0.224 (ray 0.000, 0.000); with: 0.913; sideways R=2: 0.523 (ray 1.000); near field at 0.15: 4.2e-01; passivity exact +2.55e-02, ray +8.62e-02 (free +1.6e-02)
[  623 s] cardioid kappa   0.5 w 0.25k: power x0.897, self-force -3.14e-02 P/c; T against at R=1,2: 0.645, 0.390 (ray 0.607, 0.368); with: 0.996; sideways R=2: 0.620 (ray 0.607); near field at 0.15: 1.0e-01; passivity exact +1.65e-02, ray +3.57e-02 (free +1.6e-02)
[  676 s] cardioid kappa   2.3 w 0.25k: power x0.714, self-force -8.47e-02 P/c; T against at R=1,2: 0.203, 0.038 (ray 0.100, 0.010); with: 0.969; sideways R=2: 0.108 (ray 0.100); near field at 0.15: 2.8e-01; passivity exact +1.75e-02, ray +9.49e-02 (free +1.6e-02)
[  729 s] cardioid kappa   5.0 w 0.25k: power x0.593, self-force -1.17e-01 P/c; T against at R=1,2: 0.044, 0.050 (ray 0.007, 0.000); with: 0.914; sideways R=2: 0.046 (ray 0.007); near field at 0.15: 4.0e-01; passivity exact +1.78e-02, ray +1.66e-01 (free +1.6e-02)
[  783 s] cardioid kappa  10.0 w 0.25k: power x0.487, self-force -1.41e-01 P/c; T against at R=1,2: 0.081, 0.014 (ray 0.000, 0.000); with: 0.809; sideways R=2: 0.053 (ray 0.000); near field at 0.15: 5.0e-01; passivity exact +1.77e-02, ray +2.62e-01 (free +1.6e-02)
[  836 s] cardioid kappa  20.0 w 0.25k: power x0.394, self-force -1.57e-01 P/c; T against at R=1,2: 0.110, 0.045 (ray 0.000, 0.000); with: 0.644; sideways R=2: 0.011 (ray 0.000); near field at 0.15: 5.9e-01; passivity exact +1.75e-02, ray +3.75e-01 (free +1.6e-02)
[  899 s] cardioid kappa   0.5 w 0.5k: power x0.941, self-force -1.45e-02 P/c; T against at R=1,2: 0.619, 0.372 (ray 0.607, 0.368); with: 0.996; sideways R=2: 0.611 (ray 0.607); near field at 0.15: 7.0e-02; passivity exact +1.95e-02, ray +3.57e-02 (free +1.6e-02)
[  961 s] cardioid kappa   2.3 w 0.5k: power x0.808, self-force -4.36e-02 P/c; T against at R=1,2: 0.108, 0.009 (ray 0.100, 0.010); with: 0.973; sideways R=2: 0.098 (ray 0.100); near field at 0.15: 2.3e-01; passivity exact +2.65e-02, ray +9.49e-02 (free +1.6e-02)
[ 1023 s] cardioid kappa   5.0 w 0.5k: power x0.702, self-force -6.29e-02 P/c; T against at R=1,2: 0.053, 0.004 (ray 0.007, 0.000); with: 0.921; sideways R=2: 0.008 (ray 0.007); near field at 0.15: 3.7e-01; passivity exact +3.15e-02, ray +1.66e-01 (free +1.6e-02)
[ 1086 s] cardioid kappa  10.0 w 0.5k: power x0.599, self-force -7.78e-02 P/c; T against at R=1,2: 0.053, 0.005 (ray 0.000, 0.000); with: 0.812; sideways R=2: 0.005 (ray 0.000); near field at 0.15: 5.0e-01; passivity exact +3.61e-02, ray +2.62e-01 (free +1.6e-02)
[ 1146 s] cardioid kappa  20.0 w 0.5k: power x0.503, self-force -8.77e-02 P/c; T against at R=1,2: 0.022, 0.007 (ray 0.000, 0.000); with: 0.620; sideways R=2: 0.009 (ray 0.000); near field at 0.15: 6.3e-01; passivity exact +4.03e-02, ray +3.75e-01 (free +1.6e-02)
doppler kappa 0.5: self-force/(P/c) at cutoffs (4, 8, 16, 32): +0.058, +0.130, +0.267, +0.539
doppler kappa 2.3: self-force/(P/c) at cutoffs (4, 8, 16, 32): +0.254, +0.586, +1.217, +2.465
doppler kappa 5.0: self-force/(P/c) at cutoffs (4, 8, 16, 32): +0.516, +1.236, +2.608, +5.318
wrote run-full-wave-v19/full_wave_v19.json (1147 s)
