[  863 s] kappa 0.0 free k8              Ns  96 Rb 3.78 seed 1: pull -3.135e-05, keeping step +0.26, rhythm spread 2.8e-03, E res -4.7e-12
[  863 s] kappa 0.0 cold                 Ns  96 Rb 3.78 seed 2: pull +8.656e-05, keeping step +0.45, rhythm spread 2.8e-04, E res -7.3e-14
[  873 s] kappa 0.0 cold                 Ns  96 Rb 3.78 seed 1: pull +7.395e-05, keeping step +0.42, rhythm spread 5.0e-04, E res -2.3e-14
[  873 s] kappa 0.0 free k8              Ns  96 Rb 3.78 seed 2: pull -1.018e-04, keeping step +0.07, rhythm spread 1.4e-02, E res -4.7e-12
[ 1793 s] kappa 0.0 free k8              Ns  96 Rb 3.78 seed 3: pull -7.002e-05, keeping step +0.09, rhythm spread 2.8e-03, E res -4.2e-12
[ 1798 s] kappa 0.0 cold                 Ns  96 Rb 3.78 seed 3: pull +1.219e-04, keeping step +0.72, rhythm spread 3.0e-04, E res -4.7e-14
[ 1822 s] kappa 1.0 free k8              Ns  96 Rb 3.78 seed 1: pull -5.936e-05, keeping step +0.11, rhythm spread 3.3e-03, E res -4.9e-12
[ 1829 s] kappa 1.0 cold                 Ns  96 Rb 3.78 seed 1: pull +6.420e-05, keeping step +0.47, rhythm spread 5.4e-04, E res 6.6e-16
[ 2688 s] kappa 1.0 cold                 Ns  96 Rb 3.78 seed 2: pull +5.988e-05, keeping step +0.36, rhythm spread 4.2e-04, E res 8.9e-15
[ 2695 s] kappa 1.0 free k8              Ns  96 Rb 3.78 seed 2: pull +3.758e-05, keeping step +0.38, rhythm spread 1.4e-02, E res -4.7e-12
[ 2703 s] kappa 1.0 cold                 Ns  96 Rb 3.78 seed 3: pull +9.441e-05, keeping step +0.62, rhythm spread 3.4e-04, E res -5.1e-14
[ 2704 s] kappa 1.0 free k8              Ns  96 Rb 3.78 seed 3: pull +5.639e-06, keeping step +0.31, rhythm spread 2.8e-03, E res -4.1e-12
[ 3148 s] kappa 0.0 cold                 Ns  48 Rb 3.00 seed 1: pull +4.575e-05, keeping step +0.27, rhythm spread 3.6e-04, E res 3.5e-14
[ 3157 s] kappa 0.0 free k8              Ns  48 Rb 3.00 seed 1: pull -4.457e-05, keeping step -0.04, rhythm spread 2.2e-03, E res -2.8e-12
[ 3175 s] kappa 0.0 free k2              Ns  48 Rb 3.00 seed 1: pull +9.288e-05, keeping step +0.58, rhythm spread 4.9e-04, E res -7.7e-13
[ 3189 s] kappa 0.0 collisional k8 nu50  Ns  48 Rb 3.00 seed 1: pull +2.786e-05, keeping step +0.17, rhythm spread 3.6e-04, E res -2.9e-07
[ 3744 s] kappa 0.0 cold                 Ns  48 Rb 1.00 seed 1: pull +1.922e-05, keeping step +0.05, rhythm spread 8.3e-04, E res -2.2e-13
[ 3751 s] kappa 0.0 free k8              Ns  48 Rb 1.00 seed 1: pull +2.924e-06, keeping step +0.05, rhythm spread 7.8e-03, E res -4.6e-12
[ 3764 s] kappa 0.0 cold                 Ns  48 Rb 2.00 seed 1: pull -4.358e-05, keeping step -0.10, rhythm spread 5.0e-04, E res 5.2e-14
[ 3777 s] kappa 0.0 free k8              Ns  48 Rb 2.00 seed 1: pull -3.067e-05, keeping step +0.03, rhythm spread 3.6e-03, E res -3.1e-12
[ 4284 s] kappa 0.0 cold                 Ns  48 Rb 4.50 seed 1: pull +3.452e-05, keeping step +0.27, rhythm spread 3.8e-04, E res -1.4e-14
[ 4287 s] kappa 0.0 free k8              Ns  48 Rb 4.50 seed 1: pull +4.585e-06, keeping step +0.16, rhythm spread 1.2e-03, E res -2.7e-12
[ 4291 s] kappa 0.0 cold                 Ns  48 Rb 3.00 seed 2: pull +3.988e-05, keeping step +0.16, rhythm spread 2.8e-04, E res 7.3e-14
[ 4303 s] kappa 0.0 free k8              Ns  48 Rb 3.00 seed 2: pull +7.992e-05, keeping step +0.43, rhythm spread 4.5e-03, E res -3.7e-12
[ 4582 s] kappa 0.0 free k2              Ns  48 Rb 3.00 seed 2: pull +2.994e-05, keeping step +0.24, rhythm spread 1.8e-03, E res -9.5e-13
[ 4593 s] kappa 0.0 cold                 Ns  48 Rb 1.00 seed 2: pull +4.324e-06, keeping step -0.11, rhythm spread 5.4e-04, E res -3.6e-13
[ 4595 s] kappa 0.0 collisional k8 nu50  Ns  48 Rb 3.00 seed 2: pull +3.472e-05, keeping step +0.13, rhythm spread 2.8e-04, E res -2.9e-07
[ 4597 s] kappa 0.0 free k8              Ns  48 Rb 1.00 seed 2: pull -5.797e-06, keeping step +0.02, rhythm spread 1.8e-02, E res -4.8e-12
[ 4866 s] kappa 0.0 cold                 Ns  48 Rb 2.00 seed 2: pull -8.906e-06, keeping step -0.00, rhythm spread 5.9e-04, E res -4.2e-15
[ 4874 s] kappa 0.0 free k8              Ns  48 Rb 2.00 seed 2: pull -3.048e-05, keeping step +0.09, rhythm spread 5.5e-03, E res -3.7e-12
[ 4877 s] kappa 0.0 free k8              Ns  48 Rb 4.50 seed 2: pull -6.492e-05, keeping step +0.06, rhythm spread 3.5e-03, E res -3.7e-12
[ 4878 s] kappa 0.0 cold                 Ns  48 Rb 4.50 seed 2: pull +7.462e-05, keeping step +0.46, rhythm spread 2.7e-04, E res 9.7e-14
[ 5142 s] kappa 0.0 cold                 Ns  48 Rb 3.00 seed 3: pull +7.319e-05, keeping step +0.45, rhythm spread 3.5e-04, E res -2.4e-14
[ 5147 s] kappa 0.0 free k8              Ns  48 Rb 3.00 seed 3: pull -2.503e-05, keeping step +0.12, rhythm spread 4.1e-03, E res -3.6e-12
[ 5152 s] kappa 0.0 free k2              Ns  48 Rb 3.00 seed 3: pull +1.250e-05, keeping step +0.17, rhythm spread 1.6e-03, E res -9.7e-13
[ 5159 s] kappa 0.0 collisional k8 nu50  Ns  48 Rb 3.00 seed 3: pull +6.037e-05, keeping step +0.29, rhythm spread 3.4e-04, E res -2.9e-07
[ 5418 s] kappa 0.0 cold                 Ns  48 Rb 1.00 seed 3: pull +4.834e-06, keeping step +0.03, rhythm spread 5.4e-04, E res -4.1e-13
[ 5422 s] kappa 0.0 free k8              Ns  48 Rb 1.00 seed 3: pull -1.136e-05, keeping step +0.03, rhythm spread 1.7e-02, E res -5.3e-12
[ 5428 s] kappa 0.0 cold                 Ns  48 Rb 2.00 seed 3: pull +3.212e-05, keeping step +0.30, rhythm spread 5.0e-04, E res -1.6e-13
[ 5433 s] kappa 0.0 free k8              Ns  48 Rb 2.00 seed 3: pull -1.106e-05, keeping step +0.09, rhythm spread 7.2e-03, E res -3.9e-12
[ 5693 s] kappa 0.0 cold                 Ns  48 Rb 4.50 seed 3: pull +6.203e-05, keeping step +0.47, rhythm spread 4.4e-04, E res -1.4e-13
[ 5696 s] kappa 0.0 free k8              Ns  48 Rb 4.50 seed 3: pull +3.772e-06, keeping step +0.23, rhythm spread 2.1e-03, E res -3.7e-12
[ 5706 s] kappa 1.0 cold                 Ns  48 Rb 3.00 seed 1: pull +6.969e-05, keeping step +0.58, rhythm spread 2.8e-04, E res -9.9e-14
[ 5710 s] kappa 1.0 free k8              Ns  48 Rb 3.00 seed 1: pull -1.386e-05, keeping step +0.15, rhythm spread 2.4e-03, E res -2.6e-12
[ 5970 s] kappa 1.0 free k2              Ns  48 Rb 3.00 seed 1: pull +6.400e-05, keeping step +0.51, rhythm spread 6.3e-04, E res -6.0e-13
[ 5980 s] kappa 1.0 collisional k8 nu50  Ns  48 Rb 3.00 seed 1: pull +5.906e-05, keeping step +0.43, rhythm spread 3.5e-04, E res -2.8e-07
[ 5981 s] kappa 1.0 cold                 Ns  48 Rb 1.00 seed 1: pull +3.867e-06, keeping step +0.05, rhythm spread 6.2e-04, E res -2.8e-13
[ 5985 s] kappa 1.0 free k8              Ns  48 Rb 1.00 seed 1: pull -2.407e-06, keeping step +0.10, rhythm spread 8.1e-03, E res -4.4e-12
[ 6248 s] kappa 1.0 cold                 Ns  48 Rb 2.00 seed 1: pull +4.337e-05, keeping step +0.28, rhythm spread 5.3e-04, E res -1.6e-14
[ 6256 s] kappa 1.0 free k8              Ns  48 Rb 2.00 seed 1: pull -8.163e-06, keeping step +0.16, rhythm spread 2.9e-03, E res -3.0e-12
[ 6258 s] kappa 1.0 cold                 Ns  48 Rb 4.50 seed 1: pull +1.894e-05, keeping step +0.14, rhythm spread 2.8e-04, E res 8.9e-14
[ 6263 s] kappa 1.0 free k8              Ns  48 Rb 4.50 seed 1: pull +3.218e-05, keeping step +0.33, rhythm spread 1.4e-03, E res -2.9e-12
[ 6526 s] kappa 1.0 cold                 Ns  48 Rb 3.00 seed 2: pull +5.266e-05, keeping step +0.38, rhythm spread 4.2e-04, E res -8.9e-14
[ 6530 s] kappa 1.0 free k8              Ns  48 Rb 3.00 seed 2: pull -5.285e-05, keeping step +0.01, rhythm spread 5.2e-03, E res -3.5e-12
[ 6532 s] kappa 1.0 free k2              Ns  48 Rb 3.00 seed 2: pull +3.437e-05, keeping step +0.25, rhythm spread 2.1e-03, E res -9.1e-13
[ 6543 s] kappa 1.0 collisional k8 nu50  Ns  48 Rb 3.00 seed 2: pull +4.998e-05, keeping step +0.31, rhythm spread 4.0e-04, E res -2.8e-07
[ 6800 s] kappa 1.0 cold                 Ns  48 Rb 1.00 seed 2: pull +1.888e-06, keeping step +0.02, rhythm spread 5.3e-04, E res -2.6e-13
[ 6802 s] kappa 1.0 free k8              Ns  48 Rb 1.00 seed 2: pull -2.230e-05, keeping step +0.01, rhythm spread 1.9e-02, E res -4.6e-12
[ 6802 s] kappa 1.0 cold                 Ns  48 Rb 2.00 seed 2: pull +8.158e-07, keeping step +0.11, rhythm spread 5.0e-04, E res 8.4e-14
[ 6817 s] kappa 1.0 free k8              Ns  48 Rb 2.00 seed 2: pull -3.645e-05, keeping step +0.02, rhythm spread 7.8e-03, E res -3.5e-12
[ 7070 s] kappa 1.0 free k8              Ns  48 Rb 4.50 seed 2: pull -2.414e-05, keeping step +0.12, rhythm spread 3.5e-03, E res -3.8e-12
[ 7071 s] kappa 1.0 cold                 Ns  48 Rb 3.00 seed 3: pull +4.512e-05, keeping step +0.36, rhythm spread 3.5e-04, E res -1.0e-13
[ 7074 s] kappa 1.0 cold                 Ns  48 Rb 4.50 seed 2: pull +7.957e-05, keeping step +0.71, rhythm spread 2.8e-04, E res 2.2e-13
[ 7092 s] kappa 1.0 free k8              Ns  48 Rb 3.00 seed 3: pull -1.832e-05, keeping step +0.10, rhythm spread 3.9e-03, E res -3.5e-12
[ 7341 s] kappa 1.0 free k2              Ns  48 Rb 3.00 seed 3: pull +5.721e-05, keeping step +0.37, rhythm spread 1.9e-03, E res -8.8e-13
[ 7345 s] kappa 1.0 cold                 Ns  48 Rb 1.00 seed 3: pull +7.339e-06, keeping step +0.06, rhythm spread 8.8e-04, E res -2.8e-13
[ 7350 s] kappa 1.0 collisional k8 nu50  Ns  48 Rb 3.00 seed 3: pull +4.237e-05, keeping step +0.25, rhythm spread 3.6e-04, E res -2.8e-07
[ 7369 s] kappa 1.0 free k8              Ns  48 Rb 1.00 seed 3: pull -1.722e-05, keeping step +0.02, rhythm spread 1.7e-02, E res -5.1e-12
[ 7613 s] kappa 1.0 cold                 Ns  48 Rb 2.00 seed 3: pull +3.412e-05, keeping step +0.29, rhythm spread 5.7e-04, E res 1.7e-14
[ 7620 s] kappa 1.0 cold                 Ns  48 Rb 4.50 seed 3: pull +3.792e-05, keeping step +0.36, rhythm spread 3.6e-04, E res 9.4e-14
[ 7621 s] kappa 1.0 free k8              Ns  48 Rb 2.00 seed 3: pull -2.605e-05, keeping step +0.07, rhythm spread 7.2e-03, E res -3.7e-12
[ 7644 s] kappa 1.0 free k8              Ns  48 Rb 4.50 seed 3: pull +7.463e-05, keeping step +0.40, rhythm spread 2.7e-03, E res -3.6e-12
[ 7799 s] kappa 0.0 cold                 Ns  24 Rb 2.38 seed 1: pull +1.807e-05, keeping step +0.14, rhythm spread 6.3e-04, E res -3.8e-14
[ 7804 s] kappa 0.0 free k8              Ns  24 Rb 2.38 seed 1: pull +9.090e-06, keeping step +0.15, rhythm spread 4.2e-03, E res -2.8e-12
[ 7806 s] kappa 0.0 cold                 Ns  24 Rb 2.38 seed 2: pull +4.801e-05, keeping step +0.47, rhythm spread 4.5e-04, E res 3.0e-13
[ 7828 s] kappa 0.0 free k8              Ns  24 Rb 2.38 seed 2: pull -2.575e-05, keeping step -0.01, rhythm spread 5.3e-03, E res -3.4e-12
[ 7986 s] kappa 0.0 cold                 Ns  24 Rb 2.38 seed 3: pull +1.491e-05, keeping step +0.11, rhythm spread 7.0e-04, E res 2.0e-13
[ 7987 s] kappa 0.0 free k8              Ns  24 Rb 2.38 seed 3: pull +1.610e-05, keeping step +0.15, rhythm spread 2.1e-03, E res -2.6e-12
[ 7993 s] kappa 1.0 cold                 Ns  24 Rb 2.38 seed 1: pull +7.384e-06, keeping step +0.02, rhythm spread 5.7e-04, E res -1.3e-14
[ 8013 s] kappa 1.0 free k8              Ns  24 Rb 2.38 seed 1: pull -8.818e-06, keeping step +0.07, rhythm spread 2.9e-03, E res -2.5e-12
[ 8175 s] kappa 1.0 cold                 Ns  24 Rb 2.38 seed 2: pull +3.267e-05, keeping step +0.37, rhythm spread 2.9e-04, E res -1.5e-13
[ 8175 s] kappa 1.0 free k8              Ns  24 Rb 2.38 seed 2: pull -3.216e-05, keeping step +0.04, rhythm spread 4.5e-03, E res -3.2e-12
[ 8182 s] kappa 1.0 cold                 Ns  24 Rb 2.38 seed 3: pull +2.980e-05, keeping step +0.27, rhythm spread 5.1e-04, E res 5.4e-14
[ 8199 s] kappa 1.0 free k8              Ns  24 Rb 2.38 seed 3: pull +4.855e-05, keeping step +0.41, rhythm spread 1.8e-03, E res -2.3e-12
kappa 0, cold         : p = 0.7989347626607423 +- 0.2881928206214305, q = 0.9314290715048084 +- 0.19902926244037422 (18 points, 1 pushes)
kappa 0, free k8      : p = 1.319171538770684 +- 0.697244430752215, q = 0.8396936224898754 +- 0.1851784384006749 (18 points, 14 pushes)
kappa 1, cold         : p = 0.58290490905118 +- 0.128326183015278, q = 1.1119254596745936 +- 0.2178681014697204 (18 points, 1 pushes)
kappa 1, free k8      : p = -0.05681255215751893 +- 0.7601957129993464, q = 0.21928212163608204 +- 0.12311468644431105 (18 points, 13 pushes)
kappa 0, free k2                : gain 0.90 +- 0.3693106957606546 (law 1.73)
kappa 0, free k8                : gain 0.47 +- 0.7368192510906788 (law 3.00)
kappa 0, collisional k8 nu50    : gain 0.78 +- 0.1114812307589675 (law 1.00)
kappa 1, free k2                : gain 0.97 +- 0.15856870486396876 (law 1.73)
kappa 1, free k8                : gain -0.52 +- 0.151954748777962 (law 3.00)
kappa 1, collisional k8 nu50    : gain 0.90 +- 0.053713638208394955 (law 1.00)
kappa 0, cold         : radius 1 9.46e-06, radius 2 -6.79e-06, radius 3 5.29e-05, radius 4.5 5.71e-05
kappa 0, free k8      : radius 1 -4.75e-06, radius 2 -2.41e-05, radius 3 3.44e-06, radius 4.5 -1.89e-05
kappa 1, cold         : radius 1 4.36e-06, radius 2 2.61e-05, radius 3 5.58e-05, radius 4.5 4.55e-05
kappa 1, free k8      : radius 1 -1.40e-05, radius 2 -2.36e-05, radius 3 -2.83e-05, radius 4.5 2.76e-05
