validation: {"one piece": [{"power_from_M": 7.011655848725001, "power_far_field": 7.0116227776204365, "total_force": [-1.7918179082501344, -0.9174850420520108, -0.19188027158620716], "momentum_radiated": [1.791804165616709, 0.9174775499888237, 0.19189398724175014], "momentum_balance": 1.0291594179708092e-05}, {"power_from_M": 20.62639841660973, "power_far_field": 20.626330544706853, "total_force": [-3.4969266226162206, -0.5227778718033499, 3.135442044762565], "momentum_radiated": [3.496847174998794, 0.5227735752280351, -3.135286662324194], "momentum_balance": 3.694101169051877e-05}, {"power_from_M": 5.599261878157723, "power_far_field": 5.5992657484757045, "total_force": [1.1081383817471677, 0.5611139869471772, 0.3779148563914489], "momentum_radiated": [-1.1081490833716678, -0.5611159496915381, -0.3779258270071849], "momentum_balance": 1.1900581442424233e-05}], "two pieces a tenth of a wavelength apart": [{"power_from_M": 29.71950229943868, "power_far_field": 29.719469243393323, "total_force": [0.4648410649801633, 2.6596283418982054, -0.4571828503079871], "momentum_radiated": [-0.4648737645232379, -2.659651890710584, 0.45711945772225576], "momentum_balance": 2.743068599896535e-05}, {"power_from_M": 26.443503649562217, "power_far_field": 26.44350678519438, "total_force": [2.303482083608017, -2.2469726639984344, -0.2673313482220001], "momentum_radiated": [-2.303581331690107, 2.2469163165454002, 0.26722616306046926], "momentum_balance": 4.806630240842699e-05}, {"power_from_M": 17.4309029089
[   21 s] N20_R0.5_D0.3 seed 1: extra at t=200 shared/independent  0.00025: 0.108/0.22  0.00050: 0.453/0.879  0.00100: 1.85/3.51  0.00200: 7.44/14  0.00400: 29.2/55.5  0.00800: 107/214  0.01600: 327/740
[   21 s] N20_R0.5_D0.0 seed 1: extra at t=200 shared/independent  0.00025: 0.395/0.22  0.00050: 1.16/0.879  0.00100: 3.8/3.51  0.00200: 13.5/14  0.00400: 49.7/55.5  0.00800: 179/214  0.01600: 545/740
[   41 s] N20_R1.0_D0.0 seed 1: extra at t=200 shared/independent  0.00025: 0.395/0.191  0.00050: 1.26/0.763  0.00100: 4.37/3.05  0.00200: 16.1/12.2  0.00400: 60.4/48.2  0.00800: 217/185  0.01600: 629/642
[   41 s] N20_R1.0_D0.3 seed 1: extra at t=200 shared/independent  0.00025: 0.206/0.191  0.00050: 0.71/0.763  0.00100: 2.61/3.05  0.00200: 9.94/12.2  0.00400: 38/48.2  0.00800: 138/185  0.01600: 409/642
[   59 s] N20_R3.0_D0.3 seed 1: extra at t=200 shared/independent  0.00025: 0.206/0.189  0.00050: 0.815/0.756  0.00100: 3.24/3.02  0.00200: 12.9/12.1  0.00400: 51/47.7  0.00800: 198/183  0.01600: 698/633
[   59 s] N20_R3.0_D0.0 seed 1: extra at t=200 shared/independent  0.00025: 0.198/0.189  0.00050: 0.784/0.756  0.00100: 3.12/3.02  0.00200: 12.4/12.1  0.00400: 49.2/47.7  0.00800: 190/183  0.01600: 659/633
[   63 s] N100_R1.0_D0.0 seed 1: extra at t=200 shared/independent  0.00025: 0.103/0.197  0.00050: 0.36/0.79  0.00100: 1.34/3.16  0.00200: 5.09/12.6  0.00400: 19.3/49.7  0.00800: 66.4/190  0.01600: 168/653
[   76 s] N20_R0.5_D0.0 seed 2: extra at t=200 shared/independent  0.00025: -0.0547/0.172  0.00050: 0.044/0.687  0.00100: 0.7/2.75  0.00200: 3.83/11  0.00400: 17/43.8  0.00800: 66.2/173  0.01600: 194/651
[   79 s] N20_R0.5_D0.3 seed 2: extra at t=200 shared/independent  0.00025: 0.105/0.172  0.00050: 0.348/0.687  0.00100: 1.25/2.75  0.00200: 4.71/11  0.00400: 18.1/43.8  0.00800: 69.6/173  0.01600: 250/651
[   92 s] N20_R1.0_D0.0 seed 2: extra at t=200 shared/independent  0.00025: 0.259/0.135  0.00050: 0.708/0.541  0.00100: 2.17/2.16  0.00200: 7.36/8.65  0.00400: 26.5/34.4  0.00800: 96.5/135  0.01600: 322/505
[   96 s] N20_R1.0_D0.3 seed 2: extra at t=200 shared/independent  0.00025: 0.213/0.135  0.00050: 0.662/0.541  0.00100: 2.27/2.16  0.00200: 8.28/8.65  0.00400: 31.3/34.4  0.00800: 118/135  0.01600: 412/505
[  109 s] N20_R3.0_D0.0 seed 2: extra at t=200 shared/independent  0.00025: 0.103/0.135  0.00050: 0.461/0.541  0.00100: 1.94/2.16  0.00200: 7.97/8.65  0.00400: 32.2/34.4  0.00800: 127/135  0.01600: 482/505
[  112 s] N20_R3.0_D0.3 seed 2: extra at t=200 shared/independent  0.00025: 0.176/0.135  0.00050: 0.643/0.541  0.00100: 2.45/2.16  0.00200: 9.56/8.65  0.00400: 37.6/34.4  0.00800: 147/135  0.01600: 551/505
[  112 s] N100_R1.0_D0.0 seed 2: extra at t=200 shared/independent  0.00025: -0.0199/0.195  0.00050: 0.0973/0.782  0.00100: 0.742/3.13  0.00200: 3.66/12.5  0.00400: 15.8/49.5  0.00800: 62.1/192  0.01600: 202/684
[  128 s] N20_R0.5_D0.0 seed 3: extra at t=200 shared/independent  0.00025: 0.217/0.157  0.00050: 0.513/0.63  0.00100: 1.34/2.52  0.00200: 3.91/10.1  0.00400: 12.7/40  0.00800: 44/157  0.01600: 149/577
[  128 s] N20_R0.5_D0.3 seed 3: extra at t=200 shared/independent  0.00025: 0.0358/0.157  0.00050: 0.18/0.63  0.00100: 0.791/2.52  0.00200: 3.31/10.1  0.00400: 13.4/40  0.00800: 53.3/157  0.01600: 198/577
[  144 s] N20_R1.0_D0.3 seed 3: extra at t=200 shared/independent  0.00025: 0.158/0.185  0.00050: 0.668/0.74  0.00100: 2.74/2.96  0.00200: 11/11.8  0.00400: 43.3/46.9  0.00800: 159/181  0.01600: 469/635
[  144 s] N20_R1.0_D0.0 seed 3: extra at t=200 shared/independent  0.00025: 0.203/0.185  0.00050: 0.697/0.74  0.00100: 2.56/2.96  0.00200: 9.75/11.8  0.00400: 37.7/46.9  0.00800: 142/181  0.01600: 471/635
[  164 s] N20_R3.0_D0.0 seed 3: extra at t=200 shared/independent  0.00025: 0.15/0.185  0.00050: 0.623/0.74  0.00100: 2.54/2.96  0.00200: 10.2/11.8  0.00400: 40.7/46.9  0.00800: 158/181  0.01600: 559/635
[  164 s] N20_R3.0_D0.3 seed 3: extra at t=200 shared/independent  0.00025: 0.229/0.185  0.00050: 0.824/0.74  0.00100: 3.11/2.96  0.00200: 12/11.8  0.00400: 47/46.9  0.00800: 180/181  0.01600: 630/635
[  168 s] N100_R1.0_D0.0 seed 3: extra at t=200 shared/independent  0.00025: 0.135/0.201  0.00050: 0.478/0.803  0.00100: 1.79/3.21  0.00200: 6.84/12.8  0.00400: 26/50.7  0.00800: 91.3/194  0.01600: 243/672
[  183 s] N20_R0.5_D0.0 seed 4: extra at t=200 shared/independent  0.00025: 0.0959/0.199  0.00050: 0.481/0.794  0.00100: 2.11/3.17  0.00200: 8.82/12.7  0.00400: 35.5/49.9  0.00800: 135/189  0.01600: 427/620
[  187 s] N20_R0.5_D0.3 seed 4: extra at t=200 shared/independent  0.00025: -0.0861/0.199  0.00050: -0.0678/0.794  0.00100: 0.282/3.17  0.00200: 2.23/12.7  0.00400: 11/49.9  0.00800: 46.4/189  0.01600: 166/620
[  201 s] N20_R1.0_D0.0 seed 4: extra at t=200 shared/independent  0.00025: 0.0992/0.201  0.00050: 0.558/0.805  0.00100: 2.55/3.22  0.00200: 10.8/12.8  0.00400: 43.7/50.7  0.00800: 166/194  0.01600: 517/652
[  204 s] N20_R1.0_D0.3 seed 4: extra at t=200 shared/independent  0.00025: 0.238/0.201  0.00050: 0.88/0.805  0.00100: 3.37/3.22  0.00200: 13.1/12.8  0.00400: 50.8/50.7  0.00800: 186/194  0.01600: 534/652
[  218 s] N20_R3.0_D0.0 seed 4: extra at t=200 shared/independent  0.00025: 0.143/0.201  0.00050: 0.647/0.804  0.00100: 2.73/3.21  0.00200: 11.2/12.8  0.00400: 44.5/50.7  0.00800: 167/193  0.01600: 527/647
[  221 s] N20_R3.0_D0.3 seed 4: extra at t=200 shared/independent  0.00025: 0.192/0.201  0.00050: 0.77/0.804  0.00100: 3.08/3.21  0.00200: 12.3/12.8  0.00400: 48.2/50.7  0.00800: 180/193  0.01600: 568/647
[  222 s] N100_R1.0_D0.0 seed 4: extra at t=200 shared/independent  0.00025: 0.0268/0.199  0.00050: 0.164/0.795  0.00100: 0.766/3.18  0.00200: 3.28/12.7  0.00400: 13.3/50.3  0.00800: 50.3/195  0.01600: 161/687
[  239 s] N20_R0.5_D0.0 seed 5: extra at t=200 shared/independent  0.00025: 0.137/0.24  0.00050: 0.393/0.962  0.00100: 1.27/3.84  0.00200: 4.44/15.3  0.00400: 16.3/60.9  0.00800: 60.2/236  0.01600: 199/833
[  239 s] N20_R0.5_D0.3 seed 5: extra at t=200 shared/independent  0.00025: -0.077/0.24  0.00050: -0.021/0.962  0.00100: 0.49/3.84  0.00200: 3.1/15.3  0.00400: 14.6/60.9  0.00800: 62.2/236  0.01600: 244/833
[  256 s] N20_R1.0_D0.0 seed 5: extra at t=200 shared/independent  0.00025: 0.0354/0.217  0.00050: 0.252/0.869  0.00100: 1.23/3.47  0.00200: 5.36/13.9  0.00400: 22.1/55  0.00800: 87.4/213  0.01600: 311/747
[  257 s] N20_R1.0_D0.3 seed 5: extra at t=200 shared/independent  0.00025: 0.102/0.217  0.00050: 0.41/0.869  0.00100: 1.64/3.47  0.00200: 6.55/13.9  0.00400: 26/55  0.00800: 102/213  0.01600: 373/747
[  274 s] N20_R3.0_D0.0 seed 5: extra at t=200 shared/independent  0.00025: 0.293/0.216  0.00050: 1.1/0.863  0.00100: 4.26/3.45  0.00200: 16.7/13.8  0.00400: 65.4/54.6  0.00800: 247/211  0.01600: 810/737
[  276 s] N20_R3.0_D0.3 seed 5: extra at t=200 shared/independent  0.00025: 0.302/0.216  0.00050: 1.08/0.863  0.00100: 4.06/3.45  0.00200: 15.7/13.8  0.00400: 61.1/54.6  0.00800: 234/211  0.01600: 805/737
[  278 s] N100_R1.0_D0.0 seed 5: extra at t=200 shared/independent  0.00025: -0.141/0.184  0.00050: -0.154/0.735  0.00100: 0.203/2.94  0.00200: 2.44/11.7  0.00400: 12.8/46.5  0.00800: 53.3/180  0.01600: 173/639
wrote run-shared-wave-v16/shared_wave_v16.json (278 s)
