[  188 s] free         q 0.2000 (k 0.48) nu  0.0 seed 1: source output 1.5841e-01 (bright 4.488e-02); pull 2.3923e-05 (quiet 9.5783e-05, radiators -7.186e-05); lead 0.214; sync 0.198; energy residual -1.1e-13
[  189 s] free         q 0.4100 (k 2.02) nu  0.0 seed 1: source output 2.5249e-01 (bright 1.589e-01); pull -6.9245e-06 (quiet 1.1823e-04, radiators -1.252e-04); lead 0.211; sync 0.152; energy residual -1.0e-12
[  189 s] cold         q 0.0000 (k 0.00) nu  0.0 seed 1: source output 1.3252e-01 (bright 3.587e-03); pull 9.8191e-05 (quiet 1.7952e-04, radiators -8.132e-05); lead 0.697; sync 0.113; energy residual -8.1e-14
[  190 s] free         q 0.8200 (k 8.07) nu  0.0 seed 1: source output 6.2300e-01 (bright 5.427e-01); pull -1.1343e-04 (quiet 2.5640e-04, radiators -3.698e-04); lead 0.291; sync 0.111; energy residual -3.9e-12
[  378 s] free         q 1.1500 (k 15.87) nu  0.0 seed 1: source output 1.0072e+00 (bright 9.341e-01); pull -2.8909e-04 (quiet 1.7307e-04, radiators -4.622e-04); lead 0.159; sync 0.098; energy residual -7.4e-12
[  383 s] cold         q 0.0000 (k 0.00) nu  0.0 seed 2: source output 1.3617e-01 (bright 4.307e-03); pull 1.4581e-04 (quiet 2.9611e-04, radiators -1.503e-04); lead 0.637; sync 0.107; energy residual -1.2e-13
[  391 s] collisional  q 0.8200 (k 8.07) nu 50.0 seed 1: source output 2.1303e-01 (bright 8.589e-02); pull 7.1763e-05 (quiet 1.6846e-04, radiators -9.670e-05); lead 0.436; sync 0.119; energy residual -3.7e-07
[  394 s] collisional  q 0.8200 (k 8.07) nu  5.0 seed 1: source output 5.2322e-01 (bright 3.962e-01); pull -5.6752e-05 (quiet 1.3835e-04, radiators -1.951e-04); lead 0.202; sync 0.098; energy residual -1.9e-07
[  585 s] free         q 0.2000 (k 0.48) nu  0.0 seed 2: source output 1.6819e-01 (bright 5.574e-02); pull 7.4212e-05 (quiet 1.9809e-04, radiators -1.239e-04); lead 0.450; sync 0.138; energy residual -4.4e-13
[  590 s] free         q 0.4100 (k 2.02) nu  0.0 seed 2: source output 2.9307e-01 (bright 1.816e-01); pull 7.9781e-05 (quiet 2.5286e-04, radiators -1.731e-04); lead 0.470; sync 0.090; energy residual -1.3e-12
[  593 s] free         q 0.8200 (k 8.07) nu  0.0 seed 2: source output 6.7756e-01 (bright 5.911e-01); pull -7.8829e-05 (quiet 2.4199e-04, radiators -3.208e-04); lead 0.345; sync 0.120; energy residual -4.7e-12
[  597 s] free         q 1.1500 (k 15.87) nu  0.0 seed 2: source output 1.1033e+00 (bright 1.016e+00); pull -3.0301e-04 (quiet 2.3717e-04, radiators -5.402e-04); lead 0.219; sync 0.100; energy residual -9.0e-12
[  802 s] cold         q 0.0000 (k 0.00) nu  0.0 seed 3: source output 1.2761e-01 (bright 3.978e-03); pull 1.1870e-04 (quiet 2.5361e-04, radiators -1.349e-04); lead 0.579; sync 0.127; energy residual 2.8e-14
[  807 s] free         q 0.2000 (k 0.48) nu  0.0 seed 3: source output 1.5429e-01 (bright 5.577e-02); pull 3.0144e-05 (quiet 1.2540e-04, radiators -9.526e-05); lead 0.348; sync 0.069; energy residual -1.9e-13
[  808 s] collisional  q 0.8200 (k 8.07) nu  5.0 seed 2: source output 5.1915e-01 (bright 3.930e-01); pull -2.8255e-05 (quiet 1.9081e-04, radiators -2.191e-04); lead 0.238; sync 0.166; energy residual -1.9e-07
[  811 s] collisional  q 0.8200 (k 8.07) nu 50.0 seed 2: source output 2.1606e-01 (bright 8.609e-02); pull 1.3902e-04 (quiet 3.1151e-04, radiators -1.725e-04); lead 0.593; sync 0.132; energy residual -3.7e-07
[ 1010 s] free         q 0.4100 (k 2.02) nu  0.0 seed 3: source output 2.8910e-01 (bright 1.873e-01); pull 1.5483e-06 (quiet 1.5837e-04, radiators -1.568e-04); lead 0.252; sync 0.122; energy residual -1.2e-12
[ 1019 s] free         q 0.8200 (k 8.07) nu  0.0 seed 3: source output 6.7808e-01 (bright 6.051e-01); pull -1.2094e-04 (quiet 2.2965e-04, radiators -3.506e-04); lead 0.271; sync 0.098; energy residual -4.9e-12
[ 1024 s] free         q 1.1500 (k 15.87) nu  0.0 seed 3: source output 1.0862e+00 (bright 1.036e+00); pull -2.8461e-04 (quiet 2.3779e-04, radiators -5.224e-04); lead 0.173; sync 0.148; energy residual -9.4e-12
[ 1038 s] collisional  q 0.8200 (k 8.07) nu  5.0 seed 3: source output 5.1222e-01 (bright 3.937e-01); pull 2.5199e-05 (quiet 2.9082e-04, radiators -2.656e-04); lead 0.356; sync 0.116; energy residual -1.9e-07
[ 1218 s] collisional  q 0.8200 (k 8.07) nu 50.0 seed 3: source output 2.1250e-01 (bright 8.590e-02); pull 1.1124e-04 (quiet 2.8717e-04, radiators -1.759e-04); lead 0.457; sync 0.180; energy residual -3.7e-07
wrote run-one-matter-v16/one_matter_v16.json (1218 s)
