  t   1000  sources -2.27e-04 (spread 1.8e-03)  receivers +1.34e-04  wave at receivers -4.17e-04 (spread 2.4e-03)  lead -0.14  sync 0.07
  t   2000  sources -2.15e-04 (spread 1.8e-03)  receivers -1.75e-04  wave at receivers +1.42e-04 (spread 2.9e-03)  lead +0.10  sync 0.09
  t   3000  sources -5.05e-04 (spread 1.9e-03)  receivers -1.39e-04  wave at receivers +7.32e-04 (spread 2.2e-03)  lead -0.02  sync 0.13
  t   4000  sources -5.90e-04 (spread 2.0e-03)  receivers +3.14e-04  wave at receivers -3.68e-04 (spread 2.3e-03)  lead +0.31  sync 0.22
  t   5000  sources -5.80e-04 (spread 1.5e-03)  receivers +5.09e-05  wave at receivers -8.94e-04 (spread 1.3e-03)  lead +0.36  sync 0.09
  t   6000  sources -5.63e-04 (spread 1.3e-03)  receivers -9.84e-05  wave at receivers -5.19e-04 (spread 1.0e-03)  lead +0.22  sync 0.20
  t   7000  sources -9.77e-04 (spread 1.7e-03)  receivers -4.80e-05  wave at receivers -9.70e-04 (spread 9.4e-04)  lead +0.15  sync 0.18
  t   8000  sources -2.68e-04 (spread 1.3e-03)  receivers -9.29e-05  wave at receivers -7.08e-04 (spread 7.6e-04)  lead -0.01  sync 0.09
  t   9000  sources +2.06e-04 (spread 1.6e-03)  receivers +5.13e-05  wave at receivers +8.11e-05 (spread 1.8e-03)  lead +0.19  sync 0.14
  t  10000  sources -3.32e-04 (spread 2.3e-03)  receivers -2.99e-05  wave at receivers +2.44e-04 (spread 2.4e-03)  lead -0.17  sync 0.19
  t  11000  sources +4.97e-05 (spread 1.5e-03)  receivers +8.02e-05  wave at receivers +3.12e-05 (spread 1.2e-03)  lead +0.10  sync 0.24
  t  12000  sources +2.72e-06 (spread 1.7e-03)  receivers +1.23e-04  wave at receivers +2.33e-04 (spread 1.8e-03)  lead +0.42  sync 0.10
  t  13000  sources -5.10e-04 (spread 1.9e-03)  receivers +2.22e-04  wave at receivers -3.12e-04 (spread 2.0e-03)  lead +0.34  sync 0.07
  t  14000  sources -8.03e-04 (spread 2.2e-03)  receivers -8.61e-05  wave at receivers -1.00e-03 (spread 1.9e-03)  lead +0.09  sync 0.23
  t  15000  sources -3.68e-04 (spread 1.9e-03)  receivers -4.64e-04  wave at receivers -5.71e-04 (spread 1.6e-03)  lead -0.03  sync 0.13
  t  16000  sources -2.37e-04 (spread 1.3e-03)  receivers -3.73e-04  wave at receivers -4.62e-04 (spread 1.2e-03)  lead +0.11  sync 0.16
  t  17000  sources -1.10e-04 (spread 1.3e-03)  receivers -3.74e-04  wave at receivers -9.98e-05 (spread 1.3e-03)  lead +0.33  sync 0.15
  t  18000  sources -3.88e-04 (spread 1.6e-03)  receivers -4.90e-04  wave at receivers -8.53e-04 (spread 1.3e-03)  lead +0.45  sync 0.08
  t  19000  sources -4.92e-04 (spread 1.5e-03)  receivers -5.32e-04  wave at receivers -7.97e-04 (spread 1.2e-03)  lead +0.22  sync 0.07
  t  20000  sources -8.81e-04 (spread 1.6e-03)  receivers -1.61e-04  wave at receivers -4.88e-04 (spread 2.2e-03)  lead -0.24  sync 0.12
  t  21000  sources -6.26e-05 (spread 1.5e-03)  receivers -1.13e-04  wave at receivers -2.24e-04 (spread 5.6e-04)  lead -0.21  sync 0.18
  t  22000  sources -5.87e-04 (spread 1.4e-03)  receivers -1.07e-04  wave at receivers -2.13e-04 (spread 1.6e-03)  lead +0.18  sync 0.23
  t  23000  sources -8.24e-04 (spread 1.4e-03)  receivers +1.11e-04  wave at receivers -5.77e-04 (spread 1.8e-03)  lead -0.04  sync 0.09
  t  24000  sources -4.78e-04 (spread 1.6e-03)  receivers +3.11e-04  wave at receivers -1.35e-03 (spread 1.5e-03)  lead -0.06  sync 0.15
q 0.41: 449 s
  t   1000  sources -2.27e-04 (spread 1.8e-03)  receivers +1.34e-04 (spread 4.7e-04)  wave at receivers -4.17e-04 (spread 2.4e-03, jitter 6.4e-02)  lead -0.14  sync 0.07
  t   2000  sources -2.15e-04 (spread 1.8e-03)  receivers -1.75e-04 (spread 4.8e-04)  wave at receivers +1.42e-04 (spread 2.9e-03, jitter 1.9e-02)  lead +0.10  sync 0.09
  t   3000  sources -5.05e-04 (spread 1.9e-03)  receivers -1.39e-04 (spread 5.0e-04)  wave at receivers +7.32e-04 (spread 2.2e-03, jitter 5.5e-03)  lead -0.02  sync 0.13
  t   4000  sources -5.90e-04 (spread 2.0e-03)  receivers +3.14e-04 (spread 5.5e-04)  wave at receivers -3.68e-04 (spread 2.3e-03, jitter 6.1e-03)  lead +0.31  sync 0.22
  t   5000  sources -5.80e-04 (spread 1.5e-03)  receivers +5.09e-05 (spread 3.7e-04)  wave at receivers -8.94e-04 (spread 1.3e-03, jitter 2.0e-03)  lead +0.36  sync 0.09
  t   6000  sources -5.63e-04 (spread 1.3e-03)  receivers -9.84e-05 (spread 4.2e-04)  wave at receivers -5.19e-04 (spread 1.0e-03, jitter 1.7e-03)  lead +0.22  sync 0.20
  t   7000  sources -9.77e-04 (spread 1.7e-03)  receivers -4.80e-05 (spread 6.2e-04)  wave at receivers -9.70e-04 (spread 9.4e-04, jitter 2.6e-03)  lead +0.15  sync 0.18
  t   8000  sources -2.68e-04 (spread 1.3e-03)  receivers -9.29e-05 (spread 1.7e-04)  wave at receivers -7.08e-04 (spread 7.6e-04, jitter 2.3e-03)  lead -0.01  sync 0.09
  t   9000  sources +2.06e-04 (spread 1.6e-03)  receivers +5.13e-05 (spread 5.0e-04)  wave at receivers +8.11e-05 (spread 1.8e-03, jitter 2.0e-03)  lead +0.19  sync 0.14
  t  10000  sources -3.32e-04 (spread 2.3e-03)  receivers -2.99e-05 (spread 3.5e-04)  wave at receivers +2.44e-04 (spread 2.4e-03, jitter 3.1e-03)  lead -0.17  sync 0.19
  t  11000  sources +4.97e-05 (spread 1.5e-03)  receivers +8.02e-05 (spread 4.8e-04)  wave at receivers +3.12e-05 (spread 1.2e-03, jitter 3.5e-03)  lead +0.10  sync 0.24
  t  12000  sources +2.72e-06 (spread 1.7e-03)  receivers +1.23e-04 (spread 5.3e-04)  wave at receivers +2.33e-04 (spread 1.8e-03, jitter 5.7e-03)  lead +0.42  sync 0.10
  t  13000  sources -5.10e-04 (spread 1.9e-03)  receivers +2.22e-04 (spread 5.7e-04)  wave at receivers -3.12e-04 (spread 2.0e-03, jitter 1.3e-02)  lead +0.34  sync 0.07
  t  14000  sources -8.03e-04 (spread 2.2e-03)  receivers -8.61e-05 (spread 4.1e-04)  wave at receivers -1.00e-03 (spread 1.9e-03, jitter 6.2e-03)  lead +0.09  sync 0.23
  t  15000  sources -3.68e-04 (spread 1.9e-03)  receivers -4.64e-04 (spread 4.7e-04)  wave at receivers -5.71e-04 (spread 1.6e-03, jitter 3.1e-03)  lead -0.03  sync 0.13
  t  16000  sources -2.37e-04 (spread 1.3e-03)  receivers -3.73e-04 (spread 6.2e-04)  wave at receivers -4.62e-04 (spread 1.2e-03, jitter 4.4e-03)  lead +0.11  sync 0.16
  t  17000  sources -1.10e-04 (spread 1.3e-03)  receivers -3.74e-04 (spread 6.7e-04)  wave at receivers -9.98e-05 (spread 1.3e-03, jitter 2.4e-03)  lead +0.33  sync 0.15
  t  18000  sources -3.88e-04 (spread 1.6e-03)  receivers -4.90e-04 (spread 4.2e-04)  wave at receivers -8.53e-04 (spread 1.3e-03, jitter 8.5e-03)  lead +0.45  sync 0.08
  t  19000  sources -4.92e-04 (spread 1.5e-03)  receivers -5.32e-04 (spread 5.9e-04)  wave at receivers -7.97e-04 (spread 1.2e-03, jitter 1.4e-03)  lead +0.22  sync 0.07
  t  20000  sources -8.81e-04 (spread 1.6e-03)  receivers -1.61e-04 (spread 7.7e-04)  wave at receivers -4.88e-04 (spread 2.2e-03, jitter 8.9e-03)  lead -0.24  sync 0.12
  t  21000  sources -6.26e-05 (spread 1.5e-03)  receivers -1.13e-04 (spread 7.0e-04)  wave at receivers -2.24e-04 (spread 5.6e-04, jitter 3.1e-03)  lead -0.21  sync 0.18
  t  22000  sources -5.87e-04 (spread 1.4e-03)  receivers -1.07e-04 (spread 8.0e-04)  wave at receivers -2.13e-04 (spread 1.6e-03, jitter 1.6e-02)  lead +0.18  sync 0.23
  t  23000  sources -8.24e-04 (spread 1.4e-03)  receivers +1.11e-04 (spread 3.4e-04)  wave at receivers -5.77e-04 (spread 1.8e-03, jitter 5.7e-03)  lead -0.04  sync 0.09
  t  24000  sources -4.78e-04 (spread 1.6e-03)  receivers +3.11e-04 (spread 7.0e-04)  wave at receivers -1.35e-03 (spread 1.5e-03, jitter 1.9e-03)  lead -0.06  sync 0.15
