  t   1000  sources -1.69e-04 (spread 1.2e-03)  receivers +3.49e-05  wave at receivers -1.27e-03 (spread 2.8e-03)  lead -0.35  sync 0.12
  t   2000  sources -1.53e-04 (spread 9.6e-04)  receivers -1.34e-04  wave at receivers +1.96e-04 (spread 7.6e-04)  lead -0.15  sync 0.14
  t   3000  sources +3.18e-05 (spread 5.5e-04)  receivers -1.55e-04  wave at receivers -1.13e-03 (spread 1.5e-03)  lead -0.11  sync 0.12
  t   4000  sources -5.68e-05 (spread 3.9e-04)  receivers -2.67e-04  wave at receivers +1.67e-04 (spread 6.8e-04)  lead +0.23  sync 0.12
  t   5000  sources -6.41e-05 (spread 4.6e-04)  receivers -2.33e-04  wave at receivers -1.46e-04 (spread 1.0e-03)  lead +0.54  sync 0.12
  t   6000  sources -1.78e-04 (spread 4.3e-04)  receivers -1.25e-04  wave at receivers -2.34e-05 (spread 2.4e-04)  lead +0.66  sync 0.10
  t   7000  sources -7.88e-05 (spread 6.2e-04)  receivers +7.75e-06  wave at receivers -1.70e-04 (spread 6.7e-04)  lead +0.76  sync 0.13
  t   8000  sources +1.62e-04 (spread 6.4e-04)  receivers +8.08e-05  wave at receivers +4.08e-04 (spread 6.8e-04)  lead +0.58  sync 0.09
  t   9000  sources +1.59e-04 (spread 5.6e-04)  receivers +1.01e-04  wave at receivers +3.66e-04 (spread 6.8e-04)  lead +0.37  sync 0.07
  t  10000  sources +1.60e-04 (spread 4.9e-04)  receivers +9.42e-05  wave at receivers +2.26e-04 (spread 5.6e-04)  lead +0.41  sync 0.03
  t  11000  sources +2.82e-04 (spread 4.5e-04)  receivers -2.07e-05  wave at receivers +4.51e-04 (spread 7.1e-04)  lead +0.30  sync 0.06
  t  12000  sources +3.55e-04 (spread 4.4e-04)  receivers -6.68e-05  wave at receivers +3.75e-04 (spread 3.0e-04)  lead +0.33  sync 0.04
  t  13000  sources +2.49e-04 (spread 4.5e-04)  receivers -1.08e-04  wave at receivers +1.79e-04 (spread 4.2e-04)  lead +0.57  sync 0.03
  t  14000  sources +3.25e-04 (spread 4.0e-04)  receivers -3.81e-05  wave at receivers +4.03e-04 (spread 3.7e-04)  lead +0.68  sync 0.02
  t  15000  sources +4.75e-04 (spread 3.7e-04)  receivers +2.08e-04  wave at receivers +5.87e-04 (spread 1.5e-04)  lead +0.82  sync 0.13
  t  16000  sources +4.43e-04 (spread 4.3e-04)  receivers +2.65e-04  wave at receivers +1.70e-04 (spread 3.8e-04)  lead +0.89  sync 0.19
  t  17000  sources +3.15e-04 (spread 3.8e-04)  receivers +2.18e-04  wave at receivers +3.94e-04 (spread 5.3e-04)  lead +0.86  sync 0.19
  t  18000  sources +1.52e-04 (spread 3.5e-04)  receivers +2.74e-04  wave at receivers +3.05e-04 (spread 3.2e-04)  lead +0.74  sync 0.15
  t  19000  sources +1.60e-04 (spread 3.0e-04)  receivers +3.04e-04  wave at receivers +1.79e-04 (spread 2.2e-04)  lead +0.78  sync 0.12
  t  20000  sources +2.02e-04 (spread 3.8e-04)  receivers +2.72e-04  wave at receivers +1.99e-04 (spread 1.8e-04)  lead +0.85  sync 0.07
  t  21000  sources +2.04e-04 (spread 3.9e-04)  receivers +2.16e-04  wave at receivers +2.02e-04 (spread 2.7e-04)  lead +0.91  sync 0.03
  t  22000  sources +2.23e-04 (spread 3.1e-04)  receivers +2.07e-04  wave at receivers +2.18e-04 (spread 2.5e-04)  lead +0.91  sync 0.06
  t  23000  sources +1.53e-04 (spread 4.8e-04)  receivers +1.97e-04  wave at receivers +1.59e-04 (spread 2.5e-04)  lead +0.91  sync 0.10
  t  24000  sources +1.87e-04 (spread 4.1e-04)  receivers +2.25e-04  wave at receivers +3.22e-04 (spread 3.7e-04)  lead +0.92  sync 0.11
q 0.0: 454 s
  t   1000  sources -1.69e-04 (spread 1.2e-03)  receivers +3.49e-05 (spread 5.9e-04)  wave at receivers -1.27e-03 (spread 2.8e-03, jitter 4.9e-02)  lead -0.35  sync 0.12
  t   2000  sources -1.53e-04 (spread 9.6e-04)  receivers -1.34e-04 (spread 5.0e-04)  wave at receivers +1.96e-04 (spread 7.6e-04, jitter 8.0e-04)  lead -0.15  sync 0.14
  t   3000  sources +3.18e-05 (spread 5.5e-04)  receivers -1.55e-04 (spread 4.1e-04)  wave at receivers -1.13e-03 (spread 1.5e-03, jitter 6.1e-03)  lead -0.11  sync 0.12
  t   4000  sources -5.68e-05 (spread 3.9e-04)  receivers -2.67e-04 (spread 3.8e-04)  wave at receivers +1.67e-04 (spread 6.8e-04, jitter 3.7e-04)  lead +0.23  sync 0.12
  t   5000  sources -6.41e-05 (spread 4.6e-04)  receivers -2.33e-04 (spread 3.8e-04)  wave at receivers -1.46e-04 (spread 1.0e-03, jitter 1.1e-03)  lead +0.54  sync 0.12
  t   6000  sources -1.78e-04 (spread 4.3e-04)  receivers -1.25e-04 (spread 3.3e-04)  wave at receivers -2.34e-05 (spread 2.4e-04, jitter 8.1e-05)  lead +0.66  sync 0.10
  t   7000  sources -7.88e-05 (spread 6.2e-04)  receivers +7.75e-06 (spread 2.8e-04)  wave at receivers -1.70e-04 (spread 6.7e-04, jitter 7.0e-04)  lead +0.76  sync 0.13
  t   8000  sources +1.62e-04 (spread 6.4e-04)  receivers +8.08e-05 (spread 2.8e-04)  wave at receivers +4.08e-04 (spread 6.8e-04, jitter 5.0e-04)  lead +0.58  sync 0.09
  t   9000  sources +1.59e-04 (spread 5.6e-04)  receivers +1.01e-04 (spread 5.3e-04)  wave at receivers +3.66e-04 (spread 6.8e-04, jitter 5.1e-04)  lead +0.37  sync 0.07
  t  10000  sources +1.60e-04 (spread 4.9e-04)  receivers +9.42e-05 (spread 5.2e-04)  wave at receivers +2.26e-04 (spread 5.6e-04, jitter 4.7e-04)  lead +0.41  sync 0.03
  t  11000  sources +2.82e-04 (spread 4.5e-04)  receivers -2.07e-05 (spread 3.0e-04)  wave at receivers +4.51e-04 (spread 7.1e-04, jitter 5.5e-04)  lead +0.30  sync 0.06
  t  12000  sources +3.55e-04 (spread 4.4e-04)  receivers -6.68e-05 (spread 3.3e-04)  wave at receivers +3.75e-04 (spread 3.0e-04, jitter 4.2e-04)  lead +0.33  sync 0.04
  t  13000  sources +2.49e-04 (spread 4.5e-04)  receivers -1.08e-04 (spread 4.1e-04)  wave at receivers +1.79e-04 (spread 4.2e-04, jitter 2.6e-04)  lead +0.57  sync 0.03
  t  14000  sources +3.25e-04 (spread 4.0e-04)  receivers -3.81e-05 (spread 3.8e-04)  wave at receivers +4.03e-04 (spread 3.7e-04, jitter 2.7e-04)  lead +0.68  sync 0.02
  t  15000  sources +4.75e-04 (spread 3.7e-04)  receivers +2.08e-04 (spread 3.1e-04)  wave at receivers +5.87e-04 (spread 1.5e-04, jitter 1.7e-04)  lead +0.82  sync 0.13
  t  16000  sources +4.43e-04 (spread 4.3e-04)  receivers +2.65e-04 (spread 2.8e-04)  wave at receivers +1.70e-04 (spread 3.8e-04, jitter 3.0e-04)  lead +0.89  sync 0.19
  t  17000  sources +3.15e-04 (spread 3.8e-04)  receivers +2.18e-04 (spread 1.8e-04)  wave at receivers +3.94e-04 (spread 5.3e-04, jitter 1.2e-04)  lead +0.86  sync 0.19
  t  18000  sources +1.52e-04 (spread 3.5e-04)  receivers +2.74e-04 (spread 2.6e-04)  wave at receivers +3.05e-04 (spread 3.2e-04, jitter 1.4e-04)  lead +0.74  sync 0.15
  t  19000  sources +1.60e-04 (spread 3.0e-04)  receivers +3.04e-04 (spread 2.7e-04)  wave at receivers +1.79e-04 (spread 2.2e-04, jitter 4.3e-05)  lead +0.78  sync 0.12
  t  20000  sources +2.02e-04 (spread 3.8e-04)  receivers +2.72e-04 (spread 2.6e-04)  wave at receivers +1.99e-04 (spread 1.8e-04, jitter 1.0e-04)  lead +0.85  sync 0.07
  t  21000  sources +2.04e-04 (spread 3.9e-04)  receivers +2.16e-04 (spread 1.9e-04)  wave at receivers +2.02e-04 (spread 2.7e-04, jitter 9.8e-05)  lead +0.91  sync 0.03
  t  22000  sources +2.23e-04 (spread 3.1e-04)  receivers +2.07e-04 (spread 1.4e-04)  wave at receivers +2.18e-04 (spread 2.5e-04, jitter 7.4e-05)  lead +0.91  sync 0.06
  t  23000  sources +1.53e-04 (spread 4.8e-04)  receivers +1.97e-04 (spread 1.6e-04)  wave at receivers +1.59e-04 (spread 2.5e-04, jitter 2.0e-04)  lead +0.91  sync 0.10
  t  24000  sources +1.87e-04 (spread 4.1e-04)  receivers +2.25e-04 (spread 1.4e-04)  wave at receivers +3.22e-04 (spread 3.7e-04, jitter 1.8e-04)  lead +0.92  sync 0.11
