/home/user/photon-graviton/research_work/results/hot-companion/code/mw_model.py:45: RuntimeWarning: overflow encountered in cosh
  return 1.0 / np.cosh(z / (2 * self.zd)) ** 2 / (4 * self.zd)
/home/user/photon-graviton/research_work/results/hot-companion/code/mw_model.py:45: RuntimeWarning: overflow encountered in square
  return 1.0 / np.cosh(z / (2 * self.zd)) ** 2 / (4 * self.zd)
/home/user/photon-graviton/research_work/results/hot-companion/code/mw_model.py:45: RuntimeWarning: overflow encountered in cosh
  return 1.0 / np.cosh(z / (2 * self.zd)) ** 2 / (4 * self.zd)
/home/user/photon-graviton/research_work/results/hot-companion/code/mw_model.py:45: RuntimeWarning: overflow encountered in square
  return 1.0 / np.cosh(z / (2 * self.zd)) ** 2 / (4 * self.zd)
[  120 s] Feng2026   ours   L_thin 2.1 L_thick 2.0: chi2   41.86 (curve  35.09 on 12, scale 0.946; K_z 77.4) Sigma* 31.1, thick 0.13, gas x1.22, bulge x1.97; priors Sigma_star 0.6, thick_share 0.1, Sigma_gas 0.4, M_bulge 2.5, L_thin 1.0, L_thick 0.0, Kz11 2.2
[  142 s] Eilers2019 ours   L_thin 2.1 L_thick 2.0: chi2   33.15 (curve  30.61 on 38, scale 0.969; K_z 75.3) Sigma* 34.3, thick 0.13, gas x1.04, bulge x1.37; priors Sigma_star 0.1, thick_share 0.0, Sigma_gas 0.3, M_bulge 0.0, L_thin 1.0, L_thick 0.0, Kz11 1.1
[  253 s] Feng2026   ours   L_thin 2.1 L_thick 3.0: chi2   42.57 (curve  32.44 on 12, scale 0.943; K_z 77.9) Sigma* 32.3, thick 0.14, gas x1.20, bulge x2.06; priors Sigma_star 0.1, thick_share 0.3, Sigma_gas 0.3, M_bulge 3.2, L_thin 1.0, L_thick 2.8, Kz11 2.5
[  260 s] Zhou2023   ours   L_thin 2.1 L_thick 2.0: chi2   33.41 (curve  29.94 on 34, scale 0.950; K_z 76.6) Sigma* 35.3, thick 0.13, gas x1.06, bulge x1.20; priors Sigma_star 0.4, thick_share 0.0, Sigma_gas 0.2, M_bulge 0.1, L_thin 1.0, L_thick 0.0, Kz11 1.7
[  395 s] Eilers2019 ours   L_thin 2.1 L_thick 3.0: chi2   36.62 (curve  30.05 on 38, scale 0.969; K_z 75.9) Sigma* 35.5, thick 0.11, gas x0.99, bulge x1.47; priors Sigma_star 0.5, thick_share 0.0, Sigma_gas 0.8, M_bulge 0.1, L_thin 1.0, L_thick 2.8, Kz11 1.4
[  407 s] Zhou2023   ours   L_thin 2.1 L_thick 3.0: chi2   36.60 (curve  28.86 on 34, scale 0.951; K_z 77.1) Sigma* 36.7, thick 0.12, gas x1.00, bulge x1.32; priors Sigma_star 1.2, thick_share 0.0, Sigma_gas 0.7, M_bulge 0.0, L_thin 1.0, L_thick 2.8, Kz11 2.0
[  508 s] Feng2026   ours   L_thin 2.6 L_thick 2.0: chi2   38.13 (curve  27.59 on 12, scale 0.935; K_z 78.1) Sigma* 35.4, thick 0.14, gas x1.14, bulge x2.41; priors Sigma_star 0.5, thick_share 0.2, Sigma_gas 0.0, M_bulge 7.2, L_thin 0.0, L_thick 0.0, Kz11 2.6
[  563 s] Eilers2019 ours   L_thin 2.6 L_thick 2.0: chi2   55.92 (curve  39.84 on 38, scale 0.975; K_z 74.2) Sigma* 38.9, thick 0.17, gas x0.78, bulge x2.17; priors Sigma_star 3.3, thick_share 1.3, Sigma_gas 6.5, M_bulge 4.3, L_thin 0.0, L_thick 0.0, Kz11 0.7
[  671 s] Zhou2023   ours   L_thin 2.6 L_thick 2.0: chi2   54.75 (curve  35.41 on 34, scale 0.960; K_z 75.6) Sigma* 40.7, thick 0.17, gas x0.75, bulge x2.04; priors Sigma_star 6.0, thick_share 1.6, Sigma_gas 7.4, M_bulge 3.1, L_thin 0.0, L_thick 0.0, Kz11 1.3
[  720 s] Feng2026   ours   L_thin 2.6 L_thick 3.0: chi2   44.32 (curve  28.43 on 12, scale 0.931; K_z 78.1) Sigma* 35.9, thick 0.12, gas x1.12, bulge x2.59; priors Sigma_star 0.7, thick_share 0.0, Sigma_gas 0.0, M_bulge 9.8, L_thin 0.0, L_thick 2.8, Kz11 2.6
[  858 s] Eilers2019 ours   L_thin 2.6 L_thick 3.0: chi2   72.81 (curve  48.23 on 38, scale 0.972; K_z 74.0) Sigma* 38.6, thick 0.08, gas x0.72, bulge x2.46; priors Sigma_star 3.0, thick_share 1.1, Sigma_gas 9.1, M_bulge 7.9, L_thin 0.0, L_thick 2.8, Kz11 0.6
[  907 s] Zhou2023   ours   L_thin 2.6 L_thick 3.0: chi2   73.53 (curve  44.95 on 34, scale 0.958; K_z 75.5) Sigma* 40.5, thick 0.07, gas x0.68, bulge x2.36; priors Sigma_star 5.6, thick_share 1.5, Sigma_gas 10.9, M_bulge 6.6, L_thin 0.0, L_thick 2.8, Kz11 1.2
[  976 s] Feng2026   ours   L_thin 3.1 L_thick 2.0: chi2   46.20 (curve  28.75 on 12, scale 0.930; K_z 77.2) Sigma* 36.4, thick 0.16, gas x1.10, bulge x2.73; priors Sigma_star 1.0, thick_share 1.1, Sigma_gas 0.1, M_bulge 12.2, L_thin 1.0, L_thick 0.0, Kz11 2.1
[ 1120 s] Eilers2019 ours   L_thin 3.1 L_thick 2.0: chi2   96.40 (curve  62.03 on 38, scale 0.977; K_z 71.0) Sigma* 38.5, thick 0.23, gas x0.66, bulge x2.64; priors Sigma_star 2.9, thick_share 8.0, Sigma_gas 11.8, M_bulge 10.7, L_thin 1.0, L_thick 0.0, Kz11 0.0
[ 1199 s] Zhou2023   ours   L_thin 3.1 L_thick 2.0: chi2  100.64 (curve  60.12 on 34, scale 0.964; K_z 72.2) Sigma* 40.6, thick 0.25, gas x0.62, bulge x2.53; priors Sigma_star 5.7, thick_share 10.5, Sigma_gas 14.3, M_bulge 8.9, L_thin 1.0, L_thick 0.0, Kz11 0.2
[ 1248 s] Feng2026   ours   L_thin 3.1 L_thick 3.0: chi2   57.14 (curve  33.24 on 12, scale 0.924; K_z 76.7) Sigma* 36.2, thick 0.12, gas x1.08, bulge x2.99; priors Sigma_star 0.9, thick_share 0.0, Sigma_gas 0.2, M_bulge 17.3, L_thin 1.0, L_thick 2.8, Kz11 1.8
[ 1426 s] Eilers2019 ours   L_thin 3.1 L_thick 3.0: chi2  129.18 (curve  86.02 on 38, scale 0.969; K_z 68.4) Sigma* 35.8, thick 0.11, gas x0.58, bulge x3.19; priors Sigma_star 0.7, thick_share 0.1, Sigma_gas 16.7, M_bulge 21.8, L_thin 1.0, L_thick 2.8, Kz11 0.1
[ 1449 s] Zhou2023   ours   L_thin 3.1 L_thick 3.0: chi2  139.95 (curve  90.95 on 34, scale 0.956; K_z 69.2) Sigma* 37.6, thick 0.11, gas x0.50, bulge x3.17; priors Sigma_star 1.9, thick_share 0.1, Sigma_gas 21.8, M_bulge 21.3, L_thin 1.0, L_thick 2.8, Kz11 0.0
best ours: chi2 38.13 (curve 27.59 on 12), shapes {'L_thin': 2.6, 'L_thick': 2.0}, params {'Sigma_star': 35.41649885485101, 'thick_share': 0.13914610651269446, 'gas_factor': 1.1373964205213927, 'bulge_factor': 2.4124831309062227}, K_z 78.1, sun {'g_N_SI': 1.365282225613161e-10, 'S_SI': 6.757839503177869e-11, 'g_hot_SI': 6.575825214480219e-11}
  L = 0.00 pc: Q2 = 1.67e-26 (+8.37 sigma), binaries +14.0% at 7000 AU, +14.3% at 20000 AU
  L = 0.05 pc: Q2 = 6.09e-27 (+2.50 sigma), binaries +6.9% at 7000 AU, +12.2% at 20000 AU
  L = 0.10 pc: Q2 = 3.42e-27 (+1.01 sigma), binaries +4.0% at 7000 AU, +8.9% at 20000 AU
  L = 0.15 pc: Q2 = 2.37e-27 (+0.43 sigma), binaries +2.8% at 7000 AU, +6.8% at 20000 AU
  L = 0.19 pc: Q2 = 1.90e-27 (+0.17 sigma), binaries +2.3% at 7000 AU, +5.7% at 20000 AU
  L = 0.25 pc: Q2 = 1.47e-27 (-0.07 sigma), binaries +1.8% at 7000 AU, +4.6% at 20000 AU
  L = 0.30 pc: Q2 = 1.23e-27 (-0.20 sigma), binaries +1.5% at 7000 AU, +3.9% at 20000 AU
  L = 0.40 pc: Q2 = 9.36e-28 (-0.37 sigma), binaries +1.1% at 7000 AU, +3.1% at 20000 AU
  L = 0.50 pc: Q2 = 7.53e-28 (-0.47 sigma), binaries +0.9% at 7000 AU, +2.5% at 20000 AU
  L = 0.75 pc: Q2 = 5.06e-28 (-0.61 sigma), binaries +0.6% at 7000 AU, +1.7% at 20000 AU
  L = 1.00 pc: Q2 = 3.81e-28 (-0.68 sigma), binaries +0.5% at 7000 AU, +1.3% at 20000 AU
  L = 1.50 pc: Q2 = 2.55e-28 (-0.75 sigma), binaries +0.3% at 7000 AU, +0.9% at 20000 AU
  L = 2.00 pc: Q2 = 1.92e-28 (-0.78 sigma), binaries +0.2% at 7000 AU, +0.7% at 20000 AU
